Archive member included to satisfy reference by file (symbol)

C:/Users/Asus/Desktop/New folder (2)/STM32CubeIDE_1.16.0/STM32CubeIDE/plugins/com.st.stm32cube.ide.mcu.externaltools.gnu-tools-for-stm32.12.3.rel1.win32_1.0.200.202406191623/tools/bin/../lib/gcc/arm-none-eabi/12.3.1/../../../../arm-none-eabi/lib/thumb/v7e-m+fp/hard\libc_nano.a(libc_a-exit.o)
                              C:/Users/Asus/Desktop/New folder (2)/STM32CubeIDE_1.16.0/STM32CubeIDE/plugins/com.st.stm32cube.ide.mcu.externaltools.gnu-tools-for-stm32.12.3.rel1.win32_1.0.200.202406191623/tools/bin/../lib/gcc/arm-none-eabi/12.3.1/../../../../arm-none-eabi/lib/thumb/v7e-m+fp/hard/crt0.o (exit)
C:/Users/Asus/Desktop/New folder (2)/STM32CubeIDE_1.16.0/STM32CubeIDE/plugins/com.st.stm32cube.ide.mcu.externaltools.gnu-tools-for-stm32.12.3.rel1.win32_1.0.200.202406191623/tools/bin/../lib/gcc/arm-none-eabi/12.3.1/../../../../arm-none-eabi/lib/thumb/v7e-m+fp/hard\libc_nano.a(libc_a-findfp.o)
                              C:/Users/Asus/Desktop/New folder (2)/STM32CubeIDE_1.16.0/STM32CubeIDE/plugins/com.st.stm32cube.ide.mcu.externaltools.gnu-tools-for-stm32.12.3.rel1.win32_1.0.200.202406191623/tools/bin/../lib/gcc/arm-none-eabi/12.3.1/../../../../arm-none-eabi/lib/thumb/v7e-m+fp/hard\libc_nano.a(libc_a-exit.o) (__stdio_exit_handler)
C:/Users/Asus/Desktop/New folder (2)/STM32CubeIDE_1.16.0/STM32CubeIDE/plugins/com.st.stm32cube.ide.mcu.externaltools.gnu-tools-for-stm32.12.3.rel1.win32_1.0.200.202406191623/tools/bin/../lib/gcc/arm-none-eabi/12.3.1/../../../../arm-none-eabi/lib/thumb/v7e-m+fp/hard\libc_nano.a(libc_a-fwalk.o)
                              C:/Users/Asus/Desktop/New folder (2)/STM32CubeIDE_1.16.0/STM32CubeIDE/plugins/com.st.stm32cube.ide.mcu.externaltools.gnu-tools-for-stm32.12.3.rel1.win32_1.0.200.202406191623/tools/bin/../lib/gcc/arm-none-eabi/12.3.1/../../../../arm-none-eabi/lib/thumb/v7e-m+fp/hard\libc_nano.a(libc_a-findfp.o) (_fwalk_sglue)
C:/Users/Asus/Desktop/New folder (2)/STM32CubeIDE_1.16.0/STM32CubeIDE/plugins/com.st.stm32cube.ide.mcu.externaltools.gnu-tools-for-stm32.12.3.rel1.win32_1.0.200.202406191623/tools/bin/../lib/gcc/arm-none-eabi/12.3.1/../../../../arm-none-eabi/lib/thumb/v7e-m+fp/hard\libc_nano.a(libc_a-printf.o)
                              ./Core/Src/main.o (printf)
C:/Users/Asus/Desktop/New folder (2)/STM32CubeIDE_1.16.0/STM32CubeIDE/plugins/com.st.stm32cube.ide.mcu.externaltools.gnu-tools-for-stm32.12.3.rel1.win32_1.0.200.202406191623/tools/bin/../lib/gcc/arm-none-eabi/12.3.1/../../../../arm-none-eabi/lib/thumb/v7e-m+fp/hard\libc_nano.a(libc_a-puts.o)
                              ./Core/Src/main.o (puts)
C:/Users/Asus/Desktop/New folder (2)/STM32CubeIDE_1.16.0/STM32CubeIDE/plugins/com.st.stm32cube.ide.mcu.externaltools.gnu-tools-for-stm32.12.3.rel1.win32_1.0.200.202406191623/tools/bin/../lib/gcc/arm-none-eabi/12.3.1/../../../../arm-none-eabi/lib/thumb/v7e-m+fp/hard\libc_nano.a(libc_a-stdio.o)
                              C:/Users/Asus/Desktop/New folder (2)/STM32CubeIDE_1.16.0/STM32CubeIDE/plugins/com.st.stm32cube.ide.mcu.externaltools.gnu-tools-for-stm32.12.3.rel1.win32_1.0.200.202406191623/tools/bin/../lib/gcc/arm-none-eabi/12.3.1/../../../../arm-none-eabi/lib/thumb/v7e-m+fp/hard\libc_nano.a(libc_a-findfp.o) (__sread)
C:/Users/Asus/Desktop/New folder (2)/STM32CubeIDE_1.16.0/STM32CubeIDE/plugins/com.st.stm32cube.ide.mcu.externaltools.gnu-tools-for-stm32.12.3.rel1.win32_1.0.200.202406191623/tools/bin/../lib/gcc/arm-none-eabi/12.3.1/../../../../arm-none-eabi/lib/thumb/v7e-m+fp/hard\libc_nano.a(libc_a-wbuf.o)
                              C:/Users/Asus/Desktop/New folder (2)/STM32CubeIDE_1.16.0/STM32CubeIDE/plugins/com.st.stm32cube.ide.mcu.externaltools.gnu-tools-for-stm32.12.3.rel1.win32_1.0.200.202406191623/tools/bin/../lib/gcc/arm-none-eabi/12.3.1/../../../../arm-none-eabi/lib/thumb/v7e-m+fp/hard\libc_nano.a(libc_a-puts.o) (__swbuf_r)
C:/Users/Asus/Desktop/New folder (2)/STM32CubeIDE_1.16.0/STM32CubeIDE/plugins/com.st.stm32cube.ide.mcu.externaltools.gnu-tools-for-stm32.12.3.rel1.win32_1.0.200.202406191623/tools/bin/../lib/gcc/arm-none-eabi/12.3.1/../../../../arm-none-eabi/lib/thumb/v7e-m+fp/hard\libc_nano.a(libc_a-wsetup.o)
                              C:/Users/Asus/Desktop/New folder (2)/STM32CubeIDE_1.16.0/STM32CubeIDE/plugins/com.st.stm32cube.ide.mcu.externaltools.gnu-tools-for-stm32.12.3.rel1.win32_1.0.200.202406191623/tools/bin/../lib/gcc/arm-none-eabi/12.3.1/../../../../arm-none-eabi/lib/thumb/v7e-m+fp/hard\libc_nano.a(libc_a-puts.o) (__swsetup_r)
C:/Users/Asus/Desktop/New folder (2)/STM32CubeIDE_1.16.0/STM32CubeIDE/plugins/com.st.stm32cube.ide.mcu.externaltools.gnu-tools-for-stm32.12.3.rel1.win32_1.0.200.202406191623/tools/bin/../lib/gcc/arm-none-eabi/12.3.1/../../../../arm-none-eabi/lib/thumb/v7e-m+fp/hard\libc_nano.a(libc_a-memcmp.o)
                              ./Core/Src/main.o (memcmp)
[...]
Memory Configuration

Name             Origin             Length             Attributes
RAM              0x20000000         0x00010000         xrw
FLASH            0x08000000         0x00040000         xr
*default*        0x00000000         0xffffffff

Linker script and memory map

LOAD C:/Users/Asus/Desktop/New folder (2)/STM32CubeIDE_1.16.0/STM32CubeIDE/plugins/com.st.stm32cube.ide.mcu.externaltools.gnu-tools-for-stm32.12.3.rel1.win32_1.0.200.202406191623/tools/bin/../lib/gcc/arm-none-eabi/12.3.1/thumb/v7e-m+fp/hard/crti.o
LOAD C:/Users/Asus/Desktop/New folder (2)/STM32CubeIDE_1.16.0/STM32CubeIDE/plugins/com.st.stm32cube.ide.mcu.externaltools.gnu-tools-for-stm32.12.3.rel1.win32_1.0.200.202406191623/tools/bin/../lib/gcc/arm-none-eabi/12.3.1/thumb/v7e-m+fp/hard/crtbegin.o
LOAD C:/Users/Asus/Desktop/New folder (2)/STM32CubeIDE_1.16.0/STM32CubeIDE/plugins/com.st.stm32cube.ide.mcu.externaltools.gnu-tools-for-stm32.12.3.rel1.win32_1.0.200.202406191623/tools/bin/../lib/gcc/arm-none-eabi/12.3.1/../../../../arm-none-eabi/lib/thumb/v7e-m+fp/hard/crt0.o
LOAD ./Core/Src/BMP/BMP_280.o
LOAD ./Core/Src/BMP/app_bmp_280.o
LOAD ./Core/Src/Black_box/W25Q128.o
LOAD ./Core/Src/Black_box/app_balckbox.o
LOAD ./Core/Src/ESC/esc.o
LOAD ./Core/Src/GPS/app_gps.o
LOAD ./Core/Src/GPS/gps.o
LOAD ./Core/Src/MPU9250/app_mpu.o
LOAD ./Core/Src/VL53L1X/VL53L1X.o
LOAD ./Core/Src/VL53L1X/VL53L1X_api.o
LOAD ./Core/Src/VL53L1X/VL53L1X_calibration.o
LOAD ./Core/Src/VL53L1X/vl53l1_platform.o
LOAD ./Core/Src/main.o
LOAD ./Core/Src/stm32f4xx_hal_msp.o
LOAD ./Core/Src/stm32f4xx_it.o
LOAD ./Core/Src/syscalls.o
LOAD ./Core/Src/sysmem.o
LOAD ./Core/Src/system_stm32f4xx.o
LOAD ./Core/Src/receive/mc7re.o
LOAD ./Core/Startup/startup_stm32f401ccux.o
LOAD ./Drivers/STM32F4xx_HAL_Driver/Src/stm32f4xx_hal.o
LOAD ./Drivers/STM32F4xx_HAL_Driver/Src/stm32f4xx_hal_cortex.o
LOAD ./Drivers/STM32F4xx_HAL_Driver/Src/stm32f4xx_hal_dma.o
LOAD ./Drivers/STM32F4xx_HAL_Driver/Src/stm32f4xx_hal_dma_ex.o
LOAD ./Drivers/STM32F4xx_HAL_Driver/Src/stm32f4xx_hal_exti.o
LOAD ./Drivers/STM32F4xx_HAL_Driver/Src/stm32f4xx_hal_flash.o
LOAD ./Drivers/STM32F4xx_HAL_Driver/Src/stm32f4xx_hal_flash_ex.o
LOAD ./Drivers/STM32F4xx_HAL_Driver/Src/stm32f4xx_hal_flash_ramfunc.o
LOAD ./Drivers/STM32F4xx_HAL_Driver/Src/stm32f4xx_hal_gpio.o
LOAD ./Drivers/STM32F4xx_HAL_Driver/Src/stm32f4xx_hal_i2c.o
LOAD ./Drivers/STM32F4xx_HAL_Driver/Src/stm32f4xx_hal_i2c_ex.o
LOAD ./Drivers/STM32F4xx_HAL_Driver/Src/stm32f4xx_hal_pwr.o
LOAD ./Drivers/STM32F4xx_HAL_Driver/Src/stm32f4xx_hal_pwr_ex.o
LOAD ./Drivers/STM32F4xx_HAL_Driver/Src/stm32f4xx_hal_rcc.o
LOAD ./Drivers/STM32F4xx_HAL_Driver/Src/stm32f4xx_hal_rcc_ex.o
LOAD ./Drivers/STM32F4xx_HAL_Driver/Src/stm32f4xx_hal_spi.o
LOAD ./Drivers/STM32F4xx_HAL_Driver/Src/stm32f4xx_hal_tim.o
LOAD ./Drivers/STM32F4xx_HAL_Driver/Src/stm32f4xx_hal_tim_ex.o
LOAD ./Drivers/STM32F4xx_HAL_Driver/Src/stm32f4xx_hal_uart.o
START GROUP
LOAD C:/Users/Asus/Desktop/New folder (2)/STM32CubeIDE_1.16.0/STM32CubeIDE/plugins/com.st.stm32cube.ide.mcu.externaltools.gnu-tools-for-stm32.12.3.rel1.win32_1.0.200.202406191623/tools/bin/../lib/gcc/arm-none-eabi/12.3.1/../../../../arm-none-eabi/lib/thumb/v7e-m+fp/hard\libc_nano.a
LOAD C:/Users/Asus/Desktop/New folder (2)/STM32CubeIDE_1.16.0/STM32CubeIDE/plugins/com.st.stm32cube.ide.mcu.externaltools.gnu-tools-for-stm32.12.3.rel1.win32_1.0.200.202406191623/tools/bin/../lib/gcc/arm-none-eabi/12.3.1/../../../../arm-none-eabi/lib/thumb/v7e-m+fp/hard\libm.a
END GROUP
START GROUP
LOAD C:/Users/Asus/Desktop/New folder (2)/STM32CubeIDE_1.16.0/STM32CubeIDE/plugins/com.st.stm32cube.ide.mcu.externaltools.gnu-tools-for-stm32.12.3.rel1.win32_1.0.200.202406191623/tools/bin/../lib/gcc/arm-none-eabi/12.3.1/thumb/v7e-m+fp/hard\libgcc.a
LOAD C:/Users/Asus/Desktop/New folder (2)/STM32CubeIDE_1.16.0/STM32CubeIDE/plugins/com.st.stm32cube.ide.mcu.externaltools.gnu-tools-for-stm32.12.3.rel1.win32_1.0.200.202406191623/tools/bin/../lib/gcc/arm-none-eabi/12.3.1/../../../../arm-none-eabi/lib/thumb/v7e-m+fp/hard\libc_nano.a
END GROUP
START GROUP
LOAD C:/Users/Asus/Desktop/New folder (2)/STM32CubeIDE_1.16.0/STM32CubeIDE/plugins/com.st.stm32cube.ide.mcu.externaltools.gnu-tools-for-stm32.12.3.rel1.win32_1.0.200.202406191623/tools/bin/../lib/gcc/arm-none-eabi/12.3.1/thumb/v7e-m+fp/hard\libgcc.a
LOAD C:/Users/Asus/Desktop/New folder (2)/STM32CubeIDE_1.16.0/STM32CubeIDE/plugins/com.st.stm32cube.ide.mcu.externaltools.gnu-tools-for-stm32.12.3.rel1.win32_1.0.200.202406191623/tools/bin/../lib/gcc/arm-none-eabi/12.3.1/../../../../arm-none-eabi/lib/thumb/v7e-m+fp/hard\libc_nano.a
LOAD C:/Users/Asus/Desktop/New folder (2)/STM32CubeIDE_1.16.0/STM32CubeIDE/plugins/com.st.stm32cube.ide.mcu.externaltools.gnu-tools-for-stm32.12.3.rel1.win32_1.0.200.202406191623/tools/bin/../lib/gcc/arm-none-eabi/12.3.1/../../../../arm-none-eabi/lib/thumb/v7e-m+fp/hard\libnosys.a
END GROUP
START GROUP
LOAD C:/Users/Asus/Desktop/New folder (2)/STM32CubeIDE_1.16.0/STM32CubeIDE/plugins/com.st.stm32cube.ide.mcu.externaltools.gnu-tools-for-stm32.12.3.rel1.win32_1.0.200.202406191623/tools/bin/../lib/gcc/arm-none-eabi/12.3.1/thumb/v7e-m+fp/hard\libgcc.a
LOAD C:/Users/Asus/Desktop/New folder (2)/STM32CubeIDE_1.16.0/STM32CubeIDE/plugins/com.st.stm32cube.ide.mcu.externaltools.gnu-tools-for-stm32.12.3.rel1.win32_1.0.200.202406191623/tools/bin/../lib/gcc/arm-none-eabi/12.3.1/../../../../arm-none-eabi/lib/thumb/v7e-m+fp/hard\libc_nano.a
LOAD C:/Users/Asus/Desktop/New folder (2)/STM32CubeIDE_1.16.0/STM32CubeIDE/plugins/com.st.stm32cube.ide.mcu.externaltools.gnu-tools-for-stm32.12.3.rel1.win32_1.0.200.202406191623/tools/bin/../lib/gcc/arm-none-eabi/12.3.1/../../../../arm-none-eabi/lib/thumb/v7e-m+fp/hard\libnosys.a
END GROUP
LOAD C:/Users/Asus/Desktop/New folder (2)/STM32CubeIDE_1.16.0/STM32CubeIDE/plugins/com.st.stm32cube.ide.mcu.externaltools.gnu-tools-for-stm32.12.3.rel1.win32_1.0.200.202406191623/tools/bin/../lib/gcc/arm-none-eabi/12.3.1/thumb/v7e-m+fp/hard/crtend.o
LOAD C:/Users/Asus/Desktop/New folder (2)/STM32CubeIDE_1.16.0/STM32CubeIDE/plugins/com.st.stm32cube.ide.mcu.externaltools.gnu-tools-for-stm32.12.3.rel1.win32_1.0.200.202406191623/tools/bin/../lib/gcc/arm-none-eabi/12.3.1/thumb/v7e-m+fp/hard/crtn.o
                0x20010000                        _estack = (ORIGIN (RAM) + LENGTH (RAM))
                0x00000200                        _Min_Heap_Size = 0x200
                0x00000400                        _Min_Stack_Size = 0x400

.isr_vector     0x08000000      0x194
                0x08000000                        . = ALIGN (0x4)
 *(.isr_vector)
 .isr_vector    0x08000000      0x194 ./Core/Startup/startup_stm32f401ccux.o
                0x08000000                g_pfnVectors
                0x08000194                        . = ALIGN (0x4)

.text           0x080001a0     0xb888
                0x080001a0                        . = ALIGN (0x4)
 *(.text)
 .text          0x080001a0       0x40 C:/Users/Asus/Desktop/New folder (2)/STM32CubeIDE_1.16.0/STM32CubeIDE/plugins/com.st.stm32cube.ide.mcu.externaltools.gnu-tools-for-stm32.12.3.rel1.win32_1.0.200.202406191623/tools/bin/../lib/gcc/arm-none-eabi/12.3.1/thumb/v7e-m+fp/hard/crtbegin.o
 .text          0x080001e0       0xa0 C:/Users/Asus/Desktop/New folder (2)/STM32CubeIDE_1.16.0/STM32CubeIDE/plugins/com.st.stm32cube.ide.mcu.externaltools.gnu-tools-for-stm32.12.3.rel1.win32_1.0.200.202406191623/tools/bin/../lib/gcc/arm-none-eabi/12.3.1/../../../../arm-none-eabi/lib/thumb/v7e-m+fp/hard\libc_nano.a(libc_a-memchr.o)
                0x080001e0                memchr
 .text          0x08000280       0xa0 C:/Users/Asus/Desktop/New folder (2)/STM32CubeIDE_1.16.0/STM32CubeIDE/plugins/com.st.stm32cube.ide.mcu.externaltools.gnu-tools-for-stm32.12.3.rel1.win32_1.0.200.202406191623/tools/bin/../lib/gcc/arm-none-eabi/12.3.1/thumb/v7e-m+fp/hard\libgcc.a(_aeabi_ldivmod.o)
                0x08000280                __aeabi_ldivmod
 .text          0x08000320       0x30 C:/Users/Asus/Desktop/New folder (2)/STM32CubeIDE_1.16.0/STM32CubeIDE/plugins/com.st.stm32cube.ide.mcu.externaltools.gnu-tools-for-stm32.12.3.rel1.win32_1.0.200.202406191623/tools/bin/../lib/gcc/arm-none-eabi/12.3.1/thumb/v7e-m+fp/hard\libgcc.a(_aeabi_uldivmod.o)
                0x08000320                __aeabi_uldivmod
 .text          0x08000350      0x2bc C:/Users/Asus/Desktop/New folder (2)/STM32CubeIDE_1.16.0/STM32CubeIDE/plugins/com.st.stm32cube.ide.mcu.externaltools.gnu-tools-for-stm32.12.3.rel1.win32_1.0.200.202406191623/tools/bin/../lib/gcc/arm-none-eabi/12.3.1/thumb/v7e-m+fp/hard\libgcc.a(_udivmoddi4.o)
                0x08000350                __udivmoddi4
 .text          0x0800060c        0x4 C:/Users/Asus/Desktop/New folder (2)/STM32CubeIDE_1.16.0/STM32CubeIDE/plugins/com.st.stm32cube.ide.mcu.externaltools.gnu-tools-for-stm32.12.3.rel1.win32_1.0.200.202406191623/tools/bin/../lib/gcc/arm-none-eabi/12.3.1/thumb/v7e-m+fp/hard\libgcc.a(_dvmd_tls.o)
                0x0800060c                __aeabi_idiv0
                0x0800060c                __aeabi_ldiv0
 *(.text*)
 .text.BMP280_Select
                0x08000610       0x30 ./Core/Src/BMP/BMP_280.o
 .text.BMP280_Deselect
                0x08000640       0x20 ./Core/Src/BMP/BMP_280.o
 .text.BMP280_ReadRegs
                0x08000660       0x74 ./Core/Src/BMP/BMP_280.o
 .text.BMP280_WriteReg
                0x080006d4       0x54 ./Core/Src/BMP/BMP_280.o
 .text.BMP280_U16_LE
                0x08000728       0x2c ./Core/Src/BMP/BMP_280.o
 .text.BMP280_S16_LE
                0x08000754       0x2c ./Core/Src/BMP/BMP_280.o
 .text.BMP280_ReadCalib
                0x08000780      0x12a ./Core/Src/BMP/BMP_280.o
 .text.BMP280_CompensateTemp
                0x080008aa       0x74 ./Core/Src/BMP/BMP_280.o
 .text.BMP280_CompensatePress
                0x0800091e      0x596 ./Core/Src/BMP/BMP_280.o
 .text.BMP280_DriverInit
                0x08000eb4       0x6a ./Core/Src/BMP/BMP_280.o
                0x08000eb4                BMP280_DriverInit
 .text.BMP280_ReadChipID
                0x08000f1e       0x48 ./Core/Src/BMP/BMP_280.o
                0x08000f1e                BMP280_ReadChipID
 .text.BMP280_Init
                0x08000f66       0xc0 ./Core/Src/BMP/BMP_280.o
                0x08000f66                BMP280_Init
 .text.BMP280_ReadRaw
                0x08001026       0x96 ./Core/Src/BMP/BMP_280.o
                0x08001026                BMP280_ReadRaw
 .text.BMP280_AppInit
                0x080010bc       0x38 ./Core/Src/BMP/app_bmp_280.o
                0x080010bc                BMP280_AppInit
 .text.BMP280_AppGetValue
                0x080010f4       0x7c ./Core/Src/BMP/app_bmp_280.o
                0x080010f4                BMP280_AppGetValue
 .text.W25_CS_Low
                0x08001170       0x1c ./Core/Src/Black_box/W25Q128.o
 .text.W25_CS_High
                0x0800118c       0x1c ./Core/Src/Black_box/W25Q128.o
 .text.W25_Tx   0x080011a8       0x38 ./Core/Src/Black_box/W25Q128.o
 .text.W25_Rx   0x080011e0       0x38 ./Core/Src/Black_box/W25Q128.o
 .text.W25_TxRx
                0x08001218       0x40 ./Core/Src/Black_box/W25Q128.o
 .text.W25_Init
                0x08001258       0xb4 ./Core/Src/Black_box/W25Q128.o
                0x08001258                W25_Init
 .text.W25_ReadJEDEC_ID
                0x0800130c       0x62 ./Core/Src/Black_box/W25Q128.o
 .text.W25_ReadStatus1
                0x0800136e       0x3c ./Core/Src/Black_box/W25Q128.o
                0x0800136e                W25_ReadStatus1
 .text.W25_WriteEnable
                0x080013aa       0x4c ./Core/Src/Black_box/W25Q128.o
                0x080013aa                W25_WriteEnable
 .text.W25_WaitBusy
                0x080013f6       0x42 ./Core/Src/Black_box/W25Q128.o
                0x080013f6                W25_WaitBusy
 .text.W25_Read
                0x08001438       0x94 ./Core/Src/Black_box/W25Q128.o
                0x08001438                W25_Read
 .text.W25_PageProgram
                0x080014cc       0xd4 ./Core/Src/Black_box/W25Q128.o
                0x080014cc                W25_PageProgram
 .text.W25_Write
                0x080015a0       0xac ./Core/Src/Black_box/W25Q128.o
                0x080015a0                W25_Write
 .text.W25_ReadByte
                0x0800164c       0x1e ./Core/Src/Black_box/W25Q128.o
                0x0800164c                W25_ReadByte
 *fill*         0x0800166a        0x2 
 .text.W25_FindFirstEmpty
                0x0800166c       0x84 ./Core/Src/Black_box/W25Q128.o
                0x0800166c                W25_FindFirstEmpty
 .text.W25_AppendRecord
                0x080016f0       0xa4 ./Core/Src/Black_box/W25Q128.o
                0x080016f0                W25_AppendRecord
 .text.APP_BB_CalcCRC
                0x08001794       0x4c ./Core/Src/Black_box/app_balckbox.o
 .text.APP_BB_Init
                0x080017e0       0xa4 ./Core/Src/Black_box/app_balckbox.o
                0x080017e0                APP_BB_Init
 .text.APP_BB_Log
                0x08001884      0x138 ./Core/Src/Black_box/app_balckbox.o
                0x08001884                APP_BB_Log
 .text.APP_BB_ReadRecord
                0x080019bc      0x20c ./Core/Src/Black_box/app_balckbox.o
                0x080019bc                APP_BB_ReadRecord
 .text.GPS_App_ClearData
                0x08001bc8       0x18 ./Core/Src/GPS/app_gps.o
 .text.GPS_App_CopyField
                0x08001be0       0x5c ./Core/Src/GPS/app_gps.o
 .text.GPS_App_ParseRMC
                0x08001c3c      0x11c ./Core/Src/GPS/app_gps.o
 .text.GPS_App_ProcessLine
                0x08001d58       0x40 ./Core/Src/GPS/app_gps.o
 .text.GPS_App_Init
                0x08001d98       0x2c ./Core/Src/GPS/app_gps.o
                0x08001d98                GPS_App_Init
 .text.GPS_App_Task
                0x08001dc4       0xa4 ./Core/Src/GPS/app_gps.o
                0x08001dc4                GPS_App_Task
 .text.GPS_App_GetLatest
                0x08001e68       0x34 ./Core/Src/GPS/app_gps.o
                0x08001e68                GPS_App_GetLatest
 .text.GPS_PushByte
                0x08001e9c       0x54 ./Core/Src/GPS/gps.o
 .text.GPS_Init
                0x08001ef0       0x30 ./Core/Src/GPS/gps.o
                0x08001ef0                GPS_Init
 .text.GPS_Start
                0x08001f20       0x40 ./Core/Src/GPS/gps.o
                0x08001f20                GPS_Start
 .text.GPS_RxEventCallback
                0x08001f60       0x60 ./Core/Src/GPS/gps.o
                0x08001f60                GPS_RxEventCallback
 .text.GPS_ReadByte
                0x08001fc0       0x60 ./Core/Src/GPS/gps.o
                0x08001fc0                GPS_ReadByte
 .text.MPU_begin
                0x08002020       0x80 ./Core/Src/MPU9250/app_mpu.o
                0x08002020                MPU_begin
 .text.MPU_REG_WRITE
                0x080020a0       0x42 ./Core/Src/MPU9250/app_mpu.o
                0x080020a0                MPU_REG_WRITE
 .text.MPU_REG_READ
                0x080020e2       0x50 ./Core/Src/MPU9250/app_mpu.o
                0x080020e2                MPU_REG_READ
 .text.MPU_CS   0x08002132       0x28 ./Core/Src/MPU9250/app_mpu.o
                0x08002132                MPU_CS
 *fill*         0x0800215a        0x2 
 .text.MPU_writeAccFullScaleRange
                0x0800215c       0xd0 ./Core/Src/MPU9250/app_mpu.o
                0x0800215c                MPU_writeAccFullScaleRange
 .text.MPU_writeGyroFullScaleRange
                0x0800222c       0xd4 ./Core/Src/MPU9250/app_mpu.o
                0x0800222c                MPU_writeGyroFullScaleRange
 .text.MPU_readRawData
                0x08002300       0x90 ./Core/Src/MPU9250/app_mpu.o
                0x08002300                MPU_readRawData
 .text.MPU_calibrateGyro
                0x08002390       0xd2 ./Core/Src/MPU9250/app_mpu.o
                0x08002390                MPU_calibrateGyro
 *fill*         0x08002462        0x2 
 .text.TOF_InitStruct
                0x08002464       0xa4 ./Core/Src/VL53L1X/VL53L1X.o
                0x08002464                TOF_InitStruct
 .text.TOF_TurnOn
                0x08002508       0x20 ./Core/Src/VL53L1X/VL53L1X.o
                0x08002508                TOF_TurnOn
 .text.TOF_TurnOff
                0x08002528       0x20 ./Core/Src/VL53L1X/VL53L1X.o
                0x08002528                TOF_TurnOff
 .text.TOF_BootMultipleSensors
                0x08002548       0x6a ./Core/Src/VL53L1X/VL53L1X.o
                0x08002548                TOF_BootMultipleSensors
 *fill*         0x080025b2        0x2 
 .text.TOF_BootSensor
                0x080025b4      0x10c ./Core/Src/VL53L1X/VL53L1X.o
                0x080025b4                TOF_BootSensor
 .text.TOF_GetDistance
                0x080026c0       0x54 ./Core/Src/VL53L1X/VL53L1X.o
                0x080026c0                TOF_GetDistance
 .text.TOF_SetLogFunction
                0x08002714       0x20 ./Core/Src/VL53L1X/VL53L1X.o
                0x08002714                TOF_SetLogFunction
 .text.VL53L1X_SetI2CAddress
                0x08002734       0x36 ./Core/Src/VL53L1X/VL53L1X_api.o
                0x08002734                VL53L1X_SetI2CAddress
 *fill*         0x0800276a        0x2 
 .text.VL53L1X_SensorInit
                0x0800276c       0xd8 ./Core/Src/VL53L1X/VL53L1X_api.o
                0x0800276c                VL53L1X_SensorInit
 .text.VL53L1X_ClearInterrupt
                0x08002844       0x30 ./Core/Src/VL53L1X/VL53L1X_api.o
                0x08002844                VL53L1X_ClearInterrupt
 .text.VL53L1X_GetInterruptPolarity
                0x08002874       0x54 ./Core/Src/VL53L1X/VL53L1X_api.o
                0x08002874                VL53L1X_GetInterruptPolarity
 .text.VL53L1X_StartRanging
                0x080028c8       0x30 ./Core/Src/VL53L1X/VL53L1X_api.o
                0x080028c8                VL53L1X_StartRanging
 .text.VL53L1X_StopRanging
                0x080028f8       0x30 ./Core/Src/VL53L1X/VL53L1X_api.o
                0x080028f8                VL53L1X_StopRanging
 .text.VL53L1X_CheckForDataReady
                0x08002928       0x6e ./Core/Src/VL53L1X/VL53L1X_api.o
                0x08002928                VL53L1X_CheckForDataReady
 .text.VL53L1X_GetSensorId
                0x08002996       0x40 ./Core/Src/VL53L1X/VL53L1X_api.o
                0x08002996                VL53L1X_GetSensorId
 .text.VL53L1X_GetDistance
                0x080029d6       0x3a ./Core/Src/VL53L1X/VL53L1X_api.o
                0x080029d6                VL53L1X_GetDistance
 .text._GetTof  0x08002a10       0x60 ./Core/Src/VL53L1X/vl53l1_platform.o
                0x08002a10                _GetTof
 .text._I2CWrite
                0x08002a70       0x46 ./Core/Src/VL53L1X/vl53l1_platform.o
                0x08002a70                _I2CWrite
 .text._I2CRead
                0x08002ab6       0x46 ./Core/Src/VL53L1X/vl53l1_platform.o
                0x08002ab6                _I2CRead
 .text.VL53L1_WrByte
                0x08002afc       0x58 ./Core/Src/VL53L1X/vl53l1_platform.o
                0x08002afc                VL53L1_WrByte
 .text.VL53L1_RdByte
                0x08002b54       0x70 ./Core/Src/VL53L1X/vl53l1_platform.o
                0x08002b54                VL53L1_RdByte
 .text.VL53L1_RdWord
                0x08002bc4       0x80 ./Core/Src/VL53L1X/vl53l1_platform.o
                0x08002bc4                VL53L1_RdWord
 .text.HAL_UARTEx_RxEventCallback
                0x08002c44       0x28 ./Core/Src/main.o
                0x08002c44                HAL_UARTEx_RxEventCallback
 .text.main     0x08002c6c      0x274 ./Core/Src/main.o
                0x08002c6c                main
 .text.SystemClock_Config
                0x08002ee0       0xd4 ./Core/Src/main.o
                0x08002ee0                SystemClock_Config
 .text.MX_I2C1_Init
                0x08002fb4       0x5c ./Core/Src/main.o
 .text.MX_SPI1_Init
                0x08003010       0x6c ./Core/Src/main.o
 .text.MX_TIM1_Init
                0x0800307c      0x18c ./Core/Src/main.o
 .text.MX_USART1_UART_Init
                0x08003208       0x5c ./Core/Src/main.o
 .text.MX_USART2_UART_Init
                0x08003264       0x54 ./Core/Src/main.o
 .text.MX_DMA_Init
                0x080032b8       0x40 ./Core/Src/main.o
 .text.MX_GPIO_Init
                0x080032f8      0x114 ./Core/Src/main.o
 .text.Error_Handler
                0x0800340c        0xc ./Core/Src/main.o
                0x0800340c                Error_Handler
 .text.HAL_MspInit
                0x08003418       0x50 ./Core/Src/stm32f4xx_hal_msp.o
                0x08003418                HAL_MspInit
 .text.HAL_I2C_MspInit
                0x08003468       0xb0 ./Core/Src/stm32f4xx_hal_msp.o
                0x08003468                HAL_I2C_MspInit
 .text.HAL_SPI_MspInit
                0x08003518       0x90 ./Core/Src/stm32f4xx_hal_msp.o
                0x08003518                HAL_SPI_MspInit
 .text.HAL_TIM_Base_MspInit
                0x080035a8       0x44 ./Core/Src/stm32f4xx_hal_msp.o
                0x080035a8                HAL_TIM_Base_MspInit
 .text.HAL_TIM_MspPostInit
                0x080035ec       0x74 ./Core/Src/stm32f4xx_hal_msp.o
                0x080035ec                HAL_TIM_MspPostInit
 .text.HAL_UART_MspInit
                0x08003660      0x180 ./Core/Src/stm32f4xx_hal_msp.o
                0x08003660                HAL_UART_MspInit
 .text.NMI_Handler
                0x080037e0        0x8 ./Core/Src/stm32f4xx_it.o
                0x080037e0                NMI_Handler
 .text.HardFault_Handler
                0x080037e8        0x8 ./Core/Src/stm32f4xx_it.o
                0x080037e8                HardFault_Handler
 .text.MemManage_Handler
                0x080037f0        0x8 ./Core/Src/stm32f4xx_it.o
                0x080037f0                MemManage_Handler
 .text.BusFault_Handler
                0x080037f8        0x8 ./Core/Src/stm32f4xx_it.o
                0x080037f8                BusFault_Handler
 .text.UsageFault_Handler
                0x08003800        0x8 ./Core/Src/stm32f4xx_it.o
                0x08003800                UsageFault_Handler
 .text.SVC_Handler
                0x08003808        0xe ./Core/Src/stm32f4xx_it.o
                0x08003808                SVC_Handler
 .text.DebugMon_Handler
                0x08003816        0xe ./Core/Src/stm32f4xx_it.o
                0x08003816                DebugMon_Handler
 .text.PendSV_Handler
                0x08003824        0xe ./Core/Src/stm32f4xx_it.o
                0x08003824                PendSV_Handler
 .text.SysTick_Handler
                0x08003832        0xc ./Core/Src/stm32f4xx_it.o
                0x08003832                SysTick_Handler
 *fill*         0x0800383e        0x2 
 .text.DMA1_Stream5_IRQHandler
                0x08003840       0x14 ./Core/Src/stm32f4xx_it.o
                0x08003840                DMA1_Stream5_IRQHandler
 .text.I2C1_EV_IRQHandler
                0x08003854       0x14 ./Core/Src/stm32f4xx_it.o
                0x08003854                I2C1_EV_IRQHandler
 .text.I2C1_ER_IRQHandler
                0x08003868       0x14 ./Core/Src/stm32f4xx_it.o
                0x08003868                I2C1_ER_IRQHandler
 .text.USART1_IRQHandler
                0x0800387c       0x14 ./Core/Src/stm32f4xx_it.o
                0x0800387c                USART1_IRQHandler
 .text.USART2_IRQHandler
                0x08003890       0x14 ./Core/Src/stm32f4xx_it.o
                0x08003890                USART2_IRQHandler
 .text._getpid  0x080038a4       0x10 ./Core/Src/syscalls.o
                0x080038a4                _getpid
 .text._kill    0x080038b4       0x20 ./Core/Src/syscalls.o
                0x080038b4                _kill
 .text._exit    0x080038d4       0x16 ./Core/Src/syscalls.o
                0x080038d4                _exit
 .text._read    0x080038ea       0x3a ./Core/Src/syscalls.o
                0x080038ea                _read
 .text._write   0x08003924       0x38 ./Core/Src/syscalls.o
                0x08003924                _write
 .text._close   0x0800395c       0x18 ./Core/Src/syscalls.o
                0x0800395c                _close
 .text._fstat   0x08003974       0x20 ./Core/Src/syscalls.o
                0x08003974                _fstat
 .text._isatty  0x08003994       0x16 ./Core/Src/syscalls.o
                0x08003994                _isatty
 .text._lseek   0x080039aa       0x1a ./Core/Src/syscalls.o
                0x080039aa                _lseek
 .text._sbrk    0x080039c4       0x6c ./Core/Src/sysmem.o
                0x080039c4                _sbrk
 .text.SystemInit
                0x08003a30       0x24 ./Core/Src/system_stm32f4xx.o
                0x08003a30                SystemInit
 .text.SBUS_Parse
                0x08003a54      0x160 ./Core/Src/receive/mc7re.o
 .text.HAL_UART_RxCpltCallback
                0x08003bb4       0x94 ./Core/Src/receive/mc7re.o
                0x08003bb4                HAL_UART_RxCpltCallback
 .text.MC7RE_Get_valid
                0x08003c48       0x8c ./Core/Src/receive/mc7re.o
                0x08003c48                MC7RE_Get_valid
 .text.Reset_Handler
                0x08003cd4       0x50 ./Core/Startup/startup_stm32f401ccux.o
                0x08003cd4                Reset_Handler
 .text.Default_Handler
                0x08003d24        0x2 ./Core/Startup/startup_stm32f401ccux.o
                0x08003d24                RTC_Alarm_IRQHandler
                0x08003d24                EXTI2_IRQHandler
                0x08003d24                SPI4_IRQHandler
                0x08003d24                TIM1_CC_IRQHandler
                0x08003d24                DMA2_Stream5_IRQHandler
                0x08003d24                PVD_IRQHandler
                0x08003d24                SDIO_IRQHandler
                0x08003d24                TAMP_STAMP_IRQHandler
                0x08003d24                EXTI3_IRQHandler
                0x08003d24                TIM1_UP_TIM10_IRQHandler
                0x08003d24                I2C3_ER_IRQHandler
                0x08003d24                EXTI0_IRQHandler
                0x08003d24                I2C2_EV_IRQHandler
                0x08003d24                DMA1_Stream2_IRQHandler
                0x08003d24                FPU_IRQHandler
                0x08003d24                DMA2_Stream2_IRQHandler
                0x08003d24                SPI1_IRQHandler
                0x08003d24                TIM1_BRK_TIM9_IRQHandler
                0x08003d24                DMA2_Stream3_IRQHandler
                0x08003d24                USART6_IRQHandler
                0x08003d24                DMA2_Stream0_IRQHandler
                0x08003d24                TIM4_IRQHandler
                0x08003d24                DMA1_Stream6_IRQHandler
                0x08003d24                DMA1_Stream1_IRQHandler
                0x08003d24                TIM3_IRQHandler
                0x08003d24                RCC_IRQHandler
                0x08003d24                Default_Handler
                0x08003d24                EXTI15_10_IRQHandler
                0x08003d24                ADC_IRQHandler
                0x08003d24                DMA1_Stream7_IRQHandler
                0x08003d24                TIM5_IRQHandler
                0x08003d24                DMA2_Stream7_IRQHandler
                0x08003d24                I2C3_EV_IRQHandler
                0x08003d24                EXTI9_5_IRQHandler
                0x08003d24                RTC_WKUP_IRQHandler
                0x08003d24                SPI2_IRQHandler
                0x08003d24                DMA1_Stream0_IRQHandler
                0x08003d24                EXTI4_IRQHandler
                0x08003d24                WWDG_IRQHandler
                0x08003d24                TIM2_IRQHandler
                0x08003d24                OTG_FS_WKUP_IRQHandler
                0x08003d24                TIM1_TRG_COM_TIM11_IRQHandler
                0x08003d24                EXTI1_IRQHandler
                0x08003d24                I2C2_ER_IRQHandler
                0x08003d24                DMA2_Stream1_IRQHandler
                0x08003d24                FLASH_IRQHandler
                0x08003d24                DMA2_Stream4_IRQHandler
                0x08003d24                OTG_FS_IRQHandler
                0x08003d24                SPI3_IRQHandler
                0x08003d24                DMA1_Stream4_IRQHandler
                0x08003d24                DMA2_Stream6_IRQHandler
                0x08003d24                DMA1_Stream3_IRQHandler
 *fill*         0x08003d26        0x2 
 .text.HAL_Init
                0x08003d28       0x44 ./Drivers/STM32F4xx_HAL_Driver/Src/stm32f4xx_hal.o
                0x08003d28                HAL_Init
 .text.HAL_InitTick
                0x08003d6c       0x60 ./Drivers/STM32F4xx_HAL_Driver/Src/stm32f4xx_hal.o
                0x08003d6c                HAL_InitTick
 .text.HAL_IncTick
                0x08003dcc       0x28 ./Drivers/STM32F4xx_HAL_Driver/Src/stm32f4xx_hal.o
                0x08003dcc                HAL_IncTick
 .text.HAL_GetTick
                0x08003df4       0x18 ./Drivers/STM32F4xx_HAL_Driver/Src/stm32f4xx_hal.o
                0x08003df4                HAL_GetTick
 .text.HAL_Delay
                0x08003e0c       0x48 ./Drivers/STM32F4xx_HAL_Driver/Src/stm32f4xx_hal.o
                0x08003e0c                HAL_Delay
 .text.__NVIC_SetPriorityGrouping
                0x08003e54       0x48 ./Drivers/STM32F4xx_HAL_Driver/Src/stm32f4xx_hal_cortex.o
 .text.__NVIC_GetPriorityGrouping
                0x08003e9c       0x1c ./Drivers/STM32F4xx_HAL_Driver/Src/stm32f4xx_hal_cortex.o
 .text.__NVIC_EnableIRQ
                0x08003eb8       0x3c ./Drivers/STM32F4xx_HAL_Driver/Src/stm32f4xx_hal_cortex.o
 .text.__NVIC_SetPriority
                0x08003ef4       0x54 ./Drivers/STM32F4xx_HAL_Driver/Src/stm32f4xx_hal_cortex.o
 .text.NVIC_EncodePriority
                0x08003f48       0x66 ./Drivers/STM32F4xx_HAL_Driver/Src/stm32f4xx_hal_cortex.o
 *fill*         0x08003fae        0x2 
 .text.SysTick_Config
                0x08003fb0       0x44 ./Drivers/STM32F4xx_HAL_Driver/Src/stm32f4xx_hal_cortex.o
 .text.HAL_NVIC_SetPriorityGrouping
                0x08003ff4       0x16 ./Drivers/STM32F4xx_HAL_Driver/Src/stm32f4xx_hal_cortex.o
                0x08003ff4                HAL_NVIC_SetPriorityGrouping
 .text.HAL_NVIC_SetPriority
                0x0800400a       0x38 ./Drivers/STM32F4xx_HAL_Driver/Src/stm32f4xx_hal_cortex.o
                0x0800400a                HAL_NVIC_SetPriority
 .text.HAL_NVIC_EnableIRQ
                0x08004042       0x1c ./Drivers/STM32F4xx_HAL_Driver/Src/stm32f4xx_hal_cortex.o
                0x08004042                HAL_NVIC_EnableIRQ
 .text.HAL_SYSTICK_Config
                0x0800405e       0x18 ./Drivers/STM32F4xx_HAL_Driver/Src/stm32f4xx_hal_cortex.o
                0x0800405e                HAL_SYSTICK_Config
 *fill*         0x08004076        0x2 
 .text.HAL_DMA_Init
                0x08004078      0x15c ./Drivers/STM32F4xx_HAL_Driver/Src/stm32f4xx_hal_dma.o
                0x08004078                HAL_DMA_Init
 .text.HAL_DMA_Start_IT
                0x080041d4       0xb0 ./Drivers/STM32F4xx_HAL_Driver/Src/stm32f4xx_hal_dma.o
                0x080041d4                HAL_DMA_Start_IT
 .text.HAL_DMA_Abort
                0x08004284       0xe0 ./Drivers/STM32F4xx_HAL_Driver/Src/stm32f4xx_hal_dma.o
                0x08004284                HAL_DMA_Abort
 .text.HAL_DMA_Abort_IT
                0x08004364       0x44 ./Drivers/STM32F4xx_HAL_Driver/Src/stm32f4xx_hal_dma.o
                0x08004364                HAL_DMA_Abort_IT
 .text.HAL_DMA_IRQHandler
                0x080043a8      0x314 ./Drivers/STM32F4xx_HAL_Driver/Src/stm32f4xx_hal_dma.o
                0x080043a8                HAL_DMA_IRQHandler
 .text.HAL_DMA_GetState
                0x080046bc       0x1c ./Drivers/STM32F4xx_HAL_Driver/Src/stm32f4xx_hal_dma.o
                0x080046bc                HAL_DMA_GetState
 .text.DMA_SetConfig
                0x080046d8       0x5c ./Drivers/STM32F4xx_HAL_Driver/Src/stm32f4xx_hal_dma.o
 .text.DMA_CalcBaseAndBitshift
                0x08004734       0x6c ./Drivers/STM32F4xx_HAL_Driver/Src/stm32f4xx_hal_dma.o
 .text.DMA_CheckFifoParam
                0x080047a0       0xf8 ./Drivers/STM32F4xx_HAL_Driver/Src/stm32f4xx_hal_dma.o
 .text.HAL_GPIO_Init
                0x08004898      0x308 ./Drivers/STM32F4xx_HAL_Driver/Src/stm32f4xx_hal_gpio.o
                0x08004898                HAL_GPIO_Init
 .text.HAL_GPIO_WritePin
                0x08004ba0       0x32 ./Drivers/STM32F4xx_HAL_Driver/Src/stm32f4xx_hal_gpio.o
                0x08004ba0                HAL_GPIO_WritePin
 .text.HAL_GPIO_TogglePin
                0x08004bd2       0x34 ./Drivers/STM32F4xx_HAL_Driver/Src/stm32f4xx_hal_gpio.o
                0x08004bd2                HAL_GPIO_TogglePin
 *fill*         0x08004c06        0x2 
 .text.HAL_I2C_Init
                0x08004c08      0x288 ./Drivers/STM32F4xx_HAL_Driver/Src/stm32f4xx_hal_i2c.o
                0x08004c08                HAL_I2C_Init
 .text.I2C_Flush_DR
                0x08004e90       0x2a ./Drivers/STM32F4xx_HAL_Driver/Src/stm32f4xx_hal_i2c.o
 *fill*         0x08004eba        0x2 
 .text.HAL_I2C_Master_Transmit
                0x08004ebc      0x1fc ./Drivers/STM32F4xx_HAL_Driver/Src/stm32f4xx_hal_i2c.o
                0x08004ebc                HAL_I2C_Master_Transmit
 .text.HAL_I2C_Master_Receive
                0x080050b8      0x464 ./Drivers/STM32F4xx_HAL_Driver/Src/stm32f4xx_hal_i2c.o
                0x080050b8                HAL_I2C_Master_Receive
 .text.HAL_I2C_EV_IRQHandler
                0x0800551c      0x2a6 ./Drivers/STM32F4xx_HAL_Driver/Src/stm32f4xx_hal_i2c.o
                0x0800551c                HAL_I2C_EV_IRQHandler
 .text.HAL_I2C_ER_IRQHandler
                0x080057c2      0x13e ./Drivers/STM32F4xx_HAL_Driver/Src/stm32f4xx_hal_i2c.o
                0x080057c2                HAL_I2C_ER_IRQHandler
 .text.HAL_I2C_MasterTxCpltCallback
                0x08005900       0x14 ./Drivers/STM32F4xx_HAL_Driver/Src/stm32f4xx_hal_i2c.o
                0x08005900                HAL_I2C_MasterTxCpltCallback
 .text.HAL_I2C_MasterRxCpltCallback
                0x08005914       0x14 ./Drivers/STM32F4xx_HAL_Driver/Src/stm32f4xx_hal_i2c.o
                0x08005914                HAL_I2C_MasterRxCpltCallback
 .text.HAL_I2C_SlaveTxCpltCallback
                0x08005928       0x14 ./Drivers/STM32F4xx_HAL_Driver/Src/stm32f4xx_hal_i2c.o
                0x08005928                HAL_I2C_SlaveTxCpltCallback
 .text.HAL_I2C_SlaveRxCpltCallback
                0x0800593c       0x14 ./Drivers/STM32F4xx_HAL_Driver/Src/stm32f4xx_hal_i2c.o
                0x0800593c                HAL_I2C_SlaveRxCpltCallback
 .text.HAL_I2C_AddrCallback
                0x08005950       0x1c ./Drivers/STM32F4xx_HAL_Driver/Src/stm32f4xx_hal_i2c.o
                0x08005950                HAL_I2C_AddrCallback
 .text.HAL_I2C_ListenCpltCallback
                0x0800596c       0x14 ./Drivers/STM32F4xx_HAL_Driver/Src/stm32f4xx_hal_i2c.o
                0x0800596c                HAL_I2C_ListenCpltCallback
 .text.HAL_I2C_MemTxCpltCallback
                0x08005980       0x14 ./Drivers/STM32F4xx_HAL_Driver/Src/stm32f4xx_hal_i2c.o
                0x08005980                HAL_I2C_MemTxCpltCallback
 .text.HAL_I2C_MemRxCpltCallback
                0x08005994       0x14 ./Drivers/STM32F4xx_HAL_Driver/Src/stm32f4xx_hal_i2c.o
                0x08005994                HAL_I2C_MemRxCpltCallback
 .text.HAL_I2C_ErrorCallback
                0x080059a8       0x14 ./Drivers/STM32F4xx_HAL_Driver/Src/stm32f4xx_hal_i2c.o
                0x080059a8                HAL_I2C_ErrorCallback
 .text.HAL_I2C_AbortCpltCallback
                0x080059bc       0x14 ./Drivers/STM32F4xx_HAL_Driver/Src/stm32f4xx_hal_i2c.o
                0x080059bc                HAL_I2C_AbortCpltCallback
 .text.I2C_MasterTransmit_TXE
                0x080059d0      0x138 ./Drivers/STM32F4xx_HAL_Driver/Src/stm32f4xx_hal_i2c.o
 .text.I2C_MasterTransmit_BTF
                0x08005b08       0xec ./Drivers/STM32F4xx_HAL_Driver/Src/stm32f4xx_hal_i2c.o
 .text.I2C_MemoryTransmit_TXE_BTF
                0x08005bf4      0x130 ./Drivers/STM32F4xx_HAL_Driver/Src/stm32f4xx_hal_i2c.o
 .text.I2C_MasterReceive_RXNE
                0x08005d24      0x190 ./Drivers/STM32F4xx_HAL_Driver/Src/stm32f4xx_hal_i2c.o
 .text.I2C_MasterReceive_BTF
                0x08005eb4      0x1e2 ./Drivers/STM32F4xx_HAL_Driver/Src/stm32f4xx_hal_i2c.o
 .text.I2C_Master_SB
                0x08006096      0x10c ./Drivers/STM32F4xx_HAL_Driver/Src/stm32f4xx_hal_i2c.o
 .text.I2C_Master_ADD10
                0x080061a2       0x54 ./Drivers/STM32F4xx_HAL_Driver/Src/stm32f4xx_hal_i2c.o
 .text.I2C_Master_ADDR
                0x080061f6      0x322 ./Drivers/STM32F4xx_HAL_Driver/Src/stm32f4xx_hal_i2c.o
 .text.I2C_SlaveTransmit_TXE
                0x08006518       0x7a ./Drivers/STM32F4xx_HAL_Driver/Src/stm32f4xx_hal_i2c.o
 .text.I2C_SlaveTransmit_BTF
                0x08006592       0x42 ./Drivers/STM32F4xx_HAL_Driver/Src/stm32f4xx_hal_i2c.o
 .text.I2C_SlaveReceive_RXNE
                0x080065d4       0x7c ./Drivers/STM32F4xx_HAL_Driver/Src/stm32f4xx_hal_i2c.o
 .text.I2C_SlaveReceive_BTF
                0x08006650       0x44 ./Drivers/STM32F4xx_HAL_Driver/Src/stm32f4xx_hal_i2c.o
 .text.I2C_Slave_ADDR
                0x08006694       0x90 ./Drivers/STM32F4xx_HAL_Driver/Src/stm32f4xx_hal_i2c.o
 .text.I2C_Slave_STOPF
                0x08006724      0x260 ./Drivers/STM32F4xx_HAL_Driver/Src/stm32f4xx_hal_i2c.o
 .text.I2C_Slave_AF
                0x08006984       0xe8 ./Drivers/STM32F4xx_HAL_Driver/Src/stm32f4xx_hal_i2c.o
 .text.I2C_ITError
                0x08006a6c      0x264 ./Drivers/STM32F4xx_HAL_Driver/Src/stm32f4xx_hal_i2c.o
 .text.I2C_MasterRequestWrite
                0x08006cd0      0x104 ./Drivers/STM32F4xx_HAL_Driver/Src/stm32f4xx_hal_i2c.o
 .text.I2C_MasterRequestRead
                0x08006dd4      0x19c ./Drivers/STM32F4xx_HAL_Driver/Src/stm32f4xx_hal_i2c.o
 .text.I2C_DMAAbort
                0x08006f70      0x150 ./Drivers/STM32F4xx_HAL_Driver/Src/stm32f4xx_hal_i2c.o
 .text.I2C_WaitOnFlagUntilTimeout
                0x080070c0       0xf4 ./Drivers/STM32F4xx_HAL_Driver/Src/stm32f4xx_hal_i2c.o
 .text.I2C_WaitOnMasterAddressFlagUntilTimeout
                0x080071b4      0x140 ./Drivers/STM32F4xx_HAL_Driver/Src/stm32f4xx_hal_i2c.o
 .text.I2C_WaitOnTXEFlagUntilTimeout
                0x080072f4       0x90 ./Drivers/STM32F4xx_HAL_Driver/Src/stm32f4xx_hal_i2c.o
 .text.I2C_WaitOnBTFFlagUntilTimeout
                0x08007384       0x90 ./Drivers/STM32F4xx_HAL_Driver/Src/stm32f4xx_hal_i2c.o
 .text.I2C_WaitOnSTOPRequestThroughIT
                0x08007414       0x64 ./Drivers/STM32F4xx_HAL_Driver/Src/stm32f4xx_hal_i2c.o
 .text.I2C_WaitOnRXNEFlagUntilTimeout
                0x08007478       0xba ./Drivers/STM32F4xx_HAL_Driver/Src/stm32f4xx_hal_i2c.o
 .text.I2C_IsAcknowledgeFailed
                0x08007532       0x5e ./Drivers/STM32F4xx_HAL_Driver/Src/stm32f4xx_hal_i2c.o
 .text.I2C_ConvertOtherXferOptions
                0x08007590       0x36 ./Drivers/STM32F4xx_HAL_Driver/Src/stm32f4xx_hal_i2c.o
 *fill*         0x080075c6        0x2 
 .text.HAL_RCC_OscConfig
                0x080075c8      0x4f0 ./Drivers/STM32F4xx_HAL_Driver/Src/stm32f4xx_hal_rcc.o
                0x080075c8                HAL_RCC_OscConfig
 .text.HAL_RCC_ClockConfig
                0x08007ab8      0x1cc ./Drivers/STM32F4xx_HAL_Driver/Src/stm32f4xx_hal_rcc.o
                0x08007ab8                HAL_RCC_ClockConfig
 .text.HAL_RCC_GetSysClockFreq
                0x08007c84      0x18c ./Drivers/STM32F4xx_HAL_Driver/Src/stm32f4xx_hal_rcc.o
                0x08007c84                HAL_RCC_GetSysClockFreq
 .text.HAL_RCC_GetHCLKFreq
                0x08007e10       0x18 ./Drivers/STM32F4xx_HAL_Driver/Src/stm32f4xx_hal_rcc.o
                0x08007e10                HAL_RCC_GetHCLKFreq
 .text.HAL_RCC_GetPCLK1Freq
                0x08007e28       0x28 ./Drivers/STM32F4xx_HAL_Driver/Src/stm32f4xx_hal_rcc.o
                0x08007e28                HAL_RCC_GetPCLK1Freq
 .text.HAL_RCC_GetPCLK2Freq
                0x08007e50       0x28 ./Drivers/STM32F4xx_HAL_Driver/Src/stm32f4xx_hal_rcc.o
                0x08007e50                HAL_RCC_GetPCLK2Freq
 .text.HAL_SPI_Init
                0x08007e78      0x112 ./Drivers/STM32F4xx_HAL_Driver/Src/stm32f4xx_hal_spi.o
                0x08007e78                HAL_SPI_Init
 .text.HAL_SPI_Transmit
                0x08007f8a      0x288 ./Drivers/STM32F4xx_HAL_Driver/Src/stm32f4xx_hal_spi.o
                0x08007f8a                HAL_SPI_Transmit
 .text.HAL_SPI_Receive
                0x08008212      0x232 ./Drivers/STM32F4xx_HAL_Driver/Src/stm32f4xx_hal_spi.o
                0x08008212                HAL_SPI_Receive
 .text.HAL_SPI_TransmitReceive
                0x08008444      0x352 ./Drivers/STM32F4xx_HAL_Driver/Src/stm32f4xx_hal_spi.o
                0x08008444                HAL_SPI_TransmitReceive
 *fill*         0x08008796        0x2 
 .text.SPI_WaitFlagStateUntilTimeout
                0x08008798      0x110 ./Drivers/STM32F4xx_HAL_Driver/Src/stm32f4xx_hal_spi.o
 .text.SPI_EndRxTransaction
                0x080088a8       0xca ./Drivers/STM32F4xx_HAL_Driver/Src/stm32f4xx_hal_spi.o
 *fill*         0x08008972        0x2 
 .text.SPI_EndRxTxTransaction
                0x08008974       0xa8 ./Drivers/STM32F4xx_HAL_Driver/Src/stm32f4xx_hal_spi.o
 .text.HAL_TIM_Base_Init
                0x08008a1c       0x9e ./Drivers/STM32F4xx_HAL_Driver/Src/stm32f4xx_hal_tim.o
                0x08008a1c                HAL_TIM_Base_Init
 .text.HAL_TIM_PWM_Init
                0x08008aba       0x9e ./Drivers/STM32F4xx_HAL_Driver/Src/stm32f4xx_hal_tim.o
                0x08008aba                HAL_TIM_PWM_Init
 .text.HAL_TIM_PWM_MspInit
                0x08008b58       0x14 ./Drivers/STM32F4xx_HAL_Driver/Src/stm32f4xx_hal_tim.o
                0x08008b58                HAL_TIM_PWM_MspInit
 .text.HAL_TIM_PWM_ConfigChannel
                0x08008b6c      0x184 ./Drivers/STM32F4xx_HAL_Driver/Src/stm32f4xx_hal_tim.o
                0x08008b6c                HAL_TIM_PWM_ConfigChannel
 .text.HAL_TIM_ConfigClockSource
                0x08008cf0      0x18e ./Drivers/STM32F4xx_HAL_Driver/Src/stm32f4xx_hal_tim.o
                0x08008cf0                HAL_TIM_ConfigClockSource
 *fill*         0x08008e7e        0x2 
 .text.TIM_Base_SetConfig
                0x08008e80      0x10c ./Drivers/STM32F4xx_HAL_Driver/Src/stm32f4xx_hal_tim.o
                0x08008e80                TIM_Base_SetConfig
 .text.TIM_OC1_SetConfig
                0x08008f8c       0xcc ./Drivers/STM32F4xx_HAL_Driver/Src/stm32f4xx_hal_tim.o
 .text.TIM_OC2_SetConfig
                0x08009058       0xd8 ./Drivers/STM32F4xx_HAL_Driver/Src/stm32f4xx_hal_tim.o
                0x08009058                TIM_OC2_SetConfig
 .text.TIM_OC3_SetConfig
                0x08009130       0xd4 ./Drivers/STM32F4xx_HAL_Driver/Src/stm32f4xx_hal_tim.o
 .text.TIM_OC4_SetConfig
                0x08009204       0xa0 ./Drivers/STM32F4xx_HAL_Driver/Src/stm32f4xx_hal_tim.o
 .text.TIM_TI1_ConfigInputStage
                0x080092a4       0x5e ./Drivers/STM32F4xx_HAL_Driver/Src/stm32f4xx_hal_tim.o
 .text.TIM_TI2_ConfigInputStage
                0x08009302       0x60 ./Drivers/STM32F4xx_HAL_Driver/Src/stm32f4xx_hal_tim.o
 .text.TIM_ITRx_SetConfig
                0x08009362       0x36 ./Drivers/STM32F4xx_HAL_Driver/Src/stm32f4xx_hal_tim.o
 .text.TIM_ETR_SetConfig
                0x08009398       0x40 ./Drivers/STM32F4xx_HAL_Driver/Src/stm32f4xx_hal_tim.o
                0x08009398                TIM_ETR_SetConfig
 .text.HAL_TIMEx_MasterConfigSynchronization
                0x080093d8       0xdc ./Drivers/STM32F4xx_HAL_Driver/Src/stm32f4xx_hal_tim_ex.o
                0x080093d8                HAL_TIMEx_MasterConfigSynchronization
 .text.HAL_TIMEx_ConfigBreakDeadTime
                0x080094b4       0xa4 ./Drivers/STM32F4xx_HAL_Driver/Src/stm32f4xx_hal_tim_ex.o
                0x080094b4                HAL_TIMEx_ConfigBreakDeadTime
 .text.HAL_UART_Init
                0x08009558       0xa0 ./Drivers/STM32F4xx_HAL_Driver/Src/stm32f4xx_hal_uart.o
                0x08009558                HAL_UART_Init
 .text.HAL_UART_Receive_IT
                0x080095f8       0x4a ./Drivers/STM32F4xx_HAL_Driver/Src/stm32f4xx_hal_uart.o
                0x080095f8                HAL_UART_Receive_IT
 .text.HAL_UARTEx_ReceiveToIdle_DMA
                0x08009642       0xb2 ./Drivers/STM32F4xx_HAL_Driver/Src/stm32f4xx_hal_uart.o
                0x08009642                HAL_UARTEx_ReceiveToIdle_DMA
 .text.HAL_UART_IRQHandler
                0x080096f4      0x554 ./Drivers/STM32F4xx_HAL_Driver/Src/stm32f4xx_hal_uart.o
                0x080096f4                HAL_UART_IRQHandler
 .text.HAL_UART_TxCpltCallback
                0x08009c48       0x14 ./Drivers/STM32F4xx_HAL_Driver/Src/stm32f4xx_hal_uart.o
                0x08009c48                HAL_UART_TxCpltCallback
 .text.HAL_UART_RxHalfCpltCallback
                0x08009c5c       0x14 ./Drivers/STM32F4xx_HAL_Driver/Src/stm32f4xx_hal_uart.o
                0x08009c5c                HAL_UART_RxHalfCpltCallback
 .text.HAL_UART_ErrorCallback
                0x08009c70       0x14 ./Drivers/STM32F4xx_HAL_Driver/Src/stm32f4xx_hal_uart.o
                0x08009c70                HAL_UART_ErrorCallback
 .text.UART_DMAReceiveCplt
                0x08009c84      0x12c ./Drivers/STM32F4xx_HAL_Driver/Src/stm32f4xx_hal_uart.o
 .text.UART_DMARxHalfCplt
                0x08009db0       0x3c ./Drivers/STM32F4xx_HAL_Driver/Src/stm32f4xx_hal_uart.o
 .text.UART_DMAError
                0x08009dec       0x94 ./Drivers/STM32F4xx_HAL_Driver/Src/stm32f4xx_hal_uart.o
 .text.UART_Start_Receive_IT
                0x08009e80       0x74 ./Drivers/STM32F4xx_HAL_Driver/Src/stm32f4xx_hal_uart.o
                0x08009e80                UART_Start_Receive_IT
 .text.UART_Start_Receive_DMA
                0x08009ef4      0x14c ./Drivers/STM32F4xx_HAL_Driver/Src/stm32f4xx_hal_uart.o
                0x08009ef4                UART_Start_Receive_DMA
 .text.UART_EndTxTransfer
                0x0800a040       0x50 ./Drivers/STM32F4xx_HAL_Driver/Src/stm32f4xx_hal_uart.o
 .text.UART_EndRxTransfer
                0x0800a090       0xc6 ./Drivers/STM32F4xx_HAL_Driver/Src/stm32f4xx_hal_uart.o
 .text.UART_DMAAbortOnError
                0x0800a156       0x22 ./Drivers/STM32F4xx_HAL_Driver/Src/stm32f4xx_hal_uart.o
 .text.UART_Transmit_IT
                0x0800a178       0xa0 ./Drivers/STM32F4xx_HAL_Driver/Src/stm32f4xx_hal_uart.o
 .text.UART_EndTransmit_IT
                0x0800a218       0x30 ./Drivers/STM32F4xx_HAL_Driver/Src/stm32f4xx_hal_uart.o
 .text.UART_Receive_IT
                0x0800a248      0x17c ./Drivers/STM32F4xx_HAL_Driver/Src/stm32f4xx_hal_uart.o
 .text.UART_SetConfig
                0x0800a3c4      0x4e8 ./Drivers/STM32F4xx_HAL_Driver/Src/stm32f4xx_hal_uart.o
 .text.std      0x0800a8ac       0x6c C:/Users/Asus/Desktop/New folder (2)/STM32CubeIDE_1.16.0/STM32CubeIDE/plugins/com.st.stm32cube.ide.mcu.externaltools.gnu-tools-for-stm32.12.3.rel1.win32_1.0.200.202406191623/tools/bin/../lib/gcc/arm-none-eabi/12.3.1/../../../../arm-none-eabi/lib/thumb/v7e-m+fp/hard\libc_nano.a(libc_a-findfp.o)
 .text.stdio_exit_handler
                0x0800a918       0x18 C:/Users/Asus/Desktop/New folder (2)/STM32CubeIDE_1.16.0/STM32CubeIDE/plugins/com.st.stm32cube.ide.mcu.externaltools.gnu-tools-for-stm32.12.3.rel1.win32_1.0.200.202406191623/tools/bin/../lib/gcc/arm-none-eabi/12.3.1/../../../../arm-none-eabi/lib/thumb/v7e-m+fp/hard\libc_nano.a(libc_a-findfp.o)
 .text.cleanup_stdio
                0x0800a930       0x40 C:/Users/Asus/Desktop/New folder (2)/STM32CubeIDE_1.16.0/STM32CubeIDE/plugins/com.st.stm32cube.ide.mcu.externaltools.gnu-tools-for-stm32.12.3.rel1.win32_1.0.200.202406191623/tools/bin/../lib/gcc/arm-none-eabi/12.3.1/../../../../arm-none-eabi/lib/thumb/v7e-m+fp/hard\libc_nano.a(libc_a-findfp.o)
 .text.global_stdio_init.part.0
                0x0800a970       0x3c C:/Users/Asus/Desktop/New folder (2)/STM32CubeIDE_1.16.0/STM32CubeIDE/plugins/com.st.stm32cube.ide.mcu.externaltools.gnu-tools-for-stm32.12.3.rel1.win32_1.0.200.202406191623/tools/bin/../lib/gcc/arm-none-eabi/12.3.1/../../../../arm-none-eabi/lib/thumb/v7e-m+fp/hard\libc_nano.a(libc_a-findfp.o)
 .text.__sfp_lock_acquire
                0x0800a9ac        0xc C:/Users/Asus/Desktop/New folder (2)/STM32CubeIDE_1.16.0/STM32CubeIDE/plugins/com.st.stm32cube.ide.mcu.externaltools.gnu-tools-for-stm32.12.3.rel1.win32_1.0.200.202406191623/tools/bin/../lib/gcc/arm-none-eabi/12.3.1/../../../../arm-none-eabi/lib/thumb/v7e-m+fp/hard\libc_nano.a(libc_a-findfp.o)
                0x0800a9ac                __sfp_lock_acquire
 .text.__sfp_lock_release
                0x0800a9b8        0xc C:/Users/Asus/Desktop/New folder (2)/STM32CubeIDE_1.16.0/STM32CubeIDE/plugins/com.st.stm32cube.ide.mcu.externaltools.gnu-tools-for-stm32.12.3.rel1.win32_1.0.200.202406191623/tools/bin/../lib/gcc/arm-none-eabi/12.3.1/../../../../arm-none-eabi/lib/thumb/v7e-m+fp/hard\libc_nano.a(libc_a-findfp.o)
                0x0800a9b8                __sfp_lock_release
 .text.__sinit  0x0800a9c4       0x30 C:/Users/Asus/Desktop/New folder (2)/STM32CubeIDE_1.16.0/STM32CubeIDE/plugins/com.st.stm32cube.ide.mcu.externaltools.gnu-tools-for-stm32.12.3.rel1.win32_1.0.200.202406191623/tools/bin/../lib/gcc/arm-none-eabi/12.3.1/../../../../arm-none-eabi/lib/thumb/v7e-m+fp/hard\libc_nano.a(libc_a-findfp.o)
                0x0800a9c4                __sinit
 .text._fwalk_sglue
                0x0800a9f4       0x3c C:/Users/Asus/Desktop/New folder (2)/STM32CubeIDE_1.16.0/STM32CubeIDE/plugins/com.st.stm32cube.ide.mcu.externaltools.gnu-tools-for-stm32.12.3.rel1.win32_1.0.200.202406191623/tools/bin/../lib/gcc/arm-none-eabi/12.3.1/../../../../arm-none-eabi/lib/thumb/v7e-m+fp/hard\libc_nano.a(libc_a-fwalk.o)
                0x0800a9f4                _fwalk_sglue
 .text.printf   0x0800aa30       0x24 C:/Users/Asus/Desktop/New folder (2)/STM32CubeIDE_1.16.0/STM32CubeIDE/plugins/com.st.stm32cube.ide.mcu.externaltools.gnu-tools-for-stm32.12.3.rel1.win32_1.0.200.202406191623/tools/bin/../lib/gcc/arm-none-eabi/12.3.1/../../../../arm-none-eabi/lib/thumb/v7e-m+fp/hard\libc_nano.a(libc_a-printf.o)
                0x0800aa30                iprintf
                0x0800aa30                printf
 .text._puts_r  0x0800aa54       0xaa C:/Users/Asus/Desktop/New folder (2)/STM32CubeIDE_1.16.0/STM32CubeIDE/plugins/com.st.stm32cube.ide.mcu.externaltools.gnu-tools-for-stm32.12.3.rel1.win32_1.0.200.202406191623/tools/bin/../lib/gcc/arm-none-eabi/12.3.1/../../../../arm-none-eabi/lib/thumb/v7e-m+fp/hard\libc_nano.a(libc_a-puts.o)
                0x0800aa54                _puts_r
 *fill*         0x0800aafe        0x2 
 .text.puts     0x0800ab00       0x10 C:/Users/Asus/Desktop/New folder (2)/STM32CubeIDE_1.16.0/STM32CubeIDE/plugins/com.st.stm32cube.ide.mcu.externaltools.gnu-tools-for-stm32.12.3.rel1.win32_1.0.200.202406191623/tools/bin/../lib/gcc/arm-none-eabi/12.3.1/../../../../arm-none-eabi/lib/thumb/v7e-m+fp/hard\libc_nano.a(libc_a-puts.o)
                0x0800ab00                puts
 .text.__sread  0x0800ab10       0x22 C:/Users/Asus/Desktop/New folder (2)/STM32CubeIDE_1.16.0/STM32CubeIDE/plugins/com.st.stm32cube.ide.mcu.externaltools.gnu-tools-for-stm32.12.3.rel1.win32_1.0.200.202406191623/tools/bin/../lib/gcc/arm-none-eabi/12.3.1/../../../../arm-none-eabi/lib/thumb/v7e-m+fp/hard\libc_nano.a(libc_a-stdio.o)
                0x0800ab10                __sread
 .text.__swrite
                0x0800ab32       0x38 C:/Users/Asus/Desktop/New folder (2)/STM32CubeIDE_1.16.0/STM32CubeIDE/plugins/com.st.stm32cube.ide.mcu.externaltools.gnu-tools-for-stm32.12.3.rel1.win32_1.0.200.202406191623/tools/bin/../lib/gcc/arm-none-eabi/12.3.1/../../../../arm-none-eabi/lib/thumb/v7e-m+fp/hard\libc_nano.a(libc_a-stdio.o)
                0x0800ab32                __swrite
 .text.__sseek  0x0800ab6a       0x24 C:/Users/Asus/Desktop/New folder (2)/STM32CubeIDE_1.16.0/STM32CubeIDE/plugins/com.st.stm32cube.ide.mcu.externaltools.gnu-tools-for-stm32.12.3.rel1.win32_1.0.200.202406191623/tools/bin/../lib/gcc/arm-none-eabi/12.3.1/../../../../arm-none-eabi/lib/thumb/v7e-m+fp/hard\libc_nano.a(libc_a-stdio.o)
                0x0800ab6a                __sseek
 .text.__sclose
                0x0800ab8e        0x8 C:/Users/Asus/Desktop/New folder (2)/STM32CubeIDE_1.16.0/STM32CubeIDE/plugins/com.st.stm32cube.ide.mcu.externaltools.gnu-tools-for-stm32.12.3.rel1.win32_1.0.200.202406191623/tools/bin/../lib/gcc/arm-none-eabi/12.3.1/../../../../arm-none-eabi/lib/thumb/v7e-m+fp/hard\libc_nano.a(libc_a-stdio.o)
                0x0800ab8e                __sclose
 .text.__swbuf_r
                0x0800ab96       0x7c C:/Users/Asus/Desktop/New folder (2)/STM32CubeIDE_1.16.0/STM32CubeIDE/plugins/com.st.stm32cube.ide.mcu.externaltools.gnu-tools-for-stm32.12.3.rel1.win32_1.0.200.202406191623/tools/bin/../lib/gcc/arm-none-eabi/12.3.1/../../../../arm-none-eabi/lib/thumb/v7e-m+fp/hard\libc_nano.a(libc_a-wbuf.o)
                0x0800ab96                __swbuf_r
 *fill*         0x0800ac12        0x2 
 .text.__swsetup_r
                0x0800ac14       0xac C:/Users/Asus/Desktop/New folder (2)/STM32CubeIDE_1.16.0/STM32CubeIDE/plugins/com.st.stm32cube.ide.mcu.externaltools.gnu-tools-for-stm32.12.3.rel1.win32_1.0.200.202406191623/tools/bin/../lib/gcc/arm-none-eabi/12.3.1/../../../../arm-none-eabi/lib/thumb/v7e-m+fp/hard\libc_nano.a(libc_a-wsetup.o)
                0x0800ac14                __swsetup_r
 .text.memcmp   0x0800acc0       0x20 C:/Users/Asus/Desktop/New folder (2)/STM32CubeIDE_1.16.0/STM32CubeIDE/plugins/com.st.stm32cube.ide.mcu.externaltools.gnu-tools-for-stm32.12.3.rel1.win32_1.0.200.202406191623/tools/bin/../lib/gcc/arm-none-eabi/12.3.1/../../../../arm-none-eabi/lib/thumb/v7e-m+fp/hard\libc_nano.a(libc_a-memcmp.o)
                0x0800acc0                memcmp
 .text.memset   0x0800ace0       0x10 C:/Users/Asus/Desktop/New folder (2)/STM32CubeIDE_1.16.0/STM32CubeIDE/plugins/com.st.stm32cube.ide.mcu.externaltools.gnu-tools-for-stm32.12.3.rel1.win32_1.0.200.202406191623/tools/bin/../lib/gcc/arm-none-eabi/12.3.1/../../../../arm-none-eabi/lib/thumb/v7e-m+fp/hard\libc_nano.a(libc_a-memset.o)
                0x0800ace0                memset
 .text.strncmp  0x0800acf0       0x24 C:/Users/Asus/Desktop/New folder (2)/STM32CubeIDE_1.16.0/STM32CubeIDE/plugins/com.st.stm32cube.ide.mcu.externaltools.gnu-tools-for-stm32.12.3.rel1.win32_1.0.200.202406191623/tools/bin/../lib/gcc/arm-none-eabi/12.3.1/../../../../arm-none-eabi/lib/thumb/v7e-m+fp/hard\libc_nano.a(libc_a-strncmp.o)
                0x0800acf0                strncmp
 .text.strncpy  0x0800ad14       0x26 C:/Users/Asus/Desktop/New folder (2)/STM32CubeIDE_1.16.0/STM32CubeIDE/plugins/com.st.stm32cube.ide.mcu.externaltools.gnu-tools-for-stm32.12.3.rel1.win32_1.0.200.202406191623/tools/bin/../lib/gcc/arm-none-eabi/12.3.1/../../../../arm-none-eabi/lib/thumb/v7e-m+fp/hard\libc_nano.a(libc_a-strncpy.o)
                0x0800ad14                strncpy
 *fill*         0x0800ad3a        0x2 
 .text.strtok   0x0800ad3c       0x68 C:/Users/Asus/Desktop/New folder (2)/STM32CubeIDE_1.16.0/STM32CubeIDE/plugins/com.st.stm32cube.ide.mcu.externaltools.gnu-tools-for-stm32.12.3.rel1.win32_1.0.200.202406191623/tools/bin/../lib/gcc/arm-none-eabi/12.3.1/../../../../arm-none-eabi/lib/thumb/v7e-m+fp/hard\libc_nano.a(libc_a-strtok.o)
                0x0800ad3c                strtok
 .text.__strtok_r
                0x0800ada4       0x50 C:/Users/Asus/Desktop/New folder (2)/STM32CubeIDE_1.16.0/STM32CubeIDE/plugins/com.st.stm32cube.ide.mcu.externaltools.gnu-tools-for-stm32.12.3.rel1.win32_1.0.200.202406191623/tools/bin/../lib/gcc/arm-none-eabi/12.3.1/../../../../arm-none-eabi/lib/thumb/v7e-m+fp/hard\libc_nano.a(libc_a-strtok_r.o)
                0x0800ada4                __strtok_r
 .text._close_r
                0x0800adf4       0x20 C:/Users/Asus/Desktop/New folder (2)/STM32CubeIDE_1.16.0/STM32CubeIDE/plugins/com.st.stm32cube.ide.mcu.externaltools.gnu-tools-for-stm32.12.3.rel1.win32_1.0.200.202406191623/tools/bin/../lib/gcc/arm-none-eabi/12.3.1/../../../../arm-none-eabi/lib/thumb/v7e-m+fp/hard\libc_nano.a(libc_a-closer.o)
                0x0800adf4                _close_r
 .text._lseek_r
                0x0800ae14       0x24 C:/Users/Asus/Desktop/New folder (2)/STM32CubeIDE_1.16.0/STM32CubeIDE/plugins/com.st.stm32cube.ide.mcu.externaltools.gnu-tools-for-stm32.12.3.rel1.win32_1.0.200.202406191623/tools/bin/../lib/gcc/arm-none-eabi/12.3.1/../../../../arm-none-eabi/lib/thumb/v7e-m+fp/hard\libc_nano.a(libc_a-lseekr.o)
                0x0800ae14                _lseek_r
 .text._read_r  0x0800ae38       0x24 C:/Users/Asus/Desktop/New folder (2)/STM32CubeIDE_1.16.0/STM32CubeIDE/plugins/com.st.stm32cube.ide.mcu.externaltools.gnu-tools-for-stm32.12.3.rel1.win32_1.0.200.202406191623/tools/bin/../lib/gcc/arm-none-eabi/12.3.1/../../../../arm-none-eabi/lib/thumb/v7e-m+fp/hard\libc_nano.a(libc_a-readr.o)
                0x0800ae38                _read_r
 .text._write_r
                0x0800ae5c       0x24 C:/Users/Asus/Desktop/New folder (2)/STM32CubeIDE_1.16.0/STM32CubeIDE/plugins/com.st.stm32cube.ide.mcu.externaltools.gnu-tools-for-stm32.12.3.rel1.win32_1.0.200.202406191623/tools/bin/../lib/gcc/arm-none-eabi/12.3.1/../../../../arm-none-eabi/lib/thumb/v7e-m+fp/hard\libc_nano.a(libc_a-writer.o)
                0x0800ae5c                _write_r
 .text.__errno  0x0800ae80        0xc C:/Users/Asus/Desktop/New folder (2)/STM32CubeIDE_1.16.0/STM32CubeIDE/plugins/com.st.stm32cube.ide.mcu.externaltools.gnu-tools-for-stm32.12.3.rel1.win32_1.0.200.202406191623/tools/bin/../lib/gcc/arm-none-eabi/12.3.1/../../../../arm-none-eabi/lib/thumb/v7e-m+fp/hard\libc_nano.a(libc_a-errno.o)
                0x0800ae80                __errno
 .text.__libc_init_array
                0x0800ae8c       0x48 C:/Users/Asus/Desktop/New folder (2)/STM32CubeIDE_1.16.0/STM32CubeIDE/plugins/com.st.stm32cube.ide.mcu.externaltools.gnu-tools-for-stm32.12.3.rel1.win32_1.0.200.202406191623/tools/bin/../lib/gcc/arm-none-eabi/12.3.1/../../../../arm-none-eabi/lib/thumb/v7e-m+fp/hard\libc_nano.a(libc_a-init.o)
                0x0800ae8c                __libc_init_array
 .text.__retarget_lock_init_recursive
                0x0800aed4        0x2 C:/Users/Asus/Desktop/New folder (2)/STM32CubeIDE_1.16.0/STM32CubeIDE/plugins/com.st.stm32cube.ide.mcu.externaltools.gnu-tools-for-stm32.12.3.rel1.win32_1.0.200.202406191623/tools/bin/../lib/gcc/arm-none-eabi/12.3.1/../../../../arm-none-eabi/lib/thumb/v7e-m+fp/hard\libc_nano.a(libc_a-lock.o)
                0x0800aed4                __retarget_lock_init_recursive
 .text.__retarget_lock_acquire_recursive
                0x0800aed6        0x2 C:/Users/Asus/Desktop/New folder (2)/STM32CubeIDE_1.16.0/STM32CubeIDE/plugins/com.st.stm32cube.ide.mcu.externaltools.gnu-tools-for-stm32.12.3.rel1.win32_1.0.200.202406191623/tools/bin/../lib/gcc/arm-none-eabi/12.3.1/../../../../arm-none-eabi/lib/thumb/v7e-m+fp/hard\libc_nano.a(libc_a-lock.o)
                0x0800aed6                __retarget_lock_acquire_recursive
 .text.__retarget_lock_release_recursive
                0x0800aed8        0x2 C:/Users/Asus/Desktop/New folder (2)/STM32CubeIDE_1.16.0/STM32CubeIDE/plugins/com.st.stm32cube.ide.mcu.externaltools.gnu-tools-for-stm32.12.3.rel1.win32_1.0.200.202406191623/tools/bin/../lib/gcc/arm-none-eabi/12.3.1/../../../../arm-none-eabi/lib/thumb/v7e-m+fp/hard\libc_nano.a(libc_a-lock.o)
                0x0800aed8                __retarget_lock_release_recursive
 .text.memcpy   0x0800aeda       0x1c C:/Users/Asus/Desktop/New folder (2)/STM32CubeIDE_1.16.0/STM32CubeIDE/plugins/com.st.stm32cube.ide.mcu.externaltools.gnu-tools-for-stm32.12.3.rel1.win32_1.0.200.202406191623/tools/bin/../lib/gcc/arm-none-eabi/12.3.1/../../../../arm-none-eabi/lib/thumb/v7e-m+fp/hard\libc_nano.a(libc_a-memcpy-stub.o)
                0x0800aeda                memcpy
 *fill*         0x0800aef6        0x2 
 .text.__assert_func
                0x0800aef8       0x3c C:/Users/Asus/Desktop/New folder (2)/STM32CubeIDE_1.16.0/STM32CubeIDE/plugins/com.st.stm32cube.ide.mcu.externaltools.gnu-tools-for-stm32.12.3.rel1.win32_1.0.200.202406191623/tools/bin/../lib/gcc/arm-none-eabi/12.3.1/../../../../arm-none-eabi/lib/thumb/v7e-m+fp/hard\libc_nano.a(libc_a-assert.o)
                0x0800aef8                __assert_func
 .text._free_r  0x0800af34       0x94 C:/Users/Asus/Desktop/New folder (2)/STM32CubeIDE_1.16.0/STM32CubeIDE/plugins/com.st.stm32cube.ide.mcu.externaltools.gnu-tools-for-stm32.12.3.rel1.win32_1.0.200.202406191623/tools/bin/../lib/gcc/arm-none-eabi/12.3.1/../../../../arm-none-eabi/lib/thumb/v7e-m+fp/hard\libc_nano.a(libc_a-freer.o)
                0x0800af34                _free_r
 .text.malloc   0x0800afc8       0x10 C:/Users/Asus/Desktop/New folder (2)/STM32CubeIDE_1.16.0/STM32CubeIDE/plugins/com.st.stm32cube.ide.mcu.externaltools.gnu-tools-for-stm32.12.3.rel1.win32_1.0.200.202406191623/tools/bin/../lib/gcc/arm-none-eabi/12.3.1/../../../../arm-none-eabi/lib/thumb/v7e-m+fp/hard\libc_nano.a(libc_a-malloc.o)
                0x0800afc8                malloc
 .text.sbrk_aligned
                0x0800afd8       0x44 C:/Users/Asus/Desktop/New folder (2)/STM32CubeIDE_1.16.0/STM32CubeIDE/plugins/com.st.stm32cube.ide.mcu.externaltools.gnu-tools-for-stm32.12.3.rel1.win32_1.0.200.202406191623/tools/bin/../lib/gcc/arm-none-eabi/12.3.1/../../../../arm-none-eabi/lib/thumb/v7e-m+fp/hard\libc_nano.a(libc_a-mallocr.o)
 .text._malloc_r
                0x0800b01c      0x100 C:/Users/Asus/Desktop/New folder (2)/STM32CubeIDE_1.16.0/STM32CubeIDE/plugins/com.st.stm32cube.ide.mcu.externaltools.gnu-tools-for-stm32.12.3.rel1.win32_1.0.200.202406191623/tools/bin/../lib/gcc/arm-none-eabi/12.3.1/../../../../arm-none-eabi/lib/thumb/v7e-m+fp/hard\libc_nano.a(libc_a-mallocr.o)
                0x0800b01c                _malloc_r
 .text.__malloc_lock
                0x0800b11c        0xc C:/Users/Asus/Desktop/New folder (2)/STM32CubeIDE_1.16.0/STM32CubeIDE/plugins/com.st.stm32cube.ide.mcu.externaltools.gnu-tools-for-stm32.12.3.rel1.win32_1.0.200.202406191623/tools/bin/../lib/gcc/arm-none-eabi/12.3.1/../../../../arm-none-eabi/lib/thumb/v7e-m+fp/hard\libc_nano.a(libc_a-mlock.o)
                0x0800b11c                __malloc_lock
 .text.__malloc_unlock
                0x0800b128        0xc C:/Users/Asus/Desktop/New folder (2)/STM32CubeIDE_1.16.0/STM32CubeIDE/plugins/com.st.stm32cube.ide.mcu.externaltools.gnu-tools-for-stm32.12.3.rel1.win32_1.0.200.202406191623/tools/bin/../lib/gcc/arm-none-eabi/12.3.1/../../../../arm-none-eabi/lib/thumb/v7e-m+fp/hard\libc_nano.a(libc_a-mlock.o)
                0x0800b128                __malloc_unlock
 .text.__sfputc_r
                0x0800b134       0x2e C:/Users/Asus/Desktop/New folder (2)/STM32CubeIDE_1.16.0/STM32CubeIDE/plugins/com.st.stm32cube.ide.mcu.externaltools.gnu-tools-for-stm32.12.3.rel1.win32_1.0.200.202406191623/tools/bin/../lib/gcc/arm-none-eabi/12.3.1/../../../../arm-none-eabi/lib/thumb/v7e-m+fp/hard\libc_nano.a(libc_a-nano-vfprintf.o)
 .text.__sfputs_r
                0x0800b162       0x24 C:/Users/Asus/Desktop/New folder (2)/STM32CubeIDE_1.16.0/STM32CubeIDE/plugins/com.st.stm32cube.ide.mcu.externaltools.gnu-tools-for-stm32.12.3.rel1.win32_1.0.200.202406191623/tools/bin/../lib/gcc/arm-none-eabi/12.3.1/../../../../arm-none-eabi/lib/thumb/v7e-m+fp/hard\libc_nano.a(libc_a-nano-vfprintf.o)
                0x0800b162                __sfputs_r
 *fill*         0x0800b186        0x2 
 .text._vfprintf_r
                0x0800b188      0x230 C:/Users/Asus/Desktop/New folder (2)/STM32CubeIDE_1.16.0/STM32CubeIDE/plugins/com.st.stm32cube.ide.mcu.externaltools.gnu-tools-for-stm32.12.3.rel1.win32_1.0.200.202406191623/tools/bin/../lib/gcc/arm-none-eabi/12.3.1/../../../../arm-none-eabi/lib/thumb/v7e-m+fp/hard\libc_nano.a(libc_a-nano-vfprintf.o)
                0x0800b188                _vfprintf_r
                0x0800b188                _vfiprintf_r
 .text._printf_common
                0x0800b3b8       0xda C:/Users/Asus/Desktop/New folder (2)/STM32CubeIDE_1.16.0/STM32CubeIDE/plugins/com.st.stm32cube.ide.mcu.externaltools.gnu-tools-for-stm32.12.3.rel1.win32_1.0.200.202406191623/tools/bin/../lib/gcc/arm-none-eabi/12.3.1/../../../../arm-none-eabi/lib/thumb/v7e-m+fp/hard\libc_nano.a(libc_a-nano-vfprintf_i.o)
                0x0800b3b8                _printf_common
 *fill*         0x0800b492        0x2 
 .text._printf_i
                0x0800b494      0x240 C:/Users/Asus/Desktop/New folder (2)/STM32CubeIDE_1.16.0/STM32CubeIDE/plugins/com.st.stm32cube.ide.mcu.externaltools.gnu-tools-for-stm32.12.3.rel1.win32_1.0.200.202406191623/tools/bin/../lib/gcc/arm-none-eabi/12.3.1/../../../../arm-none-eabi/lib/thumb/v7e-m+fp/hard\libc_nano.a(libc_a-nano-vfprintf_i.o)
                0x0800b494                _printf_i
 .text.__sflush_r
                0x0800b6d4      0x108 C:/Users/Asus/Desktop/New folder (2)/STM32CubeIDE_1.16.0/STM32CubeIDE/plugins/com.st.stm32cube.ide.mcu.externaltools.gnu-tools-for-stm32.12.3.rel1.win32_1.0.200.202406191623/tools/bin/../lib/gcc/arm-none-eabi/12.3.1/../../../../arm-none-eabi/lib/thumb/v7e-m+fp/hard\libc_nano.a(libc_a-fflush.o)
                0x0800b6d4                __sflush_r
 .text._fflush_r
                0x0800b7dc       0x50 C:/Users/Asus/Desktop/New folder (2)/STM32CubeIDE_1.16.0/STM32CubeIDE/plugins/com.st.stm32cube.ide.mcu.externaltools.gnu-tools-for-stm32.12.3.rel1.win32_1.0.200.202406191623/tools/bin/../lib/gcc/arm-none-eabi/12.3.1/../../../../arm-none-eabi/lib/thumb/v7e-m+fp/hard\libc_nano.a(libc_a-fflush.o)
                0x0800b7dc                _fflush_r
 .text.fprintf  0x0800b82c       0x24 C:/Users/Asus/Desktop/New folder (2)/STM32CubeIDE_1.16.0/STM32CubeIDE/plugins/com.st.stm32cube.ide.mcu.externaltools.gnu-tools-for-stm32.12.3.rel1.win32_1.0.200.202406191623/tools/bin/../lib/gcc/arm-none-eabi/12.3.1/../../../../arm-none-eabi/lib/thumb/v7e-m+fp/hard\libc_nano.a(libc_a-fprintf.o)
                0x0800b82c                fiprintf
                0x0800b82c                fprintf
 .text.__swhatbuf_r
                0x0800b850       0x4c C:/Users/Asus/Desktop/New folder (2)/STM32CubeIDE_1.16.0/STM32CubeIDE/plugins/com.st.stm32cube.ide.mcu.externaltools.gnu-tools-for-stm32.12.3.rel1.win32_1.0.200.202406191623/tools/bin/../lib/gcc/arm-none-eabi/12.3.1/../../../../arm-none-eabi/lib/thumb/v7e-m+fp/hard\libc_nano.a(libc_a-makebuf.o)
                0x0800b850                __swhatbuf_r
 .text.__smakebuf_r
                0x0800b89c       0x78 C:/Users/Asus/Desktop/New folder (2)/STM32CubeIDE_1.16.0/STM32CubeIDE/plugins/com.st.stm32cube.ide.mcu.externaltools.gnu-tools-for-stm32.12.3.rel1.win32_1.0.200.202406191623/tools/bin/../lib/gcc/arm-none-eabi/12.3.1/../../../../arm-none-eabi/lib/thumb/v7e-m+fp/hard\libc_nano.a(libc_a-makebuf.o)
                0x0800b89c                __smakebuf_r
 .text._fstat_r
                0x0800b914       0x24 C:/Users/Asus/Desktop/New folder (2)/STM32CubeIDE_1.16.0/STM32CubeIDE/plugins/com.st.stm32cube.ide.mcu.externaltools.gnu-tools-for-stm32.12.3.rel1.win32_1.0.200.202406191623/tools/bin/../lib/gcc/arm-none-eabi/12.3.1/../../../../arm-none-eabi/lib/thumb/v7e-m+fp/hard\libc_nano.a(libc_a-fstatr.o)
                0x0800b914                _fstat_r
 .text._isatty_r
                0x0800b938       0x20 C:/Users/Asus/Desktop/New folder (2)/STM32CubeIDE_1.16.0/STM32CubeIDE/plugins/com.st.stm32cube.ide.mcu.externaltools.gnu-tools-for-stm32.12.3.rel1.win32_1.0.200.202406191623/tools/bin/../lib/gcc/arm-none-eabi/12.3.1/../../../../arm-none-eabi/lib/thumb/v7e-m+fp/hard\libc_nano.a(libc_a-isattyr.o)
                0x0800b938                _isatty_r
 .text._sbrk_r  0x0800b958       0x20 C:/Users/Asus/Desktop/New folder (2)/STM32CubeIDE_1.16.0/STM32CubeIDE/plugins/com.st.stm32cube.ide.mcu.externaltools.gnu-tools-for-stm32.12.3.rel1.win32_1.0.200.202406191623/tools/bin/../lib/gcc/arm-none-eabi/12.3.1/../../../../arm-none-eabi/lib/thumb/v7e-m+fp/hard\libc_nano.a(libc_a-sbrkr.o)
                0x0800b958                _sbrk_r
 .text.abort    0x0800b978        0xe C:/Users/Asus/Desktop/New folder (2)/STM32CubeIDE_1.16.0/STM32CubeIDE/plugins/com.st.stm32cube.ide.mcu.externaltools.gnu-tools-for-stm32.12.3.rel1.win32_1.0.200.202406191623/tools/bin/../lib/gcc/arm-none-eabi/12.3.1/../../../../arm-none-eabi/lib/thumb/v7e-m+fp/hard\libc_nano.a(libc_a-abort.o)
                0x0800b978                abort
 .text._raise_r
                0x0800b986       0x50 C:/Users/Asus/Desktop/New folder (2)/STM32CubeIDE_1.16.0/STM32CubeIDE/plugins/com.st.stm32cube.ide.mcu.externaltools.gnu-tools-for-stm32.12.3.rel1.win32_1.0.200.202406191623/tools/bin/../lib/gcc/arm-none-eabi/12.3.1/../../../../arm-none-eabi/lib/thumb/v7e-m+fp/hard\libc_nano.a(libc_a-signal.o)
                0x0800b986                _raise_r
 *fill*         0x0800b9d6        0x2 
 .text.raise    0x0800b9d8       0x10 C:/Users/Asus/Desktop/New folder (2)/STM32CubeIDE_1.16.0/STM32CubeIDE/plugins/com.st.stm32cube.ide.mcu.externaltools.gnu-tools-for-stm32.12.3.rel1.win32_1.0.200.202406191623/tools/bin/../lib/gcc/arm-none-eabi/12.3.1/../../../../arm-none-eabi/lib/thumb/v7e-m+fp/hard\libc_nano.a(libc_a-signal.o)
                0x0800b9d8                raise
 .text._kill_r  0x0800b9e8       0x24 C:/Users/Asus/Desktop/New folder (2)/STM32CubeIDE_1.16.0/STM32CubeIDE/plugins/com.st.stm32cube.ide.mcu.externaltools.gnu-tools-for-stm32.12.3.rel1.win32_1.0.200.202406191623/tools/bin/../lib/gcc/arm-none-eabi/12.3.1/../../../../arm-none-eabi/lib/thumb/v7e-m+fp/hard\libc_nano.a(libc_a-signalr.o)
                0x0800b9e8                _kill_r
 .text._getpid_r
                0x0800ba0c        0x4 C:/Users/Asus/Desktop/New folder (2)/STM32CubeIDE_1.16.0/STM32CubeIDE/plugins/com.st.stm32cube.ide.mcu.externaltools.gnu-tools-for-stm32.12.3.rel1.win32_1.0.200.202406191623/tools/bin/../lib/gcc/arm-none-eabi/12.3.1/../../../../arm-none-eabi/lib/thumb/v7e-m+fp/hard\libc_nano.a(libc_a-signalr.o)
                0x0800ba0c                _getpid_r
 *(.glue_7)
 .glue_7        0x0800ba10        0x0 linker stubs
 *(.glue_7t)
 .glue_7t       0x0800ba10        0x0 linker stubs
 *(.eh_frame)
 .eh_frame      0x0800ba10        0x0 C:/Users/Asus/Desktop/New folder (2)/STM32CubeIDE_1.16.0/STM32CubeIDE/plugins/com.st.stm32cube.ide.mcu.externaltools.gnu-tools-for-stm32.12.3.rel1.win32_1.0.200.202406191623/tools/bin/../lib/gcc/arm-none-eabi/12.3.1/thumb/v7e-m+fp/hard/crtbegin.o
 *(.init)
 .init          0x0800ba10        0x4 C:/Users/Asus/Desktop/New folder (2)/STM32CubeIDE_1.16.0/STM32CubeIDE/plugins/com.st.stm32cube.ide.mcu.externaltools.gnu-tools-for-stm32.12.3.rel1.win32_1.0.200.202406191623/tools/bin/../lib/gcc/arm-none-eabi/12.3.1/thumb/v7e-m+fp/hard/crti.o
                0x0800ba10                _init
 .init          0x0800ba14        0x8 C:/Users/Asus/Desktop/New folder (2)/STM32CubeIDE_1.16.0/STM32CubeIDE/plugins/com.st.stm32cube.ide.mcu.externaltools.gnu-tools-for-stm32.12.3.rel1.win32_1.0.200.202406191623/tools/bin/../lib/gcc/arm-none-eabi/12.3.1/thumb/v7e-m+fp/hard/crtn.o
 *(.fini)
 .fini          0x0800ba1c        0x4 C:/Users/Asus/Desktop/New folder (2)/STM32CubeIDE_1.16.0/STM32CubeIDE/plugins/com.st.stm32cube.ide.mcu.externaltools.gnu-tools-for-stm32.12.3.rel1.win32_1.0.200.202406191623/tools/bin/../lib/gcc/arm-none-eabi/12.3.1/thumb/v7e-m+fp/hard/crti.o
                0x0800ba1c                _fini
 .fini          0x0800ba20        0x8 C:/Users/Asus/Desktop/New folder (2)/STM32CubeIDE_1.16.0/STM32CubeIDE/plugins/com.st.stm32cube.ide.mcu.externaltools.gnu-tools-for-stm32.12.3.rel1.win32_1.0.200.202406191623/tools/bin/../lib/gcc/arm-none-eabi/12.3.1/thumb/v7e-m+fp/hard/crtn.o
                0x0800ba28                        . = ALIGN (0x4)
                0x0800ba28                        _etext = .

.vfp11_veneer   0x0800ba28        0x0
 .vfp11_veneer  0x0800ba28        0x0 linker stubs

.v4_bx          0x0800ba28        0x0
 .v4_bx         0x0800ba28        0x0 linker stubs

.iplt           0x0800ba28        0x0
 .iplt          0x0800ba28        0x0 C:/Users/Asus/Desktop/New folder (2)/STM32CubeIDE_1.16.0/STM32CubeIDE/plugins/com.st.stm32cube.ide.mcu.externaltools.gnu-tools-for-stm32.12.3.rel1.win32_1.0.200.202406191623/tools/bin/../lib/gcc/arm-none-eabi/12.3.1/thumb/v7e-m+fp/hard/crtbegin.o

.rodata         0x0800ba28      0x358
                0x0800ba28                        . = ALIGN (0x4)
 *(.rodata)
 .rodata        0x0800ba28        0x3 ./Core/Src/Black_box/W25Q128.o
 *fill*         0x0800ba2b        0x1 
 .rodata        0x0800ba2c       0x13 ./Core/Src/GPS/app_gps.o
 *fill*         0x0800ba3f        0x1 
 .rodata        0x0800ba40      0x1c0 ./Core/Src/VL53L1X/VL53L1X.o
 .rodata        0x0800bc00       0x20 ./Core/Src/main.o
 *(.rodata*)
 .rodata.registered_sensors_cnt
                0x0800bc20        0x4 ./Core/Src/VL53L1X/VL53L1X.o
                0x0800bc20                registered_sensors_cnt
 .rodata.VL51L1X_DEFAULT_CONFIGURATION
                0x0800bc24       0x5b ./Core/Src/VL53L1X/VL53L1X_api.o
                0x0800bc24                VL51L1X_DEFAULT_CONFIGURATION
 *fill*         0x0800bc7f        0x1 
 .rodata.AHBPrescTable
                0x0800bc80       0x10 ./Core/Src/system_stm32f4xx.o
                0x0800bc80                AHBPrescTable
 .rodata.APBPrescTable
                0x0800bc90        0x8 ./Core/Src/system_stm32f4xx.o
                0x0800bc90                APBPrescTable
 .rodata.flagBitshiftOffset.0
                0x0800bc98        0x8 ./Drivers/STM32F4xx_HAL_Driver/Src/stm32f4xx_hal_dma.o
 .rodata.strtok.str1.1
                0x0800bca0       0x71 C:/Users/Asus/Desktop/New folder (2)/STM32CubeIDE_1.16.0/STM32CubeIDE/plugins/com.st.stm32cube.ide.mcu.externaltools.gnu-tools-for-stm32.12.3.rel1.win32_1.0.200.202406191623/tools/bin/../lib/gcc/arm-none-eabi/12.3.1/../../../../arm-none-eabi/lib/thumb/v7e-m+fp/hard\libc_nano.a(libc_a-strtok.o)
 .rodata.__assert_func.str1.1
                0x0800bd11       0x3c C:/Users/Asus/Desktop/New folder (2)/STM32CubeIDE_1.16.0/STM32CubeIDE/plugins/com.st.stm32cube.ide.mcu.externaltools.gnu-tools-for-stm32.12.3.rel1.win32_1.0.200.202406191623/tools/bin/../lib/gcc/arm-none-eabi/12.3.1/../../../../arm-none-eabi/lib/thumb/v7e-m+fp/hard\libc_nano.a(libc_a-assert.o)
                                 0x3d (size before relaxing)
 .rodata._vfprintf_r.str1.1
                0x0800bd4d       0x11 C:/Users/Asus/Desktop/New folder (2)/STM32CubeIDE_1.16.0/STM32CubeIDE/plugins/com.st.stm32cube.ide.mcu.externaltools.gnu-tools-for-stm32.12.3.rel1.win32_1.0.200.202406191623/tools/bin/../lib/gcc/arm-none-eabi/12.3.1/../../../../arm-none-eabi/lib/thumb/v7e-m+fp/hard\libc_nano.a(libc_a-nano-vfprintf.o)
 .rodata._printf_i.str1.1
                0x0800bd5e       0x22 C:/Users/Asus/Desktop/New folder (2)/STM32CubeIDE_1.16.0/STM32CubeIDE/plugins/com.st.stm32cube.ide.mcu.externaltools.gnu-tools-for-stm32.12.3.rel1.win32_1.0.200.202406191623/tools/bin/../lib/gcc/arm-none-eabi/12.3.1/../../../../arm-none-eabi/lib/thumb/v7e-m+fp/hard\libc_nano.a(libc_a-nano-vfprintf_i.o)
                0x0800bd80                        . = ALIGN (0x4)

.ARM.extab      0x0800bd80        0x0
                0x0800bd80                        . = ALIGN (0x4)
 *(.ARM.extab* .gnu.linkonce.armextab.*)
                0x0800bd80                        . = ALIGN (0x4)

.ARM            0x0800bd80        0x8
                0x0800bd80                        . = ALIGN (0x4)
                0x0800bd80                        __exidx_start = .
 *(.ARM.exidx*)
 .ARM.exidx     0x0800bd80        0x8 C:/Users/Asus/Desktop/New folder (2)/STM32CubeIDE_1.16.0/STM32CubeIDE/plugins/com.st.stm32cube.ide.mcu.externaltools.gnu-tools-for-stm32.12.3.rel1.win32_1.0.200.202406191623/tools/bin/../lib/gcc/arm-none-eabi/12.3.1/../../../../arm-none-eabi/lib/thumb/v7e-m+fp/hard\libc_nano.a(libc_a-memchr.o)
 .ARM.exidx     0x0800bd88        0x0 C:/Users/Asus/Desktop/New folder (2)/STM32CubeIDE_1.16.0/STM32CubeIDE/plugins/com.st.stm32cube.ide.mcu.externaltools.gnu-tools-for-stm32.12.3.rel1.win32_1.0.200.202406191623/tools/bin/../lib/gcc/arm-none-eabi/12.3.1/thumb/v7e-m+fp/hard\libgcc.a(_udivmoddi4.o)
                                  0x8 (size before relaxing)
                0x0800bd88                        __exidx_end = .
                0x0800bd88                        . = ALIGN (0x4)

.preinit_array  0x0800bd88        0x0
                0x0800bd88                        . = ALIGN (0x4)
                0x0800bd88                        PROVIDE (__preinit_array_start = .)
 *(.preinit_array*)
                0x0800bd88                        PROVIDE (__preinit_array_end = .)
                0x0800bd88                        . = ALIGN (0x4)

.init_array     0x0800bd88        0x4
                0x0800bd88                        . = ALIGN (0x4)
                0x0800bd88                        PROVIDE (__init_array_start = .)
 *(SORT_BY_NAME(.init_array.*))
 *(.init_array*)
 .init_array    0x0800bd88        0x4 C:/Users/Asus/Desktop/New folder (2)/STM32CubeIDE_1.16.0/STM32CubeIDE/plugins/com.st.stm32cube.ide.mcu.externaltools.gnu-tools-for-stm32.12.3.rel1.win32_1.0.200.202406191623/tools/bin/../lib/gcc/arm-none-eabi/12.3.1/thumb/v7e-m+fp/hard/crtbegin.o
                0x0800bd8c                        PROVIDE (__init_array_end = .)
                0x0800bd8c                        . = ALIGN (0x4)

.fini_array     0x0800bd8c        0x4
                0x0800bd8c                        . = ALIGN (0x4)
                [!provide]                        PROVIDE (__fini_array_start = .)
 *(SORT_BY_NAME(.fini_array.*))
 *(.fini_array*)
 .fini_array    0x0800bd8c        0x4 C:/Users/Asus/Desktop/New folder (2)/STM32CubeIDE_1.16.0/STM32CubeIDE/plugins/com.st.stm32cube.ide.mcu.externaltools.gnu-tools-for-stm32.12.3.rel1.win32_1.0.200.202406191623/tools/bin/../lib/gcc/arm-none-eabi/12.3.1/thumb/v7e-m+fp/hard/crtbegin.o
                [!provide]                        PROVIDE (__fini_array_end = .)
                0x0800bd90                        . = ALIGN (0x4)
                0x0800bd90                        _sidata = LOADADDR (.data)

.rel.dyn        0x0800bd90        0x0
 .rel.iplt      0x0800bd90        0x0 C:/Users/Asus/Desktop/New folder (2)/STM32CubeIDE_1.16.0/STM32CubeIDE/plugins/com.st.stm32cube.ide.mcu.externaltools.gnu-tools-for-stm32.12.3.rel1.win32_1.0.200.202406191623/tools/bin/../lib/gcc/arm-none-eabi/12.3.1/thumb/v7e-m+fp/hard/crtbegin.o

.data           0x20000000       0x70 load address 0x0800bd90
                0x20000000                        . = ALIGN (0x4)
                0x20000000                        _sdata = .
 *(.data)
 *(.data*)
 .data.tx_data  0x20000000        0x8 ./Core/Src/main.o
                0x20000000                tx_data
 .data.SystemCoreClock
                0x20000008        0x4 ./Core/Src/system_stm32f4xx.o
                0x20000008                SystemCoreClock
 .data.uwTickPrio
                0x2000000c        0x4 ./Drivers/STM32F4xx_HAL_Driver/Src/stm32f4xx_hal.o
                0x2000000c                uwTickPrio
 .data.uwTickFreq
                0x20000010        0x1 ./Drivers/STM32F4xx_HAL_Driver/Src/stm32f4xx_hal.o
                0x20000010                uwTickFreq
 *fill*         0x20000011        0x3 
 .data.__sglue  0x20000014        0xc C:/Users/Asus/Desktop/New folder (2)/STM32CubeIDE_1.16.0/STM32CubeIDE/plugins/com.st.stm32cube.ide.mcu.externaltools.gnu-tools-for-stm32.12.3.rel1.win32_1.0.200.202406191623/tools/bin/../lib/gcc/arm-none-eabi/12.3.1/../../../../arm-none-eabi/lib/thumb/v7e-m+fp/hard\libc_nano.a(libc_a-findfp.o)
                0x20000014                __sglue
 .data._impure_ptr
                0x20000020        0x4 C:/Users/Asus/Desktop/New folder (2)/STM32CubeIDE_1.16.0/STM32CubeIDE/plugins/com.st.stm32cube.ide.mcu.externaltools.gnu-tools-for-stm32.12.3.rel1.win32_1.0.200.202406191623/tools/bin/../lib/gcc/arm-none-eabi/12.3.1/../../../../arm-none-eabi/lib/thumb/v7e-m+fp/hard\libc_nano.a(libc_a-impure.o)
                0x20000020                _impure_ptr
 .data._impure_data
                0x20000024       0x4c C:/Users/Asus/Desktop/New folder (2)/STM32CubeIDE_1.16.0/STM32CubeIDE/plugins/com.st.stm32cube.ide.mcu.externaltools.gnu-tools-for-stm32.12.3.rel1.win32_1.0.200.202406191623/tools/bin/../lib/gcc/arm-none-eabi/12.3.1/../../../../arm-none-eabi/lib/thumb/v7e-m+fp/hard\libc_nano.a(libc_a-impure.o)
                0x20000024                _impure_data
 *(.RamFunc)
 *(.RamFunc*)
                0x20000070                        . = ALIGN (0x4)
                0x20000070                        _edata = .

.igot.plt       0x20000070        0x0 load address 0x0800be00
 .igot.plt      0x20000070        0x0 C:/Users/Asus/Desktop/New folder (2)/STM32CubeIDE_1.16.0/STM32CubeIDE/plugins/com.st.stm32cube.ide.mcu.externaltools.gnu-tools-for-stm32.12.3.rel1.win32_1.0.200.202406191623/tools/bin/../lib/gcc/arm-none-eabi/12.3.1/thumb/v7e-m+fp/hard/crtbegin.o
                0x20000070                        . = ALIGN (0x4)

.bss            0x20000070      0xaa8 load address 0x0800be00
                0x20000070                        _sbss = .
                0x20000070                        __bss_start__ = _sbss
 *(.bss)
 .bss           0x20000070       0x1c C:/Users/Asus/Desktop/New folder (2)/STM32CubeIDE_1.16.0/STM32CubeIDE/plugins/com.st.stm32cube.ide.mcu.externaltools.gnu-tools-for-stm32.12.3.rel1.win32_1.0.200.202406191623/tools/bin/../lib/gcc/arm-none-eabi/12.3.1/thumb/v7e-m+fp/hard/crtbegin.o
 *(.bss*)
 .bss.bmp_dev   0x2000008c       0x34 ./Core/Src/BMP/app_bmp_280.o
 .bss.dev       0x200000c0       0x24 ./Core/Src/Black_box/W25Q128.o
 .bss.gps_data  0x200000e4       0xbd ./Core/Src/GPS/app_gps.o
 *fill*         0x200001a1        0x3 
 .bss.line_buf  0x200001a4       0x80 ./Core/Src/GPS/app_gps.o
 .bss.line_idx  0x20000224        0x2 ./Core/Src/GPS/app_gps.o
 *fill*         0x20000226        0x2 
 .bss.gps_huart
                0x20000228        0x4 ./Core/Src/GPS/gps.o
 .bss.dma_buf   0x2000022c       0x80 ./Core/Src/GPS/gps.o
 .bss.ring_buf  0x200002ac      0x200 ./Core/Src/GPS/gps.o
 .bss.ring_head
                0x200004ac        0x2 ./Core/Src/GPS/gps.o
 .bss.ring_tail
                0x200004ae        0x2 ./Core/Src/GPS/gps.o
 .bss.registered_sensors
                0x200004b0       0x28 ./Core/Src/VL53L1X/VL53L1X.o
                0x200004b0                registered_sensors
 .bss.vl53l1x_log_func
                0x200004d8        0x4 ./Core/Src/VL53L1X/VL53L1X.o
 .bss._I2CBuffer
                0x200004dc      0x100 ./Core/Src/VL53L1X/vl53l1_platform.o
                0x200004dc                _I2CBuffer
 .bss.test_rx   0x200005dc       0x10 ./Core/Src/main.o
                0x200005dc                test_rx
 .bss.bb        0x200005ec       0x14 ./Core/Src/main.o
                0x200005ec                bb
 .bss.rx_data   0x20000600       0x28 ./Core/Src/main.o
                0x20000600                rx_data
 .bss.info      0x20000628       0x11 ./Core/Src/main.o
                0x20000628                info
 .bss.bb_init_ok
                0x20000639        0x1 ./Core/Src/main.o
                0x20000639                bb_init_ok
 .bss.bb_log_ok
                0x2000063a        0x1 ./Core/Src/main.o
                0x2000063a                bb_log_ok
 .bss.bb_read_ok
                0x2000063b        0x1 ./Core/Src/main.o
                0x2000063b                bb_read_ok
 .bss.bb_all_ok
                0x2000063c        0x1 ./Core/Src/main.o
                0x2000063c                bb_all_ok
 *fill*         0x2000063d        0x3 
 .bss.next_addr
                0x20000640        0x4 ./Core/Src/main.o
                0x20000640                next_addr
 .bss.gps       0x20000644       0xbd ./Core/Src/main.o
                0x20000644                gps
 *fill*         0x20000701        0x1 
 .bss.d1        0x20000702        0x2 ./Core/Src/main.o
                0x20000702                d1
 .bss.MPU9250   0x20000704       0x58 ./Core/Src/main.o
                0x20000704                MPU9250
 .bss.bmp_data  0x2000075c        0xc ./Core/Src/main.o
                0x2000075c                bmp_data
 .bss.hi2c1     0x20000768       0x54 ./Core/Src/main.o
                0x20000768                hi2c1
 .bss.hspi1     0x200007bc       0x58 ./Core/Src/main.o
                0x200007bc                hspi1
 .bss.htim1     0x20000814       0x48 ./Core/Src/main.o
                0x20000814                htim1
 .bss.huart1    0x2000085c       0x48 ./Core/Src/main.o
                0x2000085c                huart1
 .bss.huart2    0x200008a4       0x48 ./Core/Src/main.o
                0x200008a4                huart2
 .bss.hdma_usart2_rx
                0x200008ec       0x60 ./Core/Src/main.o
                0x200008ec                hdma_usart2_rx
 .bss.__sbrk_heap_end
                0x2000094c        0x4 ./Core/Src/sysmem.o
 .bss.mc7re     0x20000950       0x10 ./Core/Src/receive/mc7re.o
 .bss.buffer    0x20000960       0x64 ./Core/Src/receive/mc7re.o
 .bss.sbus_idx  0x200009c4        0x1 ./Core/Src/receive/mc7re.o
 .bss.rx_byte   0x200009c5        0x1 ./Core/Src/receive/mc7re.o
 *fill*         0x200009c6        0x2 
 .bss.uwTick    0x200009c8        0x4 ./Drivers/STM32F4xx_HAL_Driver/Src/stm32f4xx_hal.o
                0x200009c8                uwTick
 .bss.__sf      0x200009cc      0x138 C:/Users/Asus/Desktop/New folder (2)/STM32CubeIDE_1.16.0/STM32CubeIDE/plugins/com.st.stm32cube.ide.mcu.externaltools.gnu-tools-for-stm32.12.3.rel1.win32_1.0.200.202406191623/tools/bin/../lib/gcc/arm-none-eabi/12.3.1/../../../../arm-none-eabi/lib/thumb/v7e-m+fp/hard\libc_nano.a(libc_a-findfp.o)
                0x200009cc                __sf
 .bss.__stdio_exit_handler
                0x20000b04        0x4 C:/Users/Asus/Desktop/New folder (2)/STM32CubeIDE_1.16.0/STM32CubeIDE/plugins/com.st.stm32cube.ide.mcu.externaltools.gnu-tools-for-stm32.12.3.rel1.win32_1.0.200.202406191623/tools/bin/../lib/gcc/arm-none-eabi/12.3.1/../../../../arm-none-eabi/lib/thumb/v7e-m+fp/hard\libc_nano.a(libc_a-findfp.o)
                0x20000b04                __stdio_exit_handler
 .bss.errno     0x20000b08        0x4 C:/Users/Asus/Desktop/New folder (2)/STM32CubeIDE_1.16.0/STM32CubeIDE/plugins/com.st.stm32cube.ide.mcu.externaltools.gnu-tools-for-stm32.12.3.rel1.win32_1.0.200.202406191623/tools/bin/../lib/gcc/arm-none-eabi/12.3.1/../../../../arm-none-eabi/lib/thumb/v7e-m+fp/hard\libc_nano.a(libc_a-reent.o)
                0x20000b08                errno
 .bss.__lock___malloc_recursive_mutex
                0x20000b0c        0x1 C:/Users/Asus/Desktop/New folder (2)/STM32CubeIDE_1.16.0/STM32CubeIDE/plugins/com.st.stm32cube.ide.mcu.externaltools.gnu-tools-for-stm32.12.3.rel1.win32_1.0.200.202406191623/tools/bin/../lib/gcc/arm-none-eabi/12.3.1/../../../../arm-none-eabi/lib/thumb/v7e-m+fp/hard\libc_nano.a(libc_a-lock.o)
                0x20000b0c                __lock___malloc_recursive_mutex
 .bss.__lock___sfp_recursive_mutex
                0x20000b0d        0x1 C:/Users/Asus/Desktop/New folder (2)/STM32CubeIDE_1.16.0/STM32CubeIDE/plugins/com.st.stm32cube.ide.mcu.externaltools.gnu-tools-for-stm32.12.3.rel1.win32_1.0.200.202406191623/tools/bin/../lib/gcc/arm-none-eabi/12.3.1/../../../../arm-none-eabi/lib/thumb/v7e-m+fp/hard\libc_nano.a(libc_a-lock.o)
                0x20000b0d                __lock___sfp_recursive_mutex
 *fill*         0x20000b0e        0x2 
 .bss.__malloc_sbrk_start
                0x20000b10        0x4 C:/Users/Asus/Desktop/New folder (2)/STM32CubeIDE_1.16.0/STM32CubeIDE/plugins/com.st.stm32cube.ide.mcu.externaltools.gnu-tools-for-stm32.12.3.rel1.win32_1.0.200.202406191623/tools/bin/../lib/gcc/arm-none-eabi/12.3.1/../../../../arm-none-eabi/lib/thumb/v7e-m+fp/hard\libc_nano.a(libc_a-mallocr.o)
                0x20000b10                __malloc_sbrk_start
 .bss.__malloc_free_list
                0x20000b14        0x4 C:/Users/Asus/Desktop/New folder (2)/STM32CubeIDE_1.16.0/STM32CubeIDE/plugins/com.st.stm32cube.ide.mcu.externaltools.gnu-tools-for-stm32.12.3.rel1.win32_1.0.200.202406191623/tools/bin/../lib/gcc/arm-none-eabi/12.3.1/../../../../arm-none-eabi/lib/thumb/v7e-m+fp/hard\libc_nano.a(libc_a-mallocr.o)
                0x20000b14                __malloc_free_list
 *(COMMON)
                0x20000b18                        . = ALIGN (0x4)
                0x20000b18                        _ebss = .
                0x20000b18                        __bss_end__ = _ebss

._user_heap_stack
                0x20000b18      0x600 load address 0x0800be00
                0x20000b18                        . = ALIGN (0x8)
                [!provide]                        PROVIDE (end = .)
                0x20000b18                        PROVIDE (_end = .)
                0x20000d18                        . = (. + _Min_Heap_Size)
 *fill*         0x20000b18      0x200 
                0x20001118                        . = (. + _Min_Stack_Size)
 *fill*         0x20000d18      0x400 
                0x20001118                        . = ALIGN (0x8)

/DISCARD/
 libc.a(*)
 libm.a(*)
 libgcc.a(*)

.ARM.attributes
                0x00000000       0x30
 *(.ARM.attributes)
 .ARM.attributes
                0x00000000       0x22 C:/Users/Asus/Desktop/New folder (2)/STM32CubeIDE_1.16.0/STM32CubeIDE/plugins/com.st.stm32cube.ide.mcu.externaltools.gnu-tools-for-stm32.12.3.rel1.win32_1.0.200.202406191623/tools/bin/../lib/gcc/arm-none-eabi/12.3.1/thumb/v7e-m+fp/hard/crti.o
 .ARM.attributes
                0x00000022       0x34 C:/Users/Asus/Desktop/New folder (2)/STM32CubeIDE_1.16.0/STM32CubeIDE/plugins/com.st.stm32cube.ide.mcu.externaltools.gnu-tools-for-stm32.12.3.rel1.win32_1.0.200.202406191623/tools/bin/../lib/gcc/arm-none-eabi/12.3.1/thumb/v7e-m+fp/hard/crtbegin.o
 .ARM.attributes
                0x00000056       0x34 ./Core/Src/BMP/BMP_280.o
 .ARM.attributes
                0x0000008a       0x34 ./Core/Src/BMP/app_bmp_280.o
 .ARM.attributes
                0x000000be       0x34 ./Core/Src/Black_box/W25Q128.o
 .ARM.attributes
                0x000000f2       0x34 ./Core/Src/Black_box/app_balckbox.o
 .ARM.attributes
                0x00000126       0x34 ./Core/Src/GPS/app_gps.o
 .ARM.attributes
                0x0000015a       0x34 ./Core/Src/GPS/gps.o
 .ARM.attributes
                0x0000018e       0x34 ./Core/Src/MPU9250/app_mpu.o
 .ARM.attributes
                0x000001c2       0x34 ./Core/Src/VL53L1X/VL53L1X.o
 .ARM.attributes
                0x000001f6       0x34 ./Core/Src/VL53L1X/VL53L1X_api.o
 .ARM.attributes
                0x0000022a       0x34 ./Core/Src/VL53L1X/vl53l1_platform.o
 .ARM.attributes
                0x0000025e       0x34 ./Core/Src/main.o
 .ARM.attributes
                0x00000292       0x34 ./Core/Src/stm32f4xx_hal_msp.o
 .ARM.attributes
                0x000002c6       0x34 ./Core/Src/stm32f4xx_it.o
 .ARM.attributes
                0x000002fa       0x34 ./Core/Src/syscalls.o
 .ARM.attributes
                0x0000032e       0x34 ./Core/Src/sysmem.o
 .ARM.attributes
                0x00000362       0x34 ./Core/Src/system_stm32f4xx.o
 .ARM.attributes
                0x00000396       0x34 ./Core/Src/receive/mc7re.o
 .ARM.attributes
                0x000003ca       0x21 ./Core/Startup/startup_stm32f401ccux.o
 .ARM.attributes
                0x000003eb       0x34 ./Drivers/STM32F4xx_HAL_Driver/Src/stm32f4xx_hal.o
 .ARM.attributes
                0x0000041f       0x34 ./Drivers/STM32F4xx_HAL_Driver/Src/stm32f4xx_hal_cortex.o
 .ARM.attributes
                0x00000453       0x34 ./Drivers/STM32F4xx_HAL_Driver/Src/stm32f4xx_hal_dma.o
 .ARM.attributes
                0x00000487       0x34 ./Drivers/STM32F4xx_HAL_Driver/Src/stm32f4xx_hal_gpio.o
 .ARM.attributes
                0x000004bb       0x34 ./Drivers/STM32F4xx_HAL_Driver/Src/stm32f4xx_hal_i2c.o
 .ARM.attributes
                0x000004ef       0x34 ./Drivers/STM32F4xx_HAL_Driver/Src/stm32f4xx_hal_rcc.o
 .ARM.attributes
                0x00000523       0x34 ./Drivers/STM32F4xx_HAL_Driver/Src/stm32f4xx_hal_spi.o
 .ARM.attributes
                0x00000557       0x34 ./Drivers/STM32F4xx_HAL_Driver/Src/stm32f4xx_hal_tim.o
 .ARM.attributes
                0x0000058b       0x34 ./Drivers/STM32F4xx_HAL_Driver/Src/stm32f4xx_hal_tim_ex.o
 .ARM.attributes
                0x000005bf       0x34 ./Drivers/STM32F4xx_HAL_Driver/Src/stm32f4xx_hal_uart.o
 .ARM.attributes
                0x000005f3       0x34 C:/Users/Asus/Desktop/New folder (2)/STM32CubeIDE_1.16.0/STM32CubeIDE/plugins/com.st.stm32cube.ide.mcu.externaltools.gnu-tools-for-stm32.12.3.rel1.win32_1.0.200.202406191623/tools/bin/../lib/gcc/arm-none-eabi/12.3.1/../../../../arm-none-eabi/lib/thumb/v7e-m+fp/hard\libc_nano.a(libc_a-findfp.o)
 .ARM.attributes
                0x00000627       0x34 C:/Users/Asus/Desktop/New folder (2)/STM32CubeIDE_1.16.0/STM32CubeIDE/plugins/com.st.stm32cube.ide.mcu.externaltools.gnu-tools-for-stm32.12.3.rel1.win32_1.0.200.202406191623/tools/bin/../lib/gcc/arm-none-eabi/12.3.1/../../../../arm-none-eabi/lib/thumb/v7e-m+fp/hard\libc_nano.a(libc_a-fwalk.o)
 .ARM.attributes
                0x0000065b       0x34 C:/Users/Asus/Desktop/New folder (2)/STM32CubeIDE_1.16.0/STM32CubeIDE/plugins/com.st.stm32cube.ide.mcu.externaltools.gnu-tools-for-stm32.12.3.rel1.win32_1.0.200.202406191623/tools/bin/../lib/gcc/arm-none-eabi/12.3.1/../../../../arm-none-eabi/lib/thumb/v7e-m+fp/hard\libc_nano.a(libc_a-printf.o)
 .ARM.attributes
                0x0000068f       0x34 C:/Users/Asus/Desktop/New folder (2)/STM32CubeIDE_1.16.0/STM32CubeIDE/plugins/com.st.stm32cube.ide.mcu.externaltools.gnu-tools-for-stm32.12.3.rel1.win32_1.0.200.202406191623/tools/bin/../lib/gcc/arm-none-eabi/12.3.1/../../../../arm-none-eabi/lib/thumb/v7e-m+fp/hard\libc_nano.a(libc_a-puts.o)
 .ARM.attributes
                0x000006c3       0x34 C:/Users/Asus/Desktop/New folder (2)/STM32CubeIDE_1.16.0/STM32CubeIDE/plugins/com.st.stm32cube.ide.mcu.externaltools.gnu-tools-for-stm32.12.3.rel1.win32_1.0.200.202406191623/tools/bin/../lib/gcc/arm-none-eabi/12.3.1/../../../../arm-none-eabi/lib/thumb/v7e-m+fp/hard\libc_nano.a(libc_a-stdio.o)
 .ARM.attributes
                0x000006f7       0x34 C:/Users/Asus/Desktop/New folder (2)/STM32CubeIDE_1.16.0/STM32CubeIDE/plugins/com.st.stm32cube.ide.mcu.externaltools.gnu-tools-for-stm32.12.3.rel1.win32_1.0.200.202406191623/tools/bin/../lib/gcc/arm-none-eabi/12.3.1/../../../../arm-none-eabi/lib/thumb/v7e-m+fp/hard\libc_nano.a(libc_a-wbuf.o)
 .ARM.attributes