Archive member included to satisfy reference by file (symbol)

C:/Users/Asus/Desktop/New folder (2)/STM32CubeIDE_1.16.0/STM32CubeIDE/plugins/com.st.stm32cube.ide.mcu.externaltools.gnu-tools-for-stm32.12.3.rel1.win32_1.0.200.202406191623/tools/bin/../lib/gcc/arm-none-eabi/12.3.1/../../../../arm-none-eabi/lib/thumb/v7e-m+fp/hard\libc_nano.a(libc_a-exit.o)
                              C:/Users/Asus/Desktop/New folder (2)/STM32CubeIDE_1.16.0/STM32CubeIDE/plugins/com.st.stm32cube.ide.mcu.externaltools.gnu-tools-for-stm32.12.3.rel1.win32_1.0.200.202406191623/tools/bin/../lib/gcc/arm-none-eabi/12.3.1/../../../../arm-none-eabi/lib/thumb/v7e-m+fp/hard/crt0.o (exit)
C:/Users/Asus/Desktop/New folder (2)/STM32CubeIDE_1.16.0/STM32CubeIDE/plugins/com.st.stm32cube.ide.mcu.externaltools.gnu-tools-for-stm32.12.3.rel1.win32_1.0.200.202406191623/tools/bin/../lib/gcc/arm-none-eabi/12.3.1/../../../../arm-none-eabi/lib/thumb/v7e-m+fp/hard\libc_nano.a(libc_a-findfp.o)
                              C:/Users/Asus/Desktop/New folder (2)/STM32CubeIDE_1.16.0/STM32CubeIDE/plugins/com.st.stm32cube.ide.mcu.externaltools.gnu-tools-for-stm32.12.3.rel1.win32_1.0.200.202406191623/tools/bin/../lib/gcc/arm-none-eabi/12.3.1/../../../../arm-none-eabi/lib/thumb/v7e-m+fp/hard\libc_nano.a(libc_a-exit.o) (__stdio_exit_handler)
C:/Users/Asus/Desktop/New folder (2)/STM32CubeIDE_1.16.0/STM32CubeIDE/plugins/com.st.stm32cube.ide.mcu.externaltools.gnu-tools-for-stm32.12.3.rel1.win32_1.0.200.202406191623/tools/bin/../lib/gcc/arm-none-eabi/12.3.1/../../../../arm-none-eabi/lib/thumb/v7e-m+fp/hard\libc_nano.a(libc_a-fwalk.o)
                              C:/Users/Asus/Desktop/New folder (2)/STM32CubeIDE_1.16.0/STM32CubeIDE/plugins/com.st.stm32cube.ide.mcu.externaltools.gnu-tools-for-stm32.12.3.rel1.win32_1.0.200.202406191623/tools/bin/../lib/gcc/arm-none-eabi/12.3.1/../../../../arm-none-eabi/lib/thumb/v7e-m+fp/hard\libc_nano.a(libc_a-findfp.o) (_fwalk_sglue)
C:/Users/Asus/Desktop/New folder (2)/STM32CubeIDE_1.16.0/STM32CubeIDE/plugins/com.st.stm32cube.ide.mcu.externaltools.gnu-tools-for-stm32.12.3.rel1.win32_1.0.200.202406191623/tools/bin/../lib/gcc/arm-none-eabi/12.3.1/../../../../arm-none-eabi/lib/thumb/v7e-m+fp/hard\libc_nano.a(libc_a-printf.o)
                              ./Core/Src/main.o (printf)
C:/Users/Asus/Desktop/New folder (2)/STM32CubeIDE_1.16.0/STM32CubeIDE/plugins/com.st.stm32cube.ide.mcu.externaltools.gnu-tools-for-stm32.12.3.rel1.win32_1.0.200.202406191623/tools/bin/../lib/gcc/arm-none-eabi/12.3.1/../../../../arm-none-eabi/lib/thumb/v7e-m+fp/hard\libc_nano.a(libc_a-puts.o)
                              ./Core/Src/main.o (puts)
C:/Users/Asus/Desktop/New folder (2)/STM32CubeIDE_1.16.0/STM32CubeIDE/plugins/com.st.stm32cube.ide.mcu.externaltools.gnu-tools-for-stm32.12.3.rel1.win32_1.0.200.202406191623/tools/bin/../lib/gcc/arm-none-eabi/12.3.1/../../../../arm-none-eabi/lib/thumb/v7e-m+fp/hard\libc_nano.a(libc_a-stdio.o)
                              C:/Users/Asus/Desktop/New folder (2)/STM32CubeIDE_1.16.0/STM32CubeIDE/plugins/com.st.stm32cube.ide.mcu.externaltools.gnu-tools-for-stm32.12.3.rel1.win32_1.0.200.202406191623/tools/bin/../lib/gcc/arm-none-eabi/12.3.1/../../../../arm-none-eabi/lib/thumb/v7e-m+fp/hard\libc_nano.a(libc_a-findfp.o) (__sread)
C:/Users/Asus/Desktop/New folder (2)/STM32CubeIDE_1.16.0/STM32CubeIDE/plugins/com.st.stm32cube.ide.mcu.externaltools.gnu-tools-for-stm32.12.3.rel1.win32_1.0.200.202406191623/tools/bin/../lib/gcc/arm-none-eabi/12.3.1/../../../../arm-none-eabi/lib/thumb/v7e-m+fp/hard\libc_nano.a(libc_a-wbuf.o)
                              C:/Users/Asus/Desktop/New folder (2)/STM32CubeIDE_1.16.0/STM32CubeIDE/plugins/com.st.stm32cube.ide.mcu.externaltools.gnu-tools-for-stm32.12.3.rel1.win32_1.0.200.202406191623/tools/bin/../lib/gcc/arm-none-eabi/12.3.1/../../../../arm-none-eabi/lib/thumb/v7e-m+fp/hard\libc_nano.a(libc_a-puts.o) (__swbuf_r)
C:/Users/Asus/Desktop/New folder (2)/STM32CubeIDE_1.16.0/STM32CubeIDE/plugins/com.st.stm32cube.ide.mcu.externaltools.gnu-tools-for-stm32.12.3.rel1.win32_1.0.200.202406191623/tools/bin/../lib/gcc/arm-none-eabi/12.3.1/../../../../arm-none-eabi/lib/thumb/v7e-m+fp/hard\libc_nano.a(libc_a-wsetup.o)
                              C:/Users/Asus/Desktop/New folder (2)/STM32CubeIDE_1.16.0/STM32CubeIDE/plugins/com.st.stm32cube.ide.mcu.externaltools.gnu-tools-for-stm32.12.3.rel1.win32_1.0.200.202406191623/tools/bin/../lib/gcc/arm-none-eabi/12.3.1/../../../../arm-none-eabi/lib/thumb/v7e-m+fp/hard\libc_nano.a(libc_a-puts.o) (__swsetup_r)
C:/Users/Asus/Desktop/New folder (2)/STM32CubeIDE_1.16.0/STM32CubeIDE/plugins/com.st.stm32cube.ide.mcu.externaltools.gnu-tools-for-stm32.12.3.rel1.win32_1.0.200.202406191623/tools/bin/../lib/gcc/arm-none-eabi/12.3.1/../../../../arm-none-eabi/lib/thumb/v7e-m+fp/hard\libc_nano.a(libc_a-memcmp.o)
                              ./Core/Src/main.o (memcmp)
[...]
Memory Configuration

Name             Origin             Length             Attributes
RAM              0x20000000         0x00010000         xrw
FLASH            0x08000000         0x00040000         xr
*default*        0x00000000         0xffffffff

Linker script and memory map

LOAD C:/Users/Asus/Desktop/New folder (2)/STM32CubeIDE_1.16.0/STM32CubeIDE/plugins/com.st.stm32cube.ide.mcu.externaltools.gnu-tools-for-stm32.12.3.rel1.win32_1.0.200.202406191623/tools/bin/../lib/gcc/arm-none-eabi/12.3.1/thumb/v7e-m+fp/hard/crti.o
LOAD C:/Users/Asus/Desktop/New folder (2)/STM32CubeIDE_1.16.0/STM32CubeIDE/plugins/com.st.stm32cube.ide.mcu.externaltools.gnu-tools-for-stm32.12.3.rel1.win32_1.0.200.202406191623/tools/bin/../lib/gcc/arm-none-eabi/12.3.1/thumb/v7e-m+fp/hard/crtbegin.o
LOAD C:/Users/Asus/Desktop/New folder (2)/STM32CubeIDE_1.16.0/STM32CubeIDE/plugins/com.st.stm32cube.ide.mcu.externaltools.gnu-tools-for-stm32.12.3.rel1.win32_1.0.200.202406191623/tools/bin/../lib/gcc/arm-none-eabi/12.3.1/../../../../arm-none-eabi/lib/thumb/v7e-m+fp/hard/crt0.o
LOAD ./Core/Src/BMP/BMP_280.o
LOAD ./Core/Src/BMP/app_bmp_280.o
LOAD ./Core/Src/Black_box/W25Q128.o
LOAD ./Core/Src/Black_box/app_balckbox.o
LOAD ./Core/Src/GPS/app_gps.o
LOAD ./Core/Src/GPS/gps.o
LOAD ./Core/Src/MPU9250/app_mpu.o
LOAD ./Core/Src/VL53L1X/VL53L1X.o
LOAD ./Core/Src/VL53L1X/VL53L1X_api.o
LOAD ./Core/Src/VL53L1X/VL53L1X_calibration.o
LOAD ./Core/Src/VL53L1X/vl53l1_platform.o
LOAD ./Core/Src/main.o
LOAD ./Core/Src/stm32f4xx_hal_msp.o
LOAD ./Core/Src/stm32f4xx_it.o
LOAD ./Core/Src/syscalls.o
LOAD ./Core/Src/sysmem.o
LOAD ./Core/Src/system_stm32f4xx.o
LOAD ./Core/Src/receive/mc7re.o
LOAD ./Core/Startup/startup_stm32f401ccux.o
LOAD ./Drivers/STM32F4xx_HAL_Driver/Src/stm32f4xx_hal.o
LOAD ./Drivers/STM32F4xx_HAL_Driver/Src/stm32f4xx_hal_cortex.o
LOAD ./Drivers/STM32F4xx_HAL_Driver/Src/stm32f4xx_hal_dma.o
LOAD ./Drivers/STM32F4xx_HAL_Driver/Src/stm32f4xx_hal_dma_ex.o
LOAD ./Drivers/STM32F4xx_HAL_Driver/Src/stm32f4xx_hal_exti.o
LOAD ./Drivers/STM32F4xx_HAL_Driver/Src/stm32f4xx_hal_flash.o
LOAD ./Drivers/STM32F4xx_HAL_Driver/Src/stm32f4xx_hal_flash_ex.o
LOAD ./Drivers/STM32F4xx_HAL_Driver/Src/stm32f4xx_hal_flash_ramfunc.o
LOAD ./Drivers/STM32F4xx_HAL_Driver/Src/stm32f4xx_hal_gpio.o
LOAD ./Drivers/STM32F4xx_HAL_Driver/Src/stm32f4xx_hal_i2c.o
LOAD ./Drivers/STM32F4xx_HAL_Driver/Src/stm32f4xx_hal_i2c_ex.o
LOAD ./Drivers/STM32F4xx_HAL_Driver/Src/stm32f4xx_hal_pwr.o
LOAD ./Drivers/STM32F4xx_HAL_Driver/Src/stm32f4xx_hal_pwr_ex.o
LOAD ./Drivers/STM32F4xx_HAL_Driver/Src/stm32f4xx_hal_rcc.o
LOAD ./Drivers/STM32F4xx_HAL_Driver/Src/stm32f4xx_hal_rcc_ex.o
LOAD ./Drivers/STM32F4xx_HAL_Driver/Src/stm32f4xx_hal_spi.o
LOAD ./Drivers/STM32F4xx_HAL_Driver/Src/stm32f4xx_hal_tim.o
LOAD ./Drivers/STM32F4xx_HAL_Driver/Src/stm32f4xx_hal_tim_ex.o
LOAD ./Drivers/STM32F4xx_HAL_Driver/Src/stm32f4xx_hal_uart.o
START GROUP
LOAD C:/Users/Asus/Desktop/New folder (2)/STM32CubeIDE_1.16.0/STM32CubeIDE/plugins/com.st.stm32cube.ide.mcu.externaltools.gnu-tools-for-stm32.12.3.rel1.win32_1.0.200.202406191623/tools/bin/../lib/gcc/arm-none-eabi/12.3.1/../../../../arm-none-eabi/lib/thumb/v7e-m+fp/hard\libc_nano.a
LOAD C:/Users/Asus/Desktop/New folder (2)/STM32CubeIDE_1.16.0/STM32CubeIDE/plugins/com.st.stm32cube.ide.mcu.externaltools.gnu-tools-for-stm32.12.3.rel1.win32_1.0.200.202406191623/tools/bin/../lib/gcc/arm-none-eabi/12.3.1/../../../../arm-none-eabi/lib/thumb/v7e-m+fp/hard\libm.a
END GROUP
START GROUP
LOAD C:/Users/Asus/Desktop/New folder (2)/STM32CubeIDE_1.16.0/STM32CubeIDE/plugins/com.st.stm32cube.ide.mcu.externaltools.gnu-tools-for-stm32.12.3.rel1.win32_1.0.200.202406191623/tools/bin/../lib/gcc/arm-none-eabi/12.3.1/thumb/v7e-m+fp/hard\libgcc.a
LOAD C:/Users/Asus/Desktop/New folder (2)/STM32CubeIDE_1.16.0/STM32CubeIDE/plugins/com.st.stm32cube.ide.mcu.externaltools.gnu-tools-for-stm32.12.3.rel1.win32_1.0.200.202406191623/tools/bin/../lib/gcc/arm-none-eabi/12.3.1/../../../../arm-none-eabi/lib/thumb/v7e-m+fp/hard\libc_nano.a
END GROUP
START GROUP
LOAD C:/Users/Asus/Desktop/New folder (2)/STM32CubeIDE_1.16.0/STM32CubeIDE/plugins/com.st.stm32cube.ide.mcu.externaltools.gnu-tools-for-stm32.12.3.rel1.win32_1.0.200.202406191623/tools/bin/../lib/gcc/arm-none-eabi/12.3.1/thumb/v7e-m+fp/hard\libgcc.a
LOAD C:/Users/Asus/Desktop/New folder (2)/STM32CubeIDE_1.16.0/STM32CubeIDE/plugins/com.st.stm32cube.ide.mcu.externaltools.gnu-tools-for-stm32.12.3.rel1.win32_1.0.200.202406191623/tools/bin/../lib/gcc/arm-none-eabi/12.3.1/../../../../arm-none-eabi/lib/thumb/v7e-m+fp/hard\libc_nano.a
LOAD C:/Users/Asus/Desktop/New folder (2)/STM32CubeIDE_1.16.0/STM32CubeIDE/plugins/com.st.stm32cube.ide.mcu.externaltools.gnu-tools-for-stm32.12.3.rel1.win32_1.0.200.202406191623/tools/bin/../lib/gcc/arm-none-eabi/12.3.1/../../../../arm-none-eabi/lib/thumb/v7e-m+fp/hard\libnosys.a
END GROUP
START GROUP
LOAD C:/Users/Asus/Desktop/New folder (2)/STM32CubeIDE_1.16.0/STM32CubeIDE/plugins/com.st.stm32cube.ide.mcu.externaltools.gnu-tools-for-stm32.12.3.rel1.win32_1.0.200.202406191623/tools/bin/../lib/gcc/arm-none-eabi/12.3.1/thumb/v7e-m+fp/hard\libgcc.a
LOAD C:/Users/Asus/Desktop/New folder (2)/STM32CubeIDE_1.16.0/STM32CubeIDE/plugins/com.st.stm32cube.ide.mcu.externaltools.gnu-tools-for-stm32.12.3.rel1.win32_1.0.200.202406191623/tools/bin/../lib/gcc/arm-none-eabi/12.3.1/../../../../arm-none-eabi/lib/thumb/v7e-m+fp/hard\libc_nano.a
LOAD C:/Users/Asus/Desktop/New folder (2)/STM32CubeIDE_1.16.0/STM32CubeIDE/plugins/com.st.stm32cube.ide.mcu.externaltools.gnu-tools-for-stm32.12.3.rel1.win32_1.0.200.202406191623/tools/bin/../lib/gcc/arm-none-eabi/12.3.1/../../../../arm-none-eabi/lib/thumb/v7e-m+fp/hard\libnosys.a
END GROUP
LOAD C:/Users/Asus/Desktop/New folder (2)/STM32CubeIDE_1.16.0/STM32CubeIDE/plugins/com.st.stm32cube.ide.mcu.externaltools.gnu-tools-for-stm32.12.3.rel1.win32_1.0.200.202406191623/tools/bin/../lib/gcc/arm-none-eabi/12.3.1/thumb/v7e-m+fp/hard/crtend.o
LOAD C:/Users/Asus/Desktop/New folder (2)/STM32CubeIDE_1.16.0/STM32CubeIDE/plugins/com.st.stm32cube.ide.mcu.externaltools.gnu-tools-for-stm32.12.3.rel1.win32_1.0.200.202406191623/tools/bin/../lib/gcc/arm-none-eabi/12.3.1/thumb/v7e-m+fp/hard/crtn.o
                0x20010000                        _estack = (ORIGIN (RAM) + LENGTH (RAM))
                0x00000200                        _Min_Heap_Size = 0x200
                0x00000400                        _Min_Stack_Size = 0x400

.isr_vector     0x08000000      0x194
                0x08000000                        . = ALIGN (0x4)
 *(.isr_vector)
 .isr_vector    0x08000000      0x194 ./Core/Startup/startup_stm32f401ccux.o
                0x08000000                g_pfnVectors
                0x08000194                        . = ALIGN (0x4)

.text           0x080001a0     0xab00
                0x080001a0                        . = ALIGN (0x4)
 *(.text)
 .text          0x080001a0       0x40 C:/Users/Asus/Desktop/New folder (2)/STM32CubeIDE_1.16.0/STM32CubeIDE/plugins/com.st.stm32cube.ide.mcu.externaltools.gnu-tools-for-stm32.12.3.rel1.win32_1.0.200.202406191623/tools/bin/../lib/gcc/arm-none-eabi/12.3.1/thumb/v7e-m+fp/hard/crtbegin.o
 .text          0x080001e0       0xa0 C:/Users/Asus/Desktop/New folder (2)/STM32CubeIDE_1.16.0/STM32CubeIDE/plugins/com.st.stm32cube.ide.mcu.externaltools.gnu-tools-for-stm32.12.3.rel1.win32_1.0.200.202406191623/tools/bin/../lib/gcc/arm-none-eabi/12.3.1/../../../../arm-none-eabi/lib/thumb/v7e-m+fp/hard\libc_nano.a(libc_a-memchr.o)
                0x080001e0                memchr
 .text          0x08000280       0xa0 C:/Users/Asus/Desktop/New folder (2)/STM32CubeIDE_1.16.0/STM32CubeIDE/plugins/com.st.stm32cube.ide.mcu.externaltools.gnu-tools-for-stm32.12.3.rel1.win32_1.0.200.202406191623/tools/bin/../lib/gcc/arm-none-eabi/12.3.1/thumb/v7e-m+fp/hard\libgcc.a(_aeabi_ldivmod.o)
                0x08000280                __aeabi_ldivmod
 .text          0x08000320       0x30 C:/Users/Asus/Desktop/New folder (2)/STM32CubeIDE_1.16.0/STM32CubeIDE/plugins/com.st.stm32cube.ide.mcu.externaltools.gnu-tools-for-stm32.12.3.rel1.win32_1.0.200.202406191623/tools/bin/../lib/gcc/arm-none-eabi/12.3.1/thumb/v7e-m+fp/hard\libgcc.a(_aeabi_uldivmod.o)
                0x08000320                __aeabi_uldivmod
 .text          0x08000350      0x2bc C:/Users/Asus/Desktop/New folder (2)/STM32CubeIDE_1.16.0/STM32CubeIDE/plugins/com.st.stm32cube.ide.mcu.externaltools.gnu-tools-for-stm32.12.3.rel1.win32_1.0.200.202406191623/tools/bin/../lib/gcc/arm-none-eabi/12.3.1/thumb/v7e-m+fp/hard\libgcc.a(_udivmoddi4.o)
                0x08000350                __udivmoddi4
 .text          0x0800060c        0x4 C:/Users/Asus/Desktop/New folder (2)/STM32CubeIDE_1.16.0/STM32CubeIDE/plugins/com.st.stm32cube.ide.mcu.externaltools.gnu-tools-for-stm32.12.3.rel1.win32_1.0.200.202406191623/tools/bin/../lib/gcc/arm-none-eabi/12.3.1/thumb/v7e-m+fp/hard\libgcc.a(_dvmd_tls.o)
                0x0800060c                __aeabi_idiv0
                0x0800060c                __aeabi_ldiv0
 *(.text*)
 .text.BMP280_Select
                0x08000610       0x30 ./Core/Src/BMP/BMP_280.o
 .text.BMP280_Deselect
                0x08000640       0x20 ./Core/Src/BMP/BMP_280.o
 .text.BMP280_ReadRegs
                0x08000660       0x74 ./Core/Src/BMP/BMP_280.o
 .text.BMP280_WriteReg
                0x080006d4       0x54 ./Core/Src/BMP/BMP_280.o
 .text.BMP280_U16_LE
                0x08000728       0x2c ./Core/Src/BMP/BMP_280.o
 .text.BMP280_S16_LE
                0x08000754       0x2c ./Core/Src/BMP/BMP_280.o
 .text.BMP280_ReadCalib
                0x08000780      0x12a ./Core/Src/BMP/BMP_280.o
 .text.BMP280_CompensateTemp
                0x080008aa       0x74 ./Core/Src/BMP/BMP_280.o
 .text.BMP280_CompensatePress
                0x0800091e      0x596 ./Core/Src/BMP/BMP_280.o
 .text.BMP280_DriverInit
                0x08000eb4       0x6a ./Core/Src/BMP/BMP_280.o
                0x08000eb4                BMP280_DriverInit
 .text.BMP280_ReadChipID
                0x08000f1e       0x48 ./Core/Src/BMP/BMP_280.o
                0x08000f1e                BMP280_ReadChipID
 .text.BMP280_Init
                0x08000f66       0xc0 ./Core/Src/BMP/BMP_280.o
                0x08000f66                BMP280_Init
 .text.BMP280_ReadRaw
                0x08001026       0x96 ./Core/Src/BMP/BMP_280.o
                0x08001026                BMP280_ReadRaw
 .text.BMP280_AppInit
                0x080010bc       0x38 ./Core/Src/BMP/app_bmp_280.o
                0x080010bc                BMP280_AppInit
 .text.BMP280_AppGetValue
                0x080010f4       0x7c ./Core/Src/BMP/app_bmp_280.o
                0x080010f4                BMP280_AppGetValue
 .text.W25_CS_Low
                0x08001170       0x1c ./Core/Src/Black_box/W25Q128.o
 .text.W25_CS_High
                0x0800118c       0x1c ./Core/Src/Black_box/W25Q128.o
 .text.W25_Tx   0x080011a8       0x38 ./Core/Src/Black_box/W25Q128.o
 .text.W25_Rx   0x080011e0       0x38 ./Core/Src/Black_box/W25Q128.o
 .text.W25_TxRx
                0x08001218       0x40 ./Core/Src/Black_box/W25Q128.o
 .text.W25_Init
                0x08001258       0xb4 ./Core/Src/Black_box/W25Q128.o
                0x08001258                W25_Init
 .text.W25_ReadJEDEC_ID
                0x0800130c       0x62 ./Core/Src/Black_box/W25Q128.o
 .text.W25_ReadStatus1
                0x0800136e       0x3c ./Core/Src/Black_box/W25Q128.o
                0x0800136e                W25_ReadStatus1
 .text.W25_WriteEnable
                0x080013aa       0x4c ./Core/Src/Black_box/W25Q128.o
                0x080013aa                W25_WriteEnable
 .text.W25_WaitBusy
                0x080013f6       0x42 ./Core/Src/Black_box/W25Q128.o
                0x080013f6                W25_WaitBusy
 .text.W25_Read
                0x08001438       0x94 ./Core/Src/Black_box/W25Q128.o
                0x08001438                W25_Read
 .text.W25_PageProgram
                0x080014cc       0xd4 ./Core/Src/Black_box/W25Q128.o
                0x080014cc                W25_PageProgram
 .text.W25_Write
                0x080015a0       0xac ./Core/Src/Black_box/W25Q128.o
                0x080015a0                W25_Write
 .text.W25_ReadByte
                0x0800164c       0x1e ./Core/Src/Black_box/W25Q128.o
                0x0800164c                W25_ReadByte
 *fill*         0x0800166a        0x2 
 .text.W25_FindFirstEmpty
                0x0800166c       0x84 ./Core/Src/Black_box/W25Q128.o
                0x0800166c                W25_FindFirstEmpty
 .text.W25_AppendRecord
                0x080016f0       0xa4 ./Core/Src/Black_box/W25Q128.o
                0x080016f0                W25_AppendRecord
 .text.APP_BB_CalcCRC
                0x08001794       0x4c ./Core/Src/Black_box/app_balckbox.o
 .text.APP_BB_Init
                0x080017e0       0xa4 ./Core/Src/Black_box/app_balckbox.o
                0x080017e0                APP_BB_Init
 .text.APP_BB_Log
                0x08001884      0x138 ./Core/Src/Black_box/app_balckbox.o
                0x08001884                APP_BB_Log
 .text.APP_BB_ReadRecord
                0x080019bc      0x20c ./Core/Src/Black_box/app_balckbox.o
                0x080019bc                APP_BB_ReadRecord
 .text.GPS_App_ClearData
                0x08001bc8       0x18 ./Core/Src/GPS/app_gps.o
 .text.GPS_App_CopyField
                0x08001be0       0x5c ./Core/Src/GPS/app_gps.o
 .text.GPS_App_ParseRMC
                0x08001c3c      0x11c ./Core/Src/GPS/app_gps.o
 .text.GPS_App_ProcessLine
                0x08001d58       0x40 ./Core/Src/GPS/app_gps.o
 .text.GPS_App_Init
                0x08001d98       0x2c ./Core/Src/GPS/app_gps.o
                0x08001d98                GPS_App_Init
 .text.GPS_App_Task
                0x08001dc4       0xa4 ./Core/Src/GPS/app_gps.o
                0x08001dc4                GPS_App_Task
 .text.GPS_App_GetLatest
                0x08001e68       0x34 ./Core/Src/GPS/app_gps.o
                0x08001e68                GPS_App_GetLatest
 .text.GPS_PushByte
                0x08001e9c       0x54 ./Core/Src/GPS/gps.o
 .text.GPS_Init
                0x08001ef0       0x30 ./Core/Src/GPS/gps.o
                0x08001ef0                GPS_Init
 .text.GPS_Start
                0x08001f20       0x40 ./Core/Src/GPS/gps.o
                0x08001f20                GPS_Start
 .text.GPS_RxEventCallback
                0x08001f60       0x60 ./Core/Src/GPS/gps.o
                0x08001f60                GPS_RxEventCallback
 .text.GPS_ReadByte
                0x08001fc0       0x60 ./Core/Src/GPS/gps.o
                0x08001fc0                GPS_ReadByte
 .text.MPU_begin
                0x08002020       0x80 ./Core/Src/MPU9250/app_mpu.o
                0x08002020                MPU_begin
 .text.MPU_REG_WRITE
                0x080020a0       0x42 ./Core/Src/MPU9250/app_mpu.o
                0x080020a0                MPU_REG_WRITE
 .text.MPU_REG_READ
                0x080020e2       0x50 ./Core/Src/MPU9250/app_mpu.o
                0x080020e2                MPU_REG_READ
 .text.MPU_CS   0x08002132       0x28 ./Core/Src/MPU9250/app_mpu.o
                0x08002132                MPU_CS
 *fill*         0x0800215a        0x2 
 .text.MPU_writeAccFullScaleRange
                0x0800215c       0xd0 ./Core/Src/MPU9250/app_mpu.o
                0x0800215c                MPU_writeAccFullScaleRange
 .text.MPU_writeGyroFullScaleRange
                0x0800222c       0xd4 ./Core/Src/MPU9250/app_mpu.o
                0x0800222c                MPU_writeGyroFullScaleRange
 .text.MPU_readRawData
                0x08002300       0x90 ./Core/Src/MPU9250/app_mpu.o
                0x08002300                MPU_readRawData
 .text.MPU_calibrateGyro
                0x08002390       0xd2 ./Core/Src/MPU9250/app_mpu.o
                0x08002390                MPU_calibrateGyro
 *fill*         0x08002462        0x2 
 .text.TOF_InitStruct
                0x08002464       0xa4 ./Core/Src/VL53L1X/VL53L1X.o
                0x08002464                TOF_InitStruct
 .text.TOF_TurnOn
                0x08002508       0x20 ./Core/Src/VL53L1X/VL53L1X.o
                0x08002508                TOF_TurnOn
 .text.TOF_TurnOff
                0x08002528       0x20 ./Core/Src/VL53L1X/VL53L1X.o
                0x08002528                TOF_TurnOff
 .text.TOF_BootMultipleSensors
                0x08002548       0x6a ./Core/Src/VL53L1X/VL53L1X.o
                0x08002548                TOF_BootMultipleSensors
 *fill*         0x080025b2        0x2 
 .text.TOF_BootSensor
                0x080025b4      0x10c ./Core/Src/VL53L1X/VL53L1X.o
                0x080025b4                TOF_BootSensor
 .text.TOF_GetDistance
                0x080026c0       0x54 ./Core/Src/VL53L1X/VL53L1X.o
                0x080026c0                TOF_GetDistance
 .text.TOF_SetLogFunction
                0x08002714       0x20 ./Core/Src/VL53L1X/VL53L1X.o
                0x08002714                TOF_SetLogFunction
 .text.VL53L1X_SetI2CAddress
                0x08002734       0x36 ./Core/Src/VL53L1X/VL53L1X_api.o
                0x08002734                VL53L1X_SetI2CAddress
 *fill*         0x0800276a        0x2 
 .text.VL53L1X_SensorInit
                0x0800276c       0xd8 ./Core/Src/VL53L1X/VL53L1X_api.o
                0x0800276c                VL53L1X_SensorInit
 .text.VL53L1X_ClearInterrupt
                0x08002844       0x30 ./Core/Src/VL53L1X/VL53L1X_api.o
                0x08002844                VL53L1X_ClearInterrupt
 .text.VL53L1X_GetInterruptPolarity
                0x08002874       0x54 ./Core/Src/VL53L1X/VL53L1X_api.o
                0x08002874                VL53L1X_GetInterruptPolarity
 .text.VL53L1X_StartRanging
                0x080028c8       0x30 ./Core/Src/VL53L1X/VL53L1X_api.o
                0x080028c8                VL53L1X_StartRanging
 .text.VL53L1X_StopRanging
                0x080028f8       0x30 ./Core/Src/VL53L1X/VL53L1X_api.o
                0x080028f8                VL53L1X_StopRanging
 .text.VL53L1X_CheckForDataReady
                0x08002928       0x6e ./Core/Src/VL53L1X/VL53L1X_api.o
                0x08002928                VL53L1X_CheckForDataReady
 .text.VL53L1X_GetSensorId
                0x08002996       0x40 ./Core/Src/VL53L1X/VL53L1X_api.o
                0x08002996                VL53L1X_GetSensorId
 .text.VL53L1X_GetDistance
                0x080029d6       0x3a ./Core/Src/VL53L1X/VL53L1X_api.o
                0x080029d6                VL53L1X_GetDistance
 .text._GetTof  0x08002a10       0x60 ./Core/Src/VL53L1X/vl53l1_platform.o
                0x08002a10                _GetTof
 .text._I2CWrite
                0x08002a70       0x46 ./Core/Src/VL53L1X/vl53l1_platform.o
                0x08002a70                _I2CWrite
 .text._I2CRead
                0x08002ab6       0x46 ./Core/Src/VL53L1X/vl53l1_platform.o
                0x08002ab6                _I2CRead
 .text.VL53L1_WrByte
                0x08002afc       0x58 ./Core/Src/VL53L1X/vl53l1_platform.o
                0x08002afc                VL53L1_WrByte
 .text.VL53L1_RdByte
                0x08002b54       0x70 ./Core/Src/VL53L1X/vl53l1_platform.o
                0x08002b54                VL53L1_RdByte
 .text.VL53L1_RdWord
                0x08002bc4       0x80 ./Core/Src/VL53L1X/vl53l1_platform.o
                0x08002bc4                VL53L1_RdWord
 .text.HAL_UARTEx_RxEventCallback
                0x08002c44       0x28 ./Core/Src/main.o
                0x08002c44                HAL_UARTEx_RxEventCallback
 .text.main     0x08002c6c      0x270 ./Core/Src/main.o
                0x08002c6c                main
 .text.SystemClock_Config
                0x08002edc       0xd4 ./Core/Src/main.o
                0x08002edc                SystemClock_Config
 .text.MX_I2C1_Init
                0x08002fb0       0x5c ./Core/Src/main.o
 .text.MX_SPI1_Init
                0x0800300c       0x6c ./Core/Src/main.o
 .text.MX_USART1_UART_Init
                0x08003078       0x5c ./Core/Src/main.o
 .text.MX_USART2_UART_Init
                0x080030d4       0x54 ./Core/Src/main.o
 .text.MX_DMA_Init
                0x08003128       0x40 ./Core/Src/main.o
 .text.MX_GPIO_Init
                0x08003168      0x114 ./Core/Src/main.o
 .text.Error_Handler
                0x0800327c        0xc ./Core/Src/main.o
                0x0800327c                Error_Handler
 .text.HAL_MspInit
                0x08003288       0x50 ./Core/Src/stm32f4xx_hal_msp.o
                0x08003288                HAL_MspInit
 .text.HAL_I2C_MspInit
                0x080032d8       0xb0 ./Core/Src/stm32f4xx_hal_msp.o
                0x080032d8                HAL_I2C_MspInit
 .text.HAL_SPI_MspInit
                0x08003388       0x90 ./Core/Src/stm32f4xx_hal_msp.o
                0x08003388                HAL_SPI_MspInit
 .text.HAL_UART_MspInit
                0x08003418      0x17c ./Core/Src/stm32f4xx_hal_msp.o
                0x08003418                HAL_UART_MspInit
 .text.NMI_Handler
                0x08003594        0x8 ./Core/Src/stm32f4xx_it.o
                0x08003594                NMI_Handler
 .text.HardFault_Handler
                0x0800359c        0x8 ./Core/Src/stm32f4xx_it.o
                0x0800359c                HardFault_Handler
 .text.MemManage_Handler
                0x080035a4        0x8 ./Core/Src/stm32f4xx_it.o
                0x080035a4                MemManage_Handler
 .text.BusFault_Handler
                0x080035ac        0x8 ./Core/Src/stm32f4xx_it.o
                0x080035ac                BusFault_Handler
 .text.UsageFault_Handler
                0x080035b4        0x8 ./Core/Src/stm32f4xx_it.o
                0x080035b4                UsageFault_Handler
 .text.SVC_Handler
                0x080035bc        0xe ./Core/Src/stm32f4xx_it.o
                0x080035bc                SVC_Handler
 .text.DebugMon_Handler
                0x080035ca        0xe ./Core/Src/stm32f4xx_it.o
                0x080035ca                DebugMon_Handler
 .text.PendSV_Handler
                0x080035d8        0xe ./Core/Src/stm32f4xx_it.o
                0x080035d8                PendSV_Handler
 .text.SysTick_Handler
                0x080035e6        0xc ./Core/Src/stm32f4xx_it.o
                0x080035e6                SysTick_Handler
 *fill*         0x080035f2        0x2 
 .text.DMA1_Stream5_IRQHandler
                0x080035f4       0x14 ./Core/Src/stm32f4xx_it.o
                0x080035f4                DMA1_Stream5_IRQHandler
 .text.I2C1_EV_IRQHandler
                0x08003608       0x14 ./Core/Src/stm32f4xx_it.o
                0x08003608                I2C1_EV_IRQHandler
 .text.I2C1_ER_IRQHandler
                0x0800361c       0x14 ./Core/Src/stm32f4xx_it.o
                0x0800361c                I2C1_ER_IRQHandler
 .text.USART1_IRQHandler
                0x08003630       0x14 ./Core/Src/stm32f4xx_it.o
                0x08003630                USART1_IRQHandler
 .text.USART2_IRQHandler
                0x08003644       0x14 ./Core/Src/stm32f4xx_it.o
                0x08003644                USART2_IRQHandler
 .text._getpid  0x08003658       0x10 ./Core/Src/syscalls.o
                0x08003658                _getpid
 .text._kill    0x08003668       0x20 ./Core/Src/syscalls.o
                0x08003668                _kill
 .text._exit    0x08003688       0x16 ./Core/Src/syscalls.o
                0x08003688                _exit
 .text._read    0x0800369e       0x3a ./Core/Src/syscalls.o
                0x0800369e                _read
 .text._write   0x080036d8       0x38 ./Core/Src/syscalls.o
                0x080036d8                _write
 .text._close   0x08003710       0x18 ./Core/Src/syscalls.o
                0x08003710                _close
 .text._fstat   0x08003728       0x20 ./Core/Src/syscalls.o
                0x08003728                _fstat
 .text._isatty  0x08003748       0x16 ./Core/Src/syscalls.o
                0x08003748                _isatty
 .text._lseek   0x0800375e       0x1a ./Core/Src/syscalls.o
                0x0800375e                _lseek
 .text._sbrk    0x08003778       0x6c ./Core/Src/sysmem.o
                0x08003778                _sbrk
 .text.SystemInit
                0x080037e4       0x24 ./Core/Src/system_stm32f4xx.o
                0x080037e4                SystemInit
 .text.SBUS_Parse
                0x08003808      0x160 ./Core/Src/receive/mc7re.o
 .text.HAL_UART_RxCpltCallback
                0x08003968       0x94 ./Core/Src/receive/mc7re.o
                0x08003968                HAL_UART_RxCpltCallback
 .text.MC7RE_Get_valid
                0x080039fc       0x8c ./Core/Src/receive/mc7re.o
                0x080039fc                MC7RE_Get_valid
 .text.Reset_Handler
                0x08003a88       0x50 ./Core/Startup/startup_stm32f401ccux.o
                0x08003a88                Reset_Handler
 .text.Default_Handler
                0x08003ad8        0x2 ./Core/Startup/startup_stm32f401ccux.o
                0x08003ad8                RTC_Alarm_IRQHandler
                0x08003ad8                EXTI2_IRQHandler
                0x08003ad8                SPI4_IRQHandler
                0x08003ad8                TIM1_CC_IRQHandler
                0x08003ad8                DMA2_Stream5_IRQHandler
                0x08003ad8                PVD_IRQHandler
                0x08003ad8                SDIO_IRQHandler
                0x08003ad8                TAMP_STAMP_IRQHandler
                0x08003ad8                EXTI3_IRQHandler
                0x08003ad8                TIM1_UP_TIM10_IRQHandler
                0x08003ad8                I2C3_ER_IRQHandler
                0x08003ad8                EXTI0_IRQHandler
                0x08003ad8                I2C2_EV_IRQHandler
                0x08003ad8                DMA1_Stream2_IRQHandler
                0x08003ad8                FPU_IRQHandler
                0x08003ad8                DMA2_Stream2_IRQHandler
                0x08003ad8                SPI1_IRQHandler
                0x08003ad8                TIM1_BRK_TIM9_IRQHandler
                0x08003ad8                DMA2_Stream3_IRQHandler
                0x08003ad8                USART6_IRQHandler
                0x08003ad8                DMA2_Stream0_IRQHandler
                0x08003ad8                TIM4_IRQHandler
                0x08003ad8                DMA1_Stream6_IRQHandler
                0x08003ad8                DMA1_Stream1_IRQHandler
                0x08003ad8                TIM3_IRQHandler
                0x08003ad8                RCC_IRQHandler
                0x08003ad8                Default_Handler
                0x08003ad8                EXTI15_10_IRQHandler
                0x08003ad8                ADC_IRQHandler
                0x08003ad8                DMA1_Stream7_IRQHandler
                0x08003ad8                TIM5_IRQHandler
                0x08003ad8                DMA2_Stream7_IRQHandler
                0x08003ad8                I2C3_EV_IRQHandler
                0x08003ad8                EXTI9_5_IRQHandler
                0x08003ad8                RTC_WKUP_IRQHandler
                0x08003ad8                SPI2_IRQHandler
                0x08003ad8                DMA1_Stream0_IRQHandler
                0x08003ad8                EXTI4_IRQHandler
                0x08003ad8                WWDG_IRQHandler
                0x08003ad8                TIM2_IRQHandler
                0x08003ad8                OTG_FS_WKUP_IRQHandler
                0x08003ad8                TIM1_TRG_COM_TIM11_IRQHandler
                0x08003ad8                EXTI1_IRQHandler
                0x08003ad8                I2C2_ER_IRQHandler
                0x08003ad8                DMA2_Stream1_IRQHandler
                0x08003ad8                FLASH_IRQHandler
                0x08003ad8                DMA2_Stream4_IRQHandler
                0x08003ad8                OTG_FS_IRQHandler
                0x08003ad8                SPI3_IRQHandler
                0x08003ad8                DMA1_Stream4_IRQHandler
                0x08003ad8                DMA2_Stream6_IRQHandler
                0x08003ad8                DMA1_Stream3_IRQHandler
 *fill*         0x08003ada        0x2 
 .text.HAL_Init
                0x08003adc       0x44 ./Drivers/STM32F4xx_HAL_Driver/Src/stm32f4xx_hal.o
                0x08003adc                HAL_Init
 .text.HAL_InitTick
                0x08003b20       0x60 ./Drivers/STM32F4xx_HAL_Driver/Src/stm32f4xx_hal.o
                0x08003b20                HAL_InitTick
 .text.HAL_IncTick
                0x08003b80       0x28 ./Drivers/STM32F4xx_HAL_Driver/Src/stm32f4xx_hal.o
                0x08003b80                HAL_IncTick
 .text.HAL_GetTick
                0x08003ba8       0x18 ./Drivers/STM32F4xx_HAL_Driver/Src/stm32f4xx_hal.o
                0x08003ba8                HAL_GetTick
 .text.HAL_Delay
                0x08003bc0       0x48 ./Drivers/STM32F4xx_HAL_Driver/Src/stm32f4xx_hal.o
                0x08003bc0                HAL_Delay
 .text.__NVIC_SetPriorityGrouping
                0x08003c08       0x48 ./Drivers/STM32F4xx_HAL_Driver/Src/stm32f4xx_hal_cortex.o
 .text.__NVIC_GetPriorityGrouping
                0x08003c50       0x1c ./Drivers/STM32F4xx_HAL_Driver/Src/stm32f4xx_hal_cortex.o
 .text.__NVIC_EnableIRQ
                0x08003c6c       0x3c ./Drivers/STM32F4xx_HAL_Driver/Src/stm32f4xx_hal_cortex.o
 .text.__NVIC_SetPriority
                0x08003ca8       0x54 ./Drivers/STM32F4xx_HAL_Driver/Src/stm32f4xx_hal_cortex.o
 .text.NVIC_EncodePriority
                0x08003cfc       0x66 ./Drivers/STM32F4xx_HAL_Driver/Src/stm32f4xx_hal_cortex.o
 *fill*         0x08003d62        0x2 
 .text.SysTick_Config
                0x08003d64       0x44 ./Drivers/STM32F4xx_HAL_Driver/Src/stm32f4xx_hal_cortex.o
 .text.HAL_NVIC_SetPriorityGrouping
                0x08003da8       0x16 ./Drivers/STM32F4xx_HAL_Driver/Src/stm32f4xx_hal_cortex.o
                0x08003da8                HAL_NVIC_SetPriorityGrouping
 .text.HAL_NVIC_SetPriority
                0x08003dbe       0x38 ./Drivers/STM32F4xx_HAL_Driver/Src/stm32f4xx_hal_cortex.o
                0x08003dbe                HAL_NVIC_SetPriority
 .text.HAL_NVIC_EnableIRQ
                0x08003df6       0x1c ./Drivers/STM32F4xx_HAL_Driver/Src/stm32f4xx_hal_cortex.o
                0x08003df6                HAL_NVIC_EnableIRQ
 .text.HAL_SYSTICK_Config
                0x08003e12       0x18 ./Drivers/STM32F4xx_HAL_Driver/Src/stm32f4xx_hal_cortex.o
                0x08003e12                HAL_SYSTICK_Config
 *fill*         0x08003e2a        0x2 
 .text.HAL_DMA_Init
                0x08003e2c      0x15c ./Drivers/STM32F4xx_HAL_Driver/Src/stm32f4xx_hal_dma.o
                0x08003e2c                HAL_DMA_Init
 .text.HAL_DMA_Start_IT
                0x08003f88       0xb0 ./Drivers/STM32F4xx_HAL_Driver/Src/stm32f4xx_hal_dma.o
                0x08003f88                HAL_DMA_Start_IT
 .text.HAL_DMA_Abort
                0x08004038       0xe0 ./Drivers/STM32F4xx_HAL_Driver/Src/stm32f4xx_hal_dma.o
                0x08004038                HAL_DMA_Abort
 .text.HAL_DMA_Abort_IT
                0x08004118       0x44 ./Drivers/STM32F4xx_HAL_Driver/Src/stm32f4xx_hal_dma.o
                0x08004118                HAL_DMA_Abort_IT
 .text.HAL_DMA_IRQHandler
                0x0800415c      0x314 ./Drivers/STM32F4xx_HAL_Driver/Src/stm32f4xx_hal_dma.o
                0x0800415c                HAL_DMA_IRQHandler
 .text.HAL_DMA_GetState
                0x08004470       0x1c ./Drivers/STM32F4xx_HAL_Driver/Src/stm32f4xx_hal_dma.o
                0x08004470                HAL_DMA_GetState
 .text.DMA_SetConfig
                0x0800448c       0x5c ./Drivers/STM32F4xx_HAL_Driver/Src/stm32f4xx_hal_dma.o
 .text.DMA_CalcBaseAndBitshift
                0x080044e8       0x6c ./Drivers/STM32F4xx_HAL_Driver/Src/stm32f4xx_hal_dma.o
 .text.DMA_CheckFifoParam
                0x08004554       0xf8 ./Drivers/STM32F4xx_HAL_Driver/Src/stm32f4xx_hal_dma.o
 .text.HAL_GPIO_Init
                0x0800464c      0x308 ./Drivers/STM32F4xx_HAL_Driver/Src/stm32f4xx_hal_gpio.o
                0x0800464c                HAL_GPIO_Init
 .text.HAL_GPIO_WritePin
                0x08004954       0x32 ./Drivers/STM32F4xx_HAL_Driver/Src/stm32f4xx_hal_gpio.o
                0x08004954                HAL_GPIO_WritePin
 .text.HAL_GPIO_TogglePin
                0x08004986       0x34 ./Drivers/STM32F4xx_HAL_Driver/Src/stm32f4xx_hal_gpio.o
                0x08004986                HAL_GPIO_TogglePin
 *fill*         0x080049ba        0x2 
 .text.HAL_I2C_Init
                0x080049bc      0x288 ./Drivers/STM32F4xx_HAL_Driver/Src/stm32f4xx_hal_i2c.o
                0x080049bc                HAL_I2C_Init
 .text.I2C_Flush_DR
                0x08004c44       0x2a ./Drivers/STM32F4xx_HAL_Driver/Src/stm32f4xx_hal_i2c.o
 *fill*         0x08004c6e        0x2 
 .text.HAL_I2C_Master_Transmit
                0x08004c70      0x1fc ./Drivers/STM32F4xx_HAL_Driver/Src/stm32f4xx_hal_i2c.o
                0x08004c70                HAL_I2C_Master_Transmit
 .text.HAL_I2C_Master_Receive
                0x08004e6c      0x464 ./Drivers/STM32F4xx_HAL_Driver/Src/stm32f4xx_hal_i2c.o
                0x08004e6c                HAL_I2C_Master_Receive
 .text.HAL_I2C_EV_IRQHandler
                0x080052d0      0x2a6 ./Drivers/STM32F4xx_HAL_Driver/Src/stm32f4xx_hal_i2c.o
                0x080052d0                HAL_I2C_EV_IRQHandler
 .text.HAL_I2C_ER_IRQHandler
                0x08005576      0x13e ./Drivers/STM32F4xx_HAL_Driver/Src/stm32f4xx_hal_i2c.o
                0x08005576                HAL_I2C_ER_IRQHandler
 .text.HAL_I2C_MasterTxCpltCallback
                0x080056b4       0x14 ./Drivers/STM32F4xx_HAL_Driver/Src/stm32f4xx_hal_i2c.o
                0x080056b4                HAL_I2C_MasterTxCpltCallback
 .text.HAL_I2C_MasterRxCpltCallback
                0x080056c8       0x14 ./Drivers/STM32F4xx_HAL_Driver/Src/stm32f4xx_hal_i2c.o
                0x080056c8                HAL_I2C_MasterRxCpltCallback
 .text.HAL_I2C_SlaveTxCpltCallback
                0x080056dc       0x14 ./Drivers/STM32F4xx_HAL_Driver/Src/stm32f4xx_hal_i2c.o
                0x080056dc                HAL_I2C_SlaveTxCpltCallback
 .text.HAL_I2C_SlaveRxCpltCallback
                0x080056f0       0x14 ./Drivers/STM32F4xx_HAL_Driver/Src/stm32f4xx_hal_i2c.o
                0x080056f0                HAL_I2C_SlaveRxCpltCallback
 .text.HAL_I2C_AddrCallback
                0x08005704       0x1c ./Drivers/STM32F4xx_HAL_Driver/Src/stm32f4xx_hal_i2c.o
                0x08005704                HAL_I2C_AddrCallback
 .text.HAL_I2C_ListenCpltCallback
                0x08005720       0x14 ./Drivers/STM32F4xx_HAL_Driver/Src/stm32f4xx_hal_i2c.o
                0x08005720                HAL_I2C_ListenCpltCallback
 .text.HAL_I2C_MemTxCpltCallback
                0x08005734       0x14 ./Drivers/STM32F4xx_HAL_Driver/Src/stm32f4xx_hal_i2c.o
                0x08005734                HAL_I2C_MemTxCpltCallback
 .text.HAL_I2C_MemRxCpltCallback
                0x08005748       0x14 ./Drivers/STM32F4xx_HAL_Driver/Src/stm32f4xx_hal_i2c.o
                0x08005748                HAL_I2C_MemRxCpltCallback
 .text.HAL_I2C_ErrorCallback
                0x0800575c       0x14 ./Drivers/STM32F4xx_HAL_Driver/Src/stm32f4xx_hal_i2c.o
                0x0800575c                HAL_I2C_ErrorCallback
 .text.HAL_I2C_AbortCpltCallback
                0x08005770       0x14 ./Drivers/STM32F4xx_HAL_Driver/Src/stm32f4xx_hal_i2c.o
                0x08005770                HAL_I2C_AbortCpltCallback
 .text.I2C_MasterTransmit_TXE
                0x08005784      0x138 ./Drivers/STM32F4xx_HAL_Driver/Src/stm32f4xx_hal_i2c.o
 .text.I2C_MasterTransmit_BTF
                0x080058bc       0xec ./Drivers/STM32F4xx_HAL_Driver/Src/stm32f4xx_hal_i2c.o
 .text.I2C_MemoryTransmit_TXE_BTF
                0x080059a8      0x130 ./Drivers/STM32F4xx_HAL_Driver/Src/stm32f4xx_hal_i2c.o
 .text.I2C_MasterReceive_RXNE
                0x08005ad8      0x190 ./Drivers/STM32F4xx_HAL_Driver/Src/stm32f4xx_hal_i2c.o
 .text.I2C_MasterReceive_BTF
                0x08005c68      0x1e2 ./Drivers/STM32F4xx_HAL_Driver/Src/stm32f4xx_hal_i2c.o
 .text.I2C_Master_SB
                0x08005e4a      0x10c ./Drivers/STM32F4xx_HAL_Driver/Src/stm32f4xx_hal_i2c.o
 .text.I2C_Master_ADD10
                0x08005f56       0x54 ./Drivers/STM32F4xx_HAL_Driver/Src/stm32f4xx_hal_i2c.o
 .text.I2C_Master_ADDR
                0x08005faa      0x322 ./Drivers/STM32F4xx_HAL_Driver/Src/stm32f4xx_hal_i2c.o
 .text.I2C_SlaveTransmit_TXE
                0x080062cc       0x7a ./Drivers/STM32F4xx_HAL_Driver/Src/stm32f4xx_hal_i2c.o
 .text.I2C_SlaveTransmit_BTF
                0x08006346       0x42 ./Drivers/STM32F4xx_HAL_Driver/Src/stm32f4xx_hal_i2c.o
 .text.I2C_SlaveReceive_RXNE
                0x08006388       0x7c ./Drivers/STM32F4xx_HAL_Driver/Src/stm32f4xx_hal_i2c.o
 .text.I2C_SlaveReceive_BTF
                0x08006404       0x44 ./Drivers/STM32F4xx_HAL_Driver/Src/stm32f4xx_hal_i2c.o
 .text.I2C_Slave_ADDR
                0x08006448       0x90 ./Drivers/STM32F4xx_HAL_Driver/Src/stm32f4xx_hal_i2c.o
 .text.I2C_Slave_STOPF
                0x080064d8      0x260 ./Drivers/STM32F4xx_HAL_Driver/Src/stm32f4xx_hal_i2c.o
 .text.I2C_Slave_AF
                0x08006738       0xe8 ./Drivers/STM32F4xx_HAL_Driver/Src/stm32f4xx_hal_i2c.o
 .text.I2C_ITError
                0x08006820      0x264 ./Drivers/STM32F4xx_HAL_Driver/Src/stm32f4xx_hal_i2c.o
 .text.I2C_MasterRequestWrite
                0x08006a84      0x104 ./Drivers/STM32F4xx_HAL_Driver/Src/stm32f4xx_hal_i2c.o
 .text.I2C_MasterRequestRead
                0x08006b88      0x19c ./Drivers/STM32F4xx_HAL_Driver/Src/stm32f4xx_hal_i2c.o
 .text.I2C_DMAAbort
                0x08006d24      0x150 ./Drivers/STM32F4xx_HAL_Driver/Src/stm32f4xx_hal_i2c.o
 .text.I2C_WaitOnFlagUntilTimeout
                0x08006e74       0xf4 ./Drivers/STM32F4xx_HAL_Driver/Src/stm32f4xx_hal_i2c.o
 .text.I2C_WaitOnMasterAddressFlagUntilTimeout
                0x08006f68      0x140 ./Drivers/STM32F4xx_HAL_Driver/Src/stm32f4xx_hal_i2c.o
 .text.I2C_WaitOnTXEFlagUntilTimeout
                0x080070a8       0x90 ./Drivers/STM32F4xx_HAL_Driver/Src/stm32f4xx_hal_i2c.o
 .text.I2C_WaitOnBTFFlagUntilTimeout
                0x08007138       0x90 ./Drivers/STM32F4xx_HAL_Driver/Src/stm32f4xx_hal_i2c.o
 .text.I2C_WaitOnSTOPRequestThroughIT
                0x080071c8       0x64 ./Drivers/STM32F4xx_HAL_Driver/Src/stm32f4xx_hal_i2c.o
 .text.I2C_WaitOnRXNEFlagUntilTimeout
                0x0800722c       0xba ./Drivers/STM32F4xx_HAL_Driver/Src/stm32f4xx_hal_i2c.o
 .text.I2C_IsAcknowledgeFailed
                0x080072e6       0x5e ./Drivers/STM32F4xx_HAL_Driver/Src/stm32f4xx_hal_i2c.o
 .text.I2C_ConvertOtherXferOptions
                0x08007344       0x36 ./Drivers/STM32F4xx_HAL_Driver/Src/stm32f4xx_hal_i2c.o
 *fill*         0x0800737a        0x2 
 .text.HAL_RCC_OscConfig
                0x0800737c      0x4f0 ./Drivers/STM32F4xx_HAL_Driver/Src/stm32f4xx_hal_rcc.o
                0x0800737c                HAL_RCC_OscConfig
 .text.HAL_RCC_ClockConfig
                0x0800786c      0x1cc ./Drivers/STM32F4xx_HAL_Driver/Src/stm32f4xx_hal_rcc.o
                0x0800786c                HAL_RCC_ClockConfig
 .text.HAL_RCC_GetSysClockFreq
                0x08007a38      0x18c ./Drivers/STM32F4xx_HAL_Driver/Src/stm32f4xx_hal_rcc.o
                0x08007a38                HAL_RCC_GetSysClockFreq
 .text.HAL_RCC_GetHCLKFreq
                0x08007bc4       0x18 ./Drivers/STM32F4xx_HAL_Driver/Src/stm32f4xx_hal_rcc.o
                0x08007bc4                HAL_RCC_GetHCLKFreq
 .text.HAL_RCC_GetPCLK1Freq
                0x08007bdc       0x28 ./Drivers/STM32F4xx_HAL_Driver/Src/stm32f4xx_hal_rcc.o
                0x08007bdc                HAL_RCC_GetPCLK1Freq
 .text.HAL_RCC_GetPCLK2Freq
                0x08007c04       0x28 ./Drivers/STM32F4xx_HAL_Driver/Src/stm32f4xx_hal_rcc.o
                0x08007c04                HAL_RCC_GetPCLK2Freq
 .text.HAL_SPI_Init
                0x08007c2c      0x112 ./Drivers/STM32F4xx_HAL_Driver/Src/stm32f4xx_hal_spi.o
                0x08007c2c                HAL_SPI_Init
 .text.HAL_SPI_Transmit
                0x08007d3e      0x288 ./Drivers/STM32F4xx_HAL_Driver/Src/stm32f4xx_hal_spi.o
                0x08007d3e                HAL_SPI_Transmit
 .text.HAL_SPI_Receive
                0x08007fc6      0x232 ./Drivers/STM32F4xx_HAL_Driver/Src/stm32f4xx_hal_spi.o
                0x08007fc6                HAL_SPI_Receive
 .text.HAL_SPI_TransmitReceive
                0x080081f8      0x352 ./Drivers/STM32F4xx_HAL_Driver/Src/stm32f4xx_hal_spi.o
                0x080081f8                HAL_SPI_TransmitReceive
 *fill*         0x0800854a        0x2 
 .text.SPI_WaitFlagStateUntilTimeout
                0x0800854c      0x110 ./Drivers/STM32F4xx_HAL_Driver/Src/stm32f4xx_hal_spi.o
 .text.SPI_EndRxTransaction
                0x0800865c       0xca ./Drivers/STM32F4xx_HAL_Driver/Src/stm32f4xx_hal_spi.o
 *fill*         0x08008726        0x2 
 .text.SPI_EndRxTxTransaction
                0x08008728       0xa8 ./Drivers/STM32F4xx_HAL_Driver/Src/stm32f4xx_hal_spi.o
 .text.HAL_UART_Init
                0x080087d0       0xa0 ./Drivers/STM32F4xx_HAL_Driver/Src/stm32f4xx_hal_uart.o
                0x080087d0                HAL_UART_Init
 .text.HAL_UART_Receive_IT
                0x08008870       0x4a ./Drivers/STM32F4xx_HAL_Driver/Src/stm32f4xx_hal_uart.o
                0x08008870                HAL_UART_Receive_IT
 .text.HAL_UARTEx_ReceiveToIdle_DMA
                0x080088ba       0xb2 ./Drivers/STM32F4xx_HAL_Driver/Src/stm32f4xx_hal_uart.o
                0x080088ba                HAL_UARTEx_ReceiveToIdle_DMA
 .text.HAL_UART_IRQHandler
                0x0800896c      0x554 ./Drivers/STM32F4xx_HAL_Driver/Src/stm32f4xx_hal_uart.o
                0x0800896c                HAL_UART_IRQHandler
 .text.HAL_UART_TxCpltCallback
                0x08008ec0       0x14 ./Drivers/STM32F4xx_HAL_Driver/Src/stm32f4xx_hal_uart.o
                0x08008ec0                HAL_UART_TxCpltCallback
 .text.HAL_UART_RxHalfCpltCallback
                0x08008ed4       0x14 ./Drivers/STM32F4xx_HAL_Driver/Src/stm32f4xx_hal_uart.o
                0x08008ed4                HAL_UART_RxHalfCpltCallback
 .text.HAL_UART_ErrorCallback
                0x08008ee8       0x14 ./Drivers/STM32F4xx_HAL_Driver/Src/stm32f4xx_hal_uart.o
                0x08008ee8                HAL_UART_ErrorCallback
 .text.UART_DMAReceiveCplt
                0x08008efc      0x12c ./Drivers/STM32F4xx_HAL_Driver/Src/stm32f4xx_hal_uart.o
 .text.UART_DMARxHalfCplt
                0x08009028       0x3c ./Drivers/STM32F4xx_HAL_Driver/Src/stm32f4xx_hal_uart.o
 .text.UART_DMAError
                0x08009064       0x94 ./Drivers/STM32F4xx_HAL_Driver/Src/stm32f4xx_hal_uart.o
 .text.UART_Start_Receive_IT
                0x080090f8       0x74 ./Drivers/STM32F4xx_HAL_Driver/Src/stm32f4xx_hal_uart.o
                0x080090f8                UART_Start_Receive_IT
 .text.UART_Start_Receive_DMA
                0x0800916c      0x14c ./Drivers/STM32F4xx_HAL_Driver/Src/stm32f4xx_hal_uart.o
                0x0800916c                UART_Start_Receive_DMA
 .text.UART_EndTxTransfer
                0x080092b8       0x50 ./Drivers/STM32F4xx_HAL_Driver/Src/stm32f4xx_hal_uart.o
 .text.UART_EndRxTransfer
                0x08009308       0xc6 ./Drivers/STM32F4xx_HAL_Driver/Src/stm32f4xx_hal_uart.o
 .text.UART_DMAAbortOnError
                0x080093ce       0x22 ./Drivers/STM32F4xx_HAL_Driver/Src/stm32f4xx_hal_uart.o
 .text.UART_Transmit_IT
                0x080093f0       0xa0 ./Drivers/STM32F4xx_HAL_Driver/Src/stm32f4xx_hal_uart.o
 .text.UART_EndTransmit_IT
                0x08009490       0x30 ./Drivers/STM32F4xx_HAL_Driver/Src/stm32f4xx_hal_uart.o
 .text.UART_Receive_IT
                0x080094c0      0x17c ./Drivers/STM32F4xx_HAL_Driver/Src/stm32f4xx_hal_uart.o
 .text.UART_SetConfig
                0x0800963c      0x4e8 ./Drivers/STM32F4xx_HAL_Driver/Src/stm32f4xx_hal_uart.o
 .text.std      0x08009b24       0x6c C:/Users/Asus/Desktop/New folder (2)/STM32CubeIDE_1.16.0/STM32CubeIDE/plugins/com.st.stm32cube.ide.mcu.externaltools.gnu-tools-for-stm32.12.3.rel1.win32_1.0.200.202406191623/tools/bin/../lib/gcc/arm-none-eabi/12.3.1/../../../../arm-none-eabi/lib/thumb/v7e-m+fp/hard\libc_nano.a(libc_a-findfp.o)
 .text.stdio_exit_handler
                0x08009b90       0x18 C:/Users/Asus/Desktop/New folder (2)/STM32CubeIDE_1.16.0/STM32CubeIDE/plugins/com.st.stm32cube.ide.mcu.externaltools.gnu-tools-for-stm32.12.3.rel1.win32_1.0.200.202406191623/tools/bin/../lib/gcc/arm-none-eabi/12.3.1/../../../../arm-none-eabi/lib/thumb/v7e-m+fp/hard\libc_nano.a(libc_a-findfp.o)
 .text.cleanup_stdio
                0x08009ba8       0x40 C:/Users/Asus/Desktop/New folder (2)/STM32CubeIDE_1.16.0/STM32CubeIDE/plugins/com.st.stm32cube.ide.mcu.externaltools.gnu-tools-for-stm32.12.3.rel1.win32_1.0.200.202406191623/tools/bin/../lib/gcc/arm-none-eabi/12.3.1/../../../../arm-none-eabi/lib/thumb/v7e-m+fp/hard\libc_nano.a(libc_a-findfp.o)
 .text.global_stdio_init.part.0
                0x08009be8       0x3c C:/Users/Asus/Desktop/New folder (2)/STM32CubeIDE_1.16.0/STM32CubeIDE/plugins/com.st.stm32cube.ide.mcu.externaltools.gnu-tools-for-stm32.12.3.rel1.win32_1.0.200.202406191623/tools/bin/../lib/gcc/arm-none-eabi/12.3.1/../../../../arm-none-eabi/lib/thumb/v7e-m+fp/hard\libc_nano.a(libc_a-findfp.o)
 .text.__sfp_lock_acquire
                0x08009c24        0xc C:/Users/Asus/Desktop/New folder (2)/STM32CubeIDE_1.16.0/STM32CubeIDE/plugins/com.st.stm32cube.ide.mcu.externaltools.gnu-tools-for-stm32.12.3.rel1.win32_1.0.200.202406191623/tools/bin/../lib/gcc/arm-none-eabi/12.3.1/../../../../arm-none-eabi/lib/thumb/v7e-m+fp/hard\libc_nano.a(libc_a-findfp.o)
                0x08009c24                __sfp_lock_acquire
 .text.__sfp_lock_release
                0x08009c30        0xc C:/Users/Asus/Desktop/New folder (2)/STM32CubeIDE_1.16.0/STM32CubeIDE/plugins/com.st.stm32cube.ide.mcu.externaltools.gnu-tools-for-stm32.12.3.rel1.win32_1.0.200.202406191623/tools/bin/../lib/gcc/arm-none-eabi/12.3.1/../../../../arm-none-eabi/lib/thumb/v7e-m+fp/hard\libc_nano.a(libc_a-findfp.o)
                0x08009c30                __sfp_lock_release
 .text.__sinit  0x08009c3c       0x30 C:/Users/Asus/Desktop/New folder (2)/STM32CubeIDE_1.16.0/STM32CubeIDE/plugins/com.st.stm32cube.ide.mcu.externaltools.gnu-tools-for-stm32.12.3.rel1.win32_1.0.200.202406191623/tools/bin/../lib/gcc/arm-none-eabi/12.3.1/../../../../arm-none-eabi/lib/thumb/v7e-m+fp/hard\libc_nano.a(libc_a-findfp.o)
                0x08009c3c                __sinit
 .text._fwalk_sglue
                0x08009c6c       0x3c C:/Users/Asus/Desktop/New folder (2)/STM32CubeIDE_1.16.0/STM32CubeIDE/plugins/com.st.stm32cube.ide.mcu.externaltools.gnu-tools-for-stm32.12.3.rel1.win32_1.0.200.202406191623/tools/bin/../lib/gcc/arm-none-eabi/12.3.1/../../../../arm-none-eabi/lib/thumb/v7e-m+fp/hard\libc_nano.a(libc_a-fwalk.o)
                0x08009c6c                _fwalk_sglue
 .text.printf   0x08009ca8       0x24 C:/Users/Asus/Desktop/New folder (2)/STM32CubeIDE_1.16.0/STM32CubeIDE/plugins/com.st.stm32cube.ide.mcu.externaltools.gnu-tools-for-stm32.12.3.rel1.win32_1.0.200.202406191623/tools/bin/../lib/gcc/arm-none-eabi/12.3.1/../../../../arm-none-eabi/lib/thumb/v7e-m+fp/hard\libc_nano.a(libc_a-printf.o)
                0x08009ca8                iprintf
                0x08009ca8                printf
 .text._puts_r  0x08009ccc       0xaa C:/Users/Asus/Desktop/New folder (2)/STM32CubeIDE_1.16.0/STM32CubeIDE/plugins/com.st.stm32cube.ide.mcu.externaltools.gnu-tools-for-stm32.12.3.rel1.win32_1.0.200.202406191623/tools/bin/../lib/gcc/arm-none-eabi/12.3.1/../../../../arm-none-eabi/lib/thumb/v7e-m+fp/hard\libc_nano.a(libc_a-puts.o)
                0x08009ccc                _puts_r
 *fill*         0x08009d76        0x2 
 .text.puts     0x08009d78       0x10 C:/Users/Asus/Desktop/New folder (2)/STM32CubeIDE_1.16.0/STM32CubeIDE/plugins/com.st.stm32cube.ide.mcu.externaltools.gnu-tools-for-stm32.12.3.rel1.win32_1.0.200.202406191623/tools/bin/../lib/gcc/arm-none-eabi/12.3.1/../../../../arm-none-eabi/lib/thumb/v7e-m+fp/hard\libc_nano.a(libc_a-puts.o)
                0x08009d78                puts
 .text.__sread  0x08009d88       0x22 C:/Users/Asus/Desktop/New folder (2)/STM32CubeIDE_1.16.0/STM32CubeIDE/plugins/com.st.stm32cube.ide.mcu.externaltools.gnu-tools-for-stm32.12.3.rel1.win32_1.0.200.202406191623/tools/bin/../lib/gcc/arm-none-eabi/12.3.1/../../../../arm-none-eabi/lib/thumb/v7e-m+fp/hard\libc_nano.a(libc_a-stdio.o)
                0x08009d88                __sread
 .text.__swrite
                0x08009daa       0x38 C:/Users/Asus/Desktop/New folder (2)/STM32CubeIDE_1.16.0/STM32CubeIDE/plugins/com.st.stm32cube.ide.mcu.externaltools.gnu-tools-for-stm32.12.3.rel1.win32_1.0.200.202406191623/tools/bin/../lib/gcc/arm-none-eabi/12.3.1/../../../../arm-none-eabi/lib/thumb/v7e-m+fp/hard\libc_nano.a(libc_a-stdio.o)
                0x08009daa                __swrite
 .text.__sseek  0x08009de2       0x24 C:/Users/Asus/Desktop/New folder (2)/STM32CubeIDE_1.16.0/STM32CubeIDE/plugins/com.st.stm32cube.ide.mcu.externaltools.gnu-tools-for-stm32.12.3.rel1.win32_1.0.200.202406191623/tools/bin/../lib/gcc/arm-none-eabi/12.3.1/../../../../arm-none-eabi/lib/thumb/v7e-m+fp/hard\libc_nano.a(libc_a-stdio.o)
                0x08009de2                __sseek
 .text.__sclose
                0x08009e06        0x8 C:/Users/Asus/Desktop/New folder (2)/STM32CubeIDE_1.16.0/STM32CubeIDE/plugins/com.st.stm32cube.ide.mcu.externaltools.gnu-tools-for-stm32.12.3.rel1.win32_1.0.200.202406191623/tools/bin/../lib/gcc/arm-none-eabi/12.3.1/../../../../arm-none-eabi/lib/thumb/v7e-m+fp/hard\libc_nano.a(libc_a-stdio.o)
                0x08009e06                __sclose
 .text.__swbuf_r
                0x08009e0e       0x7c C:/Users/Asus/Desktop/New folder (2)/STM32CubeIDE_1.16.0/STM32CubeIDE/plugins/com.st.stm32cube.ide.mcu.externaltools.gnu-tools-for-stm32.12.3.rel1.win32_1.0.200.202406191623/tools/bin/../lib/gcc/arm-none-eabi/12.3.1/../../../../arm-none-eabi/lib/thumb/v7e-m+fp/hard\libc_nano.a(libc_a-wbuf.o)
                0x08009e0e                __swbuf_r
 *fill*         0x08009e8a        0x2 
 .text.__swsetup_r
                0x08009e8c       0xac C:/Users/Asus/Desktop/New folder (2)/STM32CubeIDE_1.16.0/STM32CubeIDE/plugins/com.st.stm32cube.ide.mcu.externaltools.gnu-tools-for-stm32.12.3.rel1.win32_1.0.200.202406191623/tools/bin/../lib/gcc/arm-none-eabi/12.3.1/../../../../arm-none-eabi/lib/thumb/v7e-m+fp/hard\libc_nano.a(libc_a-wsetup.o)
                0x08009e8c                __swsetup_r
 .text.memcmp   0x08009f38       0x20 C:/Users/Asus/Desktop/New folder (2)/STM32CubeIDE_1.16.0/STM32CubeIDE/plugins/com.st.stm32cube.ide.mcu.externaltools.gnu-tools-for-stm32.12.3.rel1.win32_1.0.200.202406191623/tools/bin/../lib/gcc/arm-none-eabi/12.3.1/../../../../arm-none-eabi/lib/thumb/v7e-m+fp/hard\libc_nano.a(libc_a-memcmp.o)
                0x08009f38                memcmp
 .text.memset   0x08009f58       0x10 C:/Users/Asus/Desktop/New folder (2)/STM32CubeIDE_1.16.0/STM32CubeIDE/plugins/com.st.stm32cube.ide.mcu.externaltools.gnu-tools-for-stm32.12.3.rel1.win32_1.0.200.202406191623/tools/bin/../lib/gcc/arm-none-eabi/12.3.1/../../../../arm-none-eabi/lib/thumb/v7e-m+fp/hard\libc_nano.a(libc_a-memset.o)
                0x08009f58                memset
 .text.strncmp  0x08009f68       0x24 C:/Users/Asus/Desktop/New folder (2)/STM32CubeIDE_1.16.0/STM32CubeIDE/plugins/com.st.stm32cube.ide.mcu.externaltools.gnu-tools-for-stm32.12.3.rel1.win32_1.0.200.202406191623/tools/bin/../lib/gcc/arm-none-eabi/12.3.1/../../../../arm-none-eabi/lib/thumb/v7e-m+fp/hard\libc_nano.a(libc_a-strncmp.o)
                0x08009f68                strncmp
 .text.strncpy  0x08009f8c       0x26 C:/Users/Asus/Desktop/New folder (2)/STM32CubeIDE_1.16.0/STM32CubeIDE/plugins/com.st.stm32cube.ide.mcu.externaltools.gnu-tools-for-stm32.12.3.rel1.win32_1.0.200.202406191623/tools/bin/../lib/gcc/arm-none-eabi/12.3.1/../../../../arm-none-eabi/lib/thumb/v7e-m+fp/hard\libc_nano.a(libc_a-strncpy.o)
                0x08009f8c                strncpy
 *fill*         0x08009fb2        0x2 
 .text.strtok   0x08009fb4       0x68 C:/Users/Asus/Desktop/New folder (2)/STM32CubeIDE_1.16.0/STM32CubeIDE/plugins/com.st.stm32cube.ide.mcu.externaltools.gnu-tools-for-stm32.12.3.rel1.win32_1.0.200.202406191623/tools/bin/../lib/gcc/arm-none-eabi/12.3.1/../../../../arm-none-eabi/lib/thumb/v7e-m+fp/hard\libc_nano.a(libc_a-strtok.o)
                0x08009fb4                strtok
 .text.__strtok_r
                0x0800a01c       0x50 C:/Users/Asus/Desktop/New folder (2)/STM32CubeIDE_1.16.0/STM32CubeIDE/plugins/com.st.stm32cube.ide.mcu.externaltools.gnu-tools-for-stm32.12.3.rel1.win32_1.0.200.202406191623/tools/bin/../lib/gcc/arm-none-eabi/12.3.1/../../../../arm-none-eabi/lib/thumb/v7e-m+fp/hard\libc_nano.a(libc_a-strtok_r.o)
                0x0800a01c                __strtok_r
 .text._close_r
                0x0800a06c       0x20 C:/Users/Asus/Desktop/New folder (2)/STM32CubeIDE_1.16.0/STM32CubeIDE/plugins/com.st.stm32cube.ide.mcu.externaltools.gnu-tools-for-stm32.12.3.rel1.win32_1.0.200.202406191623/tools/bin/../lib/gcc/arm-none-eabi/12.3.1/../../../../arm-none-eabi/lib/thumb/v7e-m+fp/hard\libc_nano.a(libc_a-closer.o)
                0x0800a06c                _close_r
 .text._lseek_r
                0x0800a08c       0x24 C:/Users/Asus/Desktop/New folder (2)/STM32CubeIDE_1.16.0/STM32CubeIDE/plugins/com.st.stm32cube.ide.mcu.externaltools.gnu-tools-for-stm32.12.3.rel1.win32_1.0.200.202406191623/tools/bin/../lib/gcc/arm-none-eabi/12.3.1/../../../../arm-none-eabi/lib/thumb/v7e-m+fp/hard\libc_nano.a(libc_a-lseekr.o)
                0x0800a08c                _lseek_r
 .text._read_r  0x0800a0b0       0x24 C:/Users/Asus/Desktop/New folder (2)/STM32CubeIDE_1.16.0/STM32CubeIDE/plugins/com.st.stm32cube.ide.mcu.externaltools.gnu-tools-for-stm32.12.3.rel1.win32_1.0.200.202406191623/tools/bin/../lib/gcc/arm-none-eabi/12.3.1/../../../../arm-none-eabi/lib/thumb/v7e-m+fp/hard\libc_nano.a(libc_a-readr.o)
                0x0800a0b0                _read_r
 .text._write_r
                0x0800a0d4       0x24 C:/Users/Asus/Desktop/New folder (2)/STM32CubeIDE_1.16.0/STM32CubeIDE/plugins/com.st.stm32cube.ide.mcu.externaltools.gnu-tools-for-stm32.12.3.rel1.win32_1.0.200.202406191623/tools/bin/../lib/gcc/arm-none-eabi/12.3.1/../../../../arm-none-eabi/lib/thumb/v7e-m+fp/hard\libc_nano.a(libc_a-writer.o)
                0x0800a0d4                _write_r
 .text.__errno  0x0800a0f8        0xc C:/Users/Asus/Desktop/New folder (2)/STM32CubeIDE_1.16.0/STM32CubeIDE/plugins/com.st.stm32cube.ide.mcu.externaltools.gnu-tools-for-stm32.12.3.rel1.win32_1.0.200.202406191623/tools/bin/../lib/gcc/arm-none-eabi/12.3.1/../../../../arm-none-eabi/lib/thumb/v7e-m+fp/hard\libc_nano.a(libc_a-errno.o)
                0x0800a0f8                __errno
 .text.__libc_init_array
                0x0800a104       0x48 C:/Users/Asus/Desktop/New folder (2)/STM32CubeIDE_1.16.0/STM32CubeIDE/plugins/com.st.stm32cube.ide.mcu.externaltools.gnu-tools-for-stm32.12.3.rel1.win32_1.0.200.202406191623/tools/bin/../lib/gcc/arm-none-eabi/12.3.1/../../../../arm-none-eabi/lib/thumb/v7e-m+fp/hard\libc_nano.a(libc_a-init.o)
                0x0800a104                __libc_init_array
 .text.__retarget_lock_init_recursive
                0x0800a14c        0x2 C:/Users/Asus/Desktop/New folder (2)/STM32CubeIDE_1.16.0/STM32CubeIDE/plugins/com.st.stm32cube.ide.mcu.externaltools.gnu-tools-for-stm32.12.3.rel1.win32_1.0.200.202406191623/tools/bin/../lib/gcc/arm-none-eabi/12.3.1/../../../../arm-none-eabi/lib/thumb/v7e-m+fp/hard\libc_nano.a(libc_a-lock.o)
                0x0800a14c                __retarget_lock_init_recursive
 .text.__retarget_lock_acquire_recursive
                0x0800a14e        0x2 C:/Users/Asus/Desktop/New folder (2)/STM32CubeIDE_1.16.0/STM32CubeIDE/plugins/com.st.stm32cube.ide.mcu.externaltools.gnu-tools-for-stm32.12.3.rel1.win32_1.0.200.202406191623/tools/bin/../lib/gcc/arm-none-eabi/12.3.1/../../../../arm-none-eabi/lib/thumb/v7e-m+fp/hard\libc_nano.a(libc_a-lock.o)
                0x0800a14e                __retarget_lock_acquire_recursive
 .text.__retarget_lock_release_recursive
                0x0800a150        0x2 C:/Users/Asus/Desktop/New folder (2)/STM32CubeIDE_1.16.0/STM32CubeIDE/plugins/com.st.stm32cube.ide.mcu.externaltools.gnu-tools-for-stm32.12.3.rel1.win32_1.0.200.202406191623/tools/bin/../lib/gcc/arm-none-eabi/12.3.1/../../../../arm-none-eabi/lib/thumb/v7e-m+fp/hard\libc_nano.a(libc_a-lock.o)
                0x0800a150                __retarget_lock_release_recursive
 .text.memcpy   0x0800a152       0x1c C:/Users/Asus/Desktop/New folder (2)/STM32CubeIDE_1.16.0/STM32CubeIDE/plugins/com.st.stm32cube.ide.mcu.externaltools.gnu-tools-for-stm32.12.3.rel1.win32_1.0.200.202406191623/tools/bin/../lib/gcc/arm-none-eabi/12.3.1/../../../../arm-none-eabi/lib/thumb/v7e-m+fp/hard\libc_nano.a(libc_a-memcpy-stub.o)
                0x0800a152                memcpy
 *fill*         0x0800a16e        0x2 
 .text.__assert_func
                0x0800a170       0x3c C:/Users/Asus/Desktop/New folder (2)/STM32CubeIDE_1.16.0/STM32CubeIDE/plugins/com.st.stm32cube.ide.mcu.externaltools.gnu-tools-for-stm32.12.3.rel1.win32_1.0.200.202406191623/tools/bin/../lib/gcc/arm-none-eabi/12.3.1/../../../../arm-none-eabi/lib/thumb/v7e-m+fp/hard\libc_nano.a(libc_a-assert.o)
                0x0800a170                __assert_func
 .text._free_r  0x0800a1ac       0x94 C:/Users/Asus/Desktop/New folder (2)/STM32CubeIDE_1.16.0/STM32CubeIDE/plugins/com.st.stm32cube.ide.mcu.externaltools.gnu-tools-for-stm32.12.3.rel1.win32_1.0.200.202406191623/tools/bin/../lib/gcc/arm-none-eabi/12.3.1/../../../../arm-none-eabi/lib/thumb/v7e-m+fp/hard\libc_nano.a(libc_a-freer.o)
                0x0800a1ac                _free_r
 .text.malloc   0x0800a240       0x10 C:/Users/Asus/Desktop/New folder (2)/STM32CubeIDE_1.16.0/STM32CubeIDE/plugins/com.st.stm32cube.ide.mcu.externaltools.gnu-tools-for-stm32.12.3.rel1.win32_1.0.200.202406191623/tools/bin/../lib/gcc/arm-none-eabi/12.3.1/../../../../arm-none-eabi/lib/thumb/v7e-m+fp/hard\libc_nano.a(libc_a-malloc.o)
                0x0800a240                malloc
 .text.sbrk_aligned
                0x0800a250       0x44 C:/Users/Asus/Desktop/New folder (2)/STM32CubeIDE_1.16.0/STM32CubeIDE/plugins/com.st.stm32cube.ide.mcu.externaltools.gnu-tools-for-stm32.12.3.rel1.win32_1.0.200.202406191623/tools/bin/../lib/gcc/arm-none-eabi/12.3.1/../../../../arm-none-eabi/lib/thumb/v7e-m+fp/hard\libc_nano.a(libc_a-mallocr.o)
 .text._malloc_r
                0x0800a294      0x100 C:/Users/Asus/Desktop/New folder (2)/STM32CubeIDE_1.16.0/STM32CubeIDE/plugins/com.st.stm32cube.ide.mcu.externaltools.gnu-tools-for-stm32.12.3.rel1.win32_1.0.200.202406191623/tools/bin/../lib/gcc/arm-none-eabi/12.3.1/../../../../arm-none-eabi/lib/thumb/v7e-m+fp/hard\libc_nano.a(libc_a-mallocr.o)
                0x0800a294                _malloc_r
 .text.__malloc_lock
                0x0800a394        0xc C:/Users/Asus/Desktop/New folder (2)/STM32CubeIDE_1.16.0/STM32CubeIDE/plugins/com.st.stm32cube.ide.mcu.externaltools.gnu-tools-for-stm32.12.3.rel1.win32_1.0.200.202406191623/tools/bin/../lib/gcc/arm-none-eabi/12.3.1/../../../../arm-none-eabi/lib/thumb/v7e-m+fp/hard\libc_nano.a(libc_a-mlock.o)
                0x0800a394                __malloc_lock
 .text.__malloc_unlock
                0x0800a3a0        0xc C:/Users/Asus/Desktop/New folder (2)/STM32CubeIDE_1.16.0/STM32CubeIDE/plugins/com.st.stm32cube.ide.mcu.externaltools.gnu-tools-for-stm32.12.3.rel1.win32_1.0.200.202406191623/tools/bin/../lib/gcc/arm-none-eabi/12.3.1/../../../../arm-none-eabi/lib/thumb/v7e-m+fp/hard\libc_nano.a(libc_a-mlock.o)
                0x0800a3a0                __malloc_unlock
 .text.__sfputc_r
                0x0800a3ac       0x2e C:/Users/Asus/Desktop/New folder (2)/STM32CubeIDE_1.16.0/STM32CubeIDE/plugins/com.st.stm32cube.ide.mcu.externaltools.gnu-tools-for-stm32.12.3.rel1.win32_1.0.200.202406191623/tools/bin/../lib/gcc/arm-none-eabi/12.3.1/../../../../arm-none-eabi/lib/thumb/v7e-m+fp/hard\libc_nano.a(libc_a-nano-vfprintf.o)
 .text.__sfputs_r
                0x0800a3da       0x24 C:/Users/Asus/Desktop/New folder (2)/STM32CubeIDE_1.16.0/STM32CubeIDE/plugins/com.st.stm32cube.ide.mcu.externaltools.gnu-tools-for-stm32.12.3.rel1.win32_1.0.200.202406191623/tools/bin/../lib/gcc/arm-none-eabi/12.3.1/../../../../arm-none-eabi/lib/thumb/v7e-m+fp/hard\libc_nano.a(libc_a-nano-vfprintf.o)
                0x0800a3da                __sfputs_r
 *fill*         0x0800a3fe        0x2 
 .text._vfprintf_r
                0x0800a400      0x230 C:/Users/Asus/Desktop/New folder (2)/STM32CubeIDE_1.16.0/STM32CubeIDE/plugins/com.st.stm32cube.ide.mcu.externaltools.gnu-tools-for-stm32.12.3.rel1.win32_1.0.200.202406191623/tools/bin/../lib/gcc/arm-none-eabi/12.3.1/../../../../arm-none-eabi/lib/thumb/v7e-m+fp/hard\libc_nano.a(libc_a-nano-vfprintf.o)
                0x0800a400                _vfprintf_r
                0x0800a400                _vfiprintf_r
 .text._printf_common
                0x0800a630       0xda C:/Users/Asus/Desktop/New folder (2)/STM32CubeIDE_1.16.0/STM32CubeIDE/plugins/com.st.stm32cube.ide.mcu.externaltools.gnu-tools-for-stm32.12.3.rel1.win32_1.0.200.202406191623/tools/bin/../lib/gcc/arm-none-eabi/12.3.1/../../../../arm-none-eabi/lib/thumb/v7e-m+fp/hard\libc_nano.a(libc_a-nano-vfprintf_i.o)
                0x0800a630                _printf_common
 *fill*         0x0800a70a        0x2 
 .text._printf_i
                0x0800a70c      0x240 C:/Users/Asus/Desktop/New folder (2)/STM32CubeIDE_1.16.0/STM32CubeIDE/plugins/com.st.stm32cube.ide.mcu.externaltools.gnu-tools-for-stm32.12.3.rel1.win32_1.0.200.202406191623/tools/bin/../lib/gcc/arm-none-eabi/12.3.1/../../../../arm-none-eabi/lib/thumb/v7e-m+fp/hard\libc_nano.a(libc_a-nano-vfprintf_i.o)
                0x0800a70c                _printf_i
 .text.__sflush_r
                0x0800a94c      0x108 C:/Users/Asus/Desktop/New folder (2)/STM32CubeIDE_1.16.0/STM32CubeIDE/plugins/com.st.stm32cube.ide.mcu.externaltools.gnu-tools-for-stm32.12.3.rel1.win32_1.0.200.202406191623/tools/bin/../lib/gcc/arm-none-eabi/12.3.1/../../../../arm-none-eabi/lib/thumb/v7e-m+fp/hard\libc_nano.a(libc_a-fflush.o)
                0x0800a94c                __sflush_r
 .text._fflush_r
                0x0800aa54       0x50 C:/Users/Asus/Desktop/New folder (2)/STM32CubeIDE_1.16.0/STM32CubeIDE/plugins/com.st.stm32cube.ide.mcu.externaltools.gnu-tools-for-stm32.12.3.rel1.win32_1.0.200.202406191623/tools/bin/../lib/gcc/arm-none-eabi/12.3.1/../../../../arm-none-eabi/lib/thumb/v7e-m+fp/hard\libc_nano.a(libc_a-fflush.o)
                0x0800aa54                _fflush_r
 .text.fprintf  0x0800aaa4       0x24 C:/Users/Asus/Desktop/New folder (2)/STM32CubeIDE_1.16.0/STM32CubeIDE/plugins/com.st.stm32cube.ide.mcu.externaltools.gnu-tools-for-stm32.12.3.rel1.win32_1.0.200.202406191623/tools/bin/../lib/gcc/arm-none-eabi/12.3.1/../../../../arm-none-eabi/lib/thumb/v7e-m+fp/hard\libc_nano.a(libc_a-fprintf.o)
                0x0800aaa4                fiprintf
                0x0800aaa4                fprintf
 .text.__swhatbuf_r
                0x0800aac8       0x4c C:/Users/Asus/Desktop/New folder (2)/STM32CubeIDE_1.16.0/STM32CubeIDE/plugins/com.st.stm32cube.ide.mcu.externaltools.gnu-tools-for-stm32.12.3.rel1.win32_1.0.200.202406191623/tools/bin/../lib/gcc/arm-none-eabi/12.3.1/../../../../arm-none-eabi/lib/thumb/v7e-m+fp/hard\libc_nano.a(libc_a-makebuf.o)
                0x0800aac8                __swhatbuf_r
 .text.__smakebuf_r
                0x0800ab14       0x78 C:/Users/Asus/Desktop/New folder (2)/STM32CubeIDE_1.16.0/STM32CubeIDE/plugins/com.st.stm32cube.ide.mcu.externaltools.gnu-tools-for-stm32.12.3.rel1.win32_1.0.200.202406191623/tools/bin/../lib/gcc/arm-none-eabi/12.3.1/../../../../arm-none-eabi/lib/thumb/v7e-m+fp/hard\libc_nano.a(libc_a-makebuf.o)
                0x0800ab14                __smakebuf_r
 .text._fstat_r
                0x0800ab8c       0x24 C:/Users/Asus/Desktop/New folder (2)/STM32CubeIDE_1.16.0/STM32CubeIDE/plugins/com.st.stm32cube.ide.mcu.externaltools.gnu-tools-for-stm32.12.3.rel1.win32_1.0.200.202406191623/tools/bin/../lib/gcc/arm-none-eabi/12.3.1/../../../../arm-none-eabi/lib/thumb/v7e-m+fp/hard\libc_nano.a(libc_a-fstatr.o)
                0x0800ab8c                _fstat_r
 .text._isatty_r
                0x0800abb0       0x20 C:/Users/Asus/Desktop/New folder (2)/STM32CubeIDE_1.16.0/STM32CubeIDE/plugins/com.st.stm32cube.ide.mcu.externaltools.gnu-tools-for-stm32.12.3.rel1.win32_1.0.200.202406191623/tools/bin/../lib/gcc/arm-none-eabi/12.3.1/../../../../arm-none-eabi/lib/thumb/v7e-m+fp/hard\libc_nano.a(libc_a-isattyr.o)
                0x0800abb0                _isatty_r
 .text._sbrk_r  0x0800abd0       0x20 C:/Users/Asus/Desktop/New folder (2)/STM32CubeIDE_1.16.0/STM32CubeIDE/plugins/com.st.stm32cube.ide.mcu.externaltools.gnu-tools-for-stm32.12.3.rel1.win32_1.0.200.202406191623/tools/bin/../lib/gcc/arm-none-eabi/12.3.1/../../../../arm-none-eabi/lib/thumb/v7e-m+fp/hard\libc_nano.a(libc_a-sbrkr.o)
                0x0800abd0                _sbrk_r
 .text.abort    0x0800abf0        0xe C:/Users/Asus/Desktop/New folder (2)/STM32CubeIDE_1.16.0/STM32CubeIDE/plugins/com.st.stm32cube.ide.mcu.externaltools.gnu-tools-for-stm32.12.3.rel1.win32_1.0.200.202406191623/tools/bin/../lib/gcc/arm-none-eabi/12.3.1/../../../../arm-none-eabi/lib/thumb/v7e-m+fp/hard\libc_nano.a(libc_a-abort.o)
                0x0800abf0                abort
 .text._raise_r
                0x0800abfe       0x50 C:/Users/Asus/Desktop/New folder (2)/STM32CubeIDE_1.16.0/STM32CubeIDE/plugins/com.st.stm32cube.ide.mcu.externaltools.gnu-tools-for-stm32.12.3.rel1.win32_1.0.200.202406191623/tools/bin/../lib/gcc/arm-none-eabi/12.3.1/../../../../arm-none-eabi/lib/thumb/v7e-m+fp/hard\libc_nano.a(libc_a-signal.o)
                0x0800abfe                _raise_r
 *fill*         0x0800ac4e        0x2 
 .text.raise    0x0800ac50       0x10 C:/Users/Asus/Desktop/New folder (2)/STM32CubeIDE_1.16.0/STM32CubeIDE/plugins/com.st.stm32cube.ide.mcu.externaltools.gnu-tools-for-stm32.12.3.rel1.win32_1.0.200.202406191623/tools/bin/../lib/gcc/arm-none-eabi/12.3.1/../../../../arm-none-eabi/lib/thumb/v7e-m+fp/hard\libc_nano.a(libc_a-signal.o)
                0x0800ac50                raise
 .text._kill_r  0x0800ac60       0x24 C:/Users/Asus/Desktop/New folder (2)/STM32CubeIDE_1.16.0/STM32CubeIDE/plugins/com.st.stm32cube.ide.mcu.externaltools.gnu-tools-for-stm32.12.3.rel1.win32_1.0.200.202406191623/tools/bin/../lib/gcc/arm-none-eabi/12.3.1/../../../../arm-none-eabi/lib/thumb/v7e-m+fp/hard\libc_nano.a(libc_a-signalr.o)
                0x0800ac60                _kill_r
 .text._getpid_r
                0x0800ac84        0x4 C:/Users/Asus/Desktop/New folder (2)/STM32CubeIDE_1.16.0/STM32CubeIDE/plugins/com.st.stm32cube.ide.mcu.externaltools.gnu-tools-for-stm32.12.3.rel1.win32_1.0.200.202406191623/tools/bin/../lib/gcc/arm-none-eabi/12.3.1/../../../../arm-none-eabi/lib/thumb/v7e-m+fp/hard\libc_nano.a(libc_a-signalr.o)
                0x0800ac84                _getpid_r
 *(.glue_7)
 .glue_7        0x0800ac88        0x0 linker stubs
 *(.glue_7t)
 .glue_7t       0x0800ac88        0x0 linker stubs
 *(.eh_frame)
 .eh_frame      0x0800ac88        0x0 C:/Users/Asus/Desktop/New folder (2)/STM32CubeIDE_1.16.0/STM32CubeIDE/plugins/com.st.stm32cube.ide.mcu.externaltools.gnu-tools-for-stm32.12.3.rel1.win32_1.0.200.202406191623/tools/bin/../lib/gcc/arm-none-eabi/12.3.1/thumb/v7e-m+fp/hard/crtbegin.o
 *(.init)
 .init          0x0800ac88        0x4 C:/Users/Asus/Desktop/New folder (2)/STM32CubeIDE_1.16.0/STM32CubeIDE/plugins/com.st.stm32cube.ide.mcu.externaltools.gnu-tools-for-stm32.12.3.rel1.win32_1.0.200.202406191623/tools/bin/../lib/gcc/arm-none-eabi/12.3.1/thumb/v7e-m+fp/hard/crti.o
                0x0800ac88                _init
 .init          0x0800ac8c        0x8 C:/Users/Asus/Desktop/New folder (2)/STM32CubeIDE_1.16.0/STM32CubeIDE/plugins/com.st.stm32cube.ide.mcu.externaltools.gnu-tools-for-stm32.12.3.rel1.win32_1.0.200.202406191623/tools/bin/../lib/gcc/arm-none-eabi/12.3.1/thumb/v7e-m+fp/hard/crtn.o
 *(.fini)
 .fini          0x0800ac94        0x4 C:/Users/Asus/Desktop/New folder (2)/STM32CubeIDE_1.16.0/STM32CubeIDE/plugins/com.st.stm32cube.ide.mcu.externaltools.gnu-tools-for-stm32.12.3.rel1.win32_1.0.200.202406191623/tools/bin/../lib/gcc/arm-none-eabi/12.3.1/thumb/v7e-m+fp/hard/crti.o
                0x0800ac94                _fini
 .fini          0x0800ac98        0x8 C:/Users/Asus/Desktop/New folder (2)/STM32CubeIDE_1.16.0/STM32CubeIDE/plugins/com.st.stm32cube.ide.mcu.externaltools.gnu-tools-for-stm32.12.3.rel1.win32_1.0.200.202406191623/tools/bin/../lib/gcc/arm-none-eabi/12.3.1/thumb/v7e-m+fp/hard/crtn.o
                0x0800aca0                        . = ALIGN (0x4)
                0x0800aca0                        _etext = .

.vfp11_veneer   0x0800aca0        0x0
 .vfp11_veneer  0x0800aca0        0x0 linker stubs

.v4_bx          0x0800aca0        0x0
 .v4_bx         0x0800aca0        0x0 linker stubs

.iplt           0x0800aca0        0x0
 .iplt          0x0800aca0        0x0 C:/Users/Asus/Desktop/New folder (2)/STM32CubeIDE_1.16.0/STM32CubeIDE/plugins/com.st.stm32cube.ide.mcu.externaltools.gnu-tools-for-stm32.12.3.rel1.win32_1.0.200.202406191623/tools/bin/../lib/gcc/arm-none-eabi/12.3.1/thumb/v7e-m+fp/hard/crtbegin.o

.rodata         0x0800aca0      0x358
                0x0800aca0                        . = ALIGN (0x4)
 *(.rodata)
 .rodata        0x0800aca0        0x3 ./Core/Src/Black_box/W25Q128.o
 *fill*         0x0800aca3        0x1 
 .rodata        0x0800aca4       0x13 ./Core/Src/GPS/app_gps.o
 *fill*         0x0800acb7        0x1 
 .rodata        0x0800acb8      0x1c0 ./Core/Src/VL53L1X/VL53L1X.o
 .rodata        0x0800ae78       0x20 ./Core/Src/main.o
 *(.rodata*)
 .rodata.registered_sensors_cnt
                0x0800ae98        0x4 ./Core/Src/VL53L1X/VL53L1X.o
                0x0800ae98                registered_sensors_cnt
 .rodata.VL51L1X_DEFAULT_CONFIGURATION
                0x0800ae9c       0x5b ./Core/Src/VL53L1X/VL53L1X_api.o
                0x0800ae9c                VL51L1X_DEFAULT_CONFIGURATION
 *fill*         0x0800aef7        0x1 
 .rodata.AHBPrescTable
                0x0800aef8       0x10 ./Core/Src/system_stm32f4xx.o
                0x0800aef8                AHBPrescTable
 .rodata.APBPrescTable
                0x0800af08        0x8 ./Core/Src/system_stm32f4xx.o
                0x0800af08                APBPrescTable
 .rodata.flagBitshiftOffset.0
                0x0800af10        0x8 ./Drivers/STM32F4xx_HAL_Driver/Src/stm32f4xx_hal_dma.o
 .rodata.strtok.str1.1
                0x0800af18       0x71 C:/Users/Asus/Desktop/New folder (2)/STM32CubeIDE_1.16.0/STM32CubeIDE/plugins/com.st.stm32cube.ide.mcu.externaltools.gnu-tools-for-stm32.12.3.rel1.win32_1.0.200.202406191623/tools/bin/../lib/gcc/arm-none-eabi/12.3.1/../../../../arm-none-eabi/lib/thumb/v7e-m+fp/hard\libc_nano.a(libc_a-strtok.o)
 .rodata.__assert_func.str1.1
                0x0800af89       0x3c C:/Users/Asus/Desktop/New folder (2)/STM32CubeIDE_1.16.0/STM32CubeIDE/plugins/com.st.stm32cube.ide.mcu.externaltools.gnu-tools-for-stm32.12.3.rel1.win32_1.0.200.202406191623/tools/bin/../lib/gcc/arm-none-eabi/12.3.1/../../../../arm-none-eabi/lib/thumb/v7e-m+fp/hard\libc_nano.a(libc_a-assert.o)
                                 0x3d (size before relaxing)
 .rodata._vfprintf_r.str1.1
                0x0800afc5       0x11 C:/Users/Asus/Desktop/New folder (2)/STM32CubeIDE_1.16.0/STM32CubeIDE/plugins/com.st.stm32cube.ide.mcu.externaltools.gnu-tools-for-stm32.12.3.rel1.win32_1.0.200.202406191623/tools/bin/../lib/gcc/arm-none-eabi/12.3.1/../../../../arm-none-eabi/lib/thumb/v7e-m+fp/hard\libc_nano.a(libc_a-nano-vfprintf.o)
 .rodata._printf_i.str1.1
                0x0800afd6       0x22 C:/Users/Asus/Desktop/New folder (2)/STM32CubeIDE_1.16.0/STM32CubeIDE/plugins/com.st.stm32cube.ide.mcu.externaltools.gnu-tools-for-stm32.12.3.rel1.win32_1.0.200.202406191623/tools/bin/../lib/gcc/arm-none-eabi/12.3.1/../../../../arm-none-eabi/lib/thumb/v7e-m+fp/hard\libc_nano.a(libc_a-nano-vfprintf_i.o)
                0x0800aff8                        . = ALIGN (0x4)

.ARM.extab      0x0800aff8        0x0
                0x0800aff8                        . = ALIGN (0x4)
 *(.ARM.extab* .gnu.linkonce.armextab.*)
                0x0800aff8                        . = ALIGN (0x4)

.ARM            0x0800aff8        0x8
                0x0800aff8                        . = ALIGN (0x4)
                0x0800aff8                        __exidx_start = .
 *(.ARM.exidx*)
 .ARM.exidx     0x0800aff8        0x8 C:/Users/Asus/Desktop/New folder (2)/STM32CubeIDE_1.16.0/STM32CubeIDE/plugins/com.st.stm32cube.ide.mcu.externaltools.gnu-tools-for-stm32.12.3.rel1.win32_1.0.200.202406191623/tools/bin/../lib/gcc/arm-none-eabi/12.3.1/../../../../arm-none-eabi/lib/thumb/v7e-m+fp/hard\libc_nano.a(libc_a-memchr.o)
 .ARM.exidx     0x0800b000        0x0 C:/Users/Asus/Desktop/New folder (2)/STM32CubeIDE_1.16.0/STM32CubeIDE/plugins/com.st.stm32cube.ide.mcu.externaltools.gnu-tools-for-stm32.12.3.rel1.win32_1.0.200.202406191623/tools/bin/../lib/gcc/arm-none-eabi/12.3.1/thumb/v7e-m+fp/hard\libgcc.a(_udivmoddi4.o)
                                  0x8 (size before relaxing)
                0x0800b000                        __exidx_end = .
                0x0800b000                        . = ALIGN (0x4)

.preinit_array  0x0800b000        0x0
                0x0800b000                        . = ALIGN (0x4)
                0x0800b000                        PROVIDE (__preinit_array_start = .)
 *(.preinit_array*)
                0x0800b000                        PROVIDE (__preinit_array_end = .)
                0x0800b000                        . = ALIGN (0x4)

.init_array     0x0800b000        0x4
                0x0800b000                        . = ALIGN (0x4)
                0x0800b000                        PROVIDE (__init_array_start = .)
 *(SORT_BY_NAME(.init_array.*))
 *(.init_array*)
 .init_array    0x0800b000        0x4 C:/Users/Asus/Desktop/New folder (2)/STM32CubeIDE_1.16.0/STM32CubeIDE/plugins/com.st.stm32cube.ide.mcu.externaltools.gnu-tools-for-stm32.12.3.rel1.win32_1.0.200.202406191623/tools/bin/../lib/gcc/arm-none-eabi/12.3.1/thumb/v7e-m+fp/hard/crtbegin.o
                0x0800b004                        PROVIDE (__init_array_end = .)
                0x0800b004                        . = ALIGN (0x4)

.fini_array     0x0800b004        0x4
                0x0800b004                        . = ALIGN (0x4)
                [!provide]                        PROVIDE (__fini_array_start = .)
 *(SORT_BY_NAME(.fini_array.*))
 *(.fini_array*)
 .fini_array    0x0800b004        0x4 C:/Users/Asus/Desktop/New folder (2)/STM32CubeIDE_1.16.0/STM32CubeIDE/plugins/com.st.stm32cube.ide.mcu.externaltools.gnu-tools-for-stm32.12.3.rel1.win32_1.0.200.202406191623/tools/bin/../lib/gcc/arm-none-eabi/12.3.1/thumb/v7e-m+fp/hard/crtbegin.o
                [!provide]                        PROVIDE (__fini_array_end = .)
                0x0800b008                        . = ALIGN (0x4)
                0x0800b008                        _sidata = LOADADDR (.data)

.rel.dyn        0x0800b008        0x0
 .rel.iplt      0x0800b008        0x0 C:/Users/Asus/Desktop/New folder (2)/STM32CubeIDE_1.16.0/STM32CubeIDE/plugins/com.st.stm32cube.ide.mcu.externaltools.gnu-tools-for-stm32.12.3.rel1.win32_1.0.200.202406191623/tools/bin/../lib/gcc/arm-none-eabi/12.3.1/thumb/v7e-m+fp/hard/crtbegin.o

.data           0x20000000       0x70 load address 0x0800b008
                0x20000000                        . = ALIGN (0x4)
                0x20000000                        _sdata = .
 *(.data)
 *(.data*)
 .data.tx_data  0x20000000        0x8 ./Core/Src/main.o
                0x20000000                tx_data
 .data.SystemCoreClock
                0x20000008        0x4 ./Core/Src/system_stm32f4xx.o
                0x20000008                SystemCoreClock
 .data.uwTickPrio
                0x2000000c        0x4 ./Drivers/STM32F4xx_HAL_Driver/Src/stm32f4xx_hal.o
                0x2000000c                uwTickPrio
 .data.uwTickFreq
                0x20000010        0x1 ./Drivers/STM32F4xx_HAL_Driver/Src/stm32f4xx_hal.o
                0x20000010                uwTickFreq
 *fill*         0x20000011        0x3 
 .data.__sglue  0x20000014        0xc C:/Users/Asus/Desktop/New folder (2)/STM32CubeIDE_1.16.0/STM32CubeIDE/plugins/com.st.stm32cube.ide.mcu.externaltools.gnu-tools-for-stm32.12.3.rel1.win32_1.0.200.202406191623/tools/bin/../lib/gcc/arm-none-eabi/12.3.1/../../../../arm-none-eabi/lib/thumb/v7e-m+fp/hard\libc_nano.a(libc_a-findfp.o)
                0x20000014                __sglue
 .data._impure_ptr
                0x20000020        0x4 C:/Users/Asus/Desktop/New folder (2)/STM32CubeIDE_1.16.0/STM32CubeIDE/plugins/com.st.stm32cube.ide.mcu.externaltools.gnu-tools-for-stm32.12.3.rel1.win32_1.0.200.202406191623/tools/bin/../lib/gcc/arm-none-eabi/12.3.1/../../../../arm-none-eabi/lib/thumb/v7e-m+fp/hard\libc_nano.a(libc_a-impure.o)
                0x20000020                _impure_ptr
 .data._impure_data
                0x20000024       0x4c C:/Users/Asus/Desktop/New folder (2)/STM32CubeIDE_1.16.0/STM32CubeIDE/plugins/com.st.stm32cube.ide.mcu.externaltools.gnu-tools-for-stm32.12.3.rel1.win32_1.0.200.202406191623/tools/bin/../lib/gcc/arm-none-eabi/12.3.1/../../../../arm-none-eabi/lib/thumb/v7e-m+fp/hard\libc_nano.a(libc_a-impure.o)
                0x20000024                _impure_data
 *(.RamFunc)
 *(.RamFunc*)
                0x20000070                        . = ALIGN (0x4)
                0x20000070                        _edata = .

.igot.plt       0x20000070        0x0 load address 0x0800b078
 .igot.plt      0x20000070        0x0 C:/Users/Asus/Desktop/New folder (2)/STM32CubeIDE_1.16.0/STM32CubeIDE/plugins/com.st.stm32cube.ide.mcu.externaltools.gnu-tools-for-stm32.12.3.rel1.win32_1.0.200.202406191623/tools/bin/../lib/gcc/arm-none-eabi/12.3.1/thumb/v7e-m+fp/hard/crtbegin.o
                0x20000070                        . = ALIGN (0x4)

.bss            0x20000070      0xa60 load address 0x0800b078
                0x20000070                        _sbss = .
                0x20000070                        __bss_start__ = _sbss
 *(.bss)
 .bss           0x20000070       0x1c C:/Users/Asus/Desktop/New folder (2)/STM32CubeIDE_1.16.0/STM32CubeIDE/plugins/com.st.stm32cube.ide.mcu.externaltools.gnu-tools-for-stm32.12.3.rel1.win32_1.0.200.202406191623/tools/bin/../lib/gcc/arm-none-eabi/12.3.1/thumb/v7e-m+fp/hard/crtbegin.o
 *(.bss*)
 .bss.bmp_dev   0x2000008c       0x34 ./Core/Src/BMP/app_bmp_280.o
 .bss.dev       0x200000c0       0x24 ./Core/Src/Black_box/W25Q128.o
 .bss.gps_data  0x200000e4       0xbd ./Core/Src/GPS/app_gps.o
 *fill*         0x200001a1        0x3 
 .bss.line_buf  0x200001a4       0x80 ./Core/Src/GPS/app_gps.o
 .bss.line_idx  0x20000224        0x2 ./Core/Src/GPS/app_gps.o
 *fill*         0x20000226        0x2 
 .bss.gps_huart
                0x20000228        0x4 ./Core/Src/GPS/gps.o
 .bss.dma_buf   0x2000022c       0x80 ./Core/Src/GPS/gps.o
 .bss.ring_buf  0x200002ac      0x200 ./Core/Src/GPS/gps.o
 .bss.ring_head
                0x200004ac        0x2 ./Core/Src/GPS/gps.o
 .bss.ring_tail
                0x200004ae        0x2 ./Core/Src/GPS/gps.o
 .bss.registered_sensors
                0x200004b0       0x28 ./Core/Src/VL53L1X/VL53L1X.o
                0x200004b0                registered_sensors
 .bss.vl53l1x_log_func
                0x200004d8        0x4 ./Core/Src/VL53L1X/VL53L1X.o
 .bss._I2CBuffer
                0x200004dc      0x100 ./Core/Src/VL53L1X/vl53l1_platform.o
                0x200004dc                _I2CBuffer
 .bss.test_rx   0x200005dc       0x10 ./Core/Src/main.o
                0x200005dc                test_rx
 .bss.bb        0x200005ec       0x14 ./Core/Src/main.o
                0x200005ec                bb
 .bss.rx_data   0x20000600       0x28 ./Core/Src/main.o
                0x20000600                rx_data
 .bss.info      0x20000628       0x11 ./Core/Src/main.o
                0x20000628                info
 .bss.bb_init_ok
                0x20000639        0x1 ./Core/Src/main.o
                0x20000639                bb_init_ok
 .bss.bb_log_ok
                0x2000063a        0x1 ./Core/Src/main.o
                0x2000063a                bb_log_ok
 .bss.bb_read_ok
                0x2000063b        0x1 ./Core/Src/main.o
                0x2000063b                bb_read_ok
 .bss.bb_all_ok
                0x2000063c        0x1 ./Core/Src/main.o
                0x2000063c                bb_all_ok
 *fill*         0x2000063d        0x3 
 .bss.next_addr
                0x20000640        0x4 ./Core/Src/main.o
                0x20000640                next_addr
 .bss.gps       0x20000644       0xbd ./Core/Src/main.o
                0x20000644                gps
 *fill*         0x20000701        0x1 
 .bss.d1        0x20000702        0x2 ./Core/Src/main.o
                0x20000702                d1
 .bss.MPU9250   0x20000704       0x58 ./Core/Src/main.o
                0x20000704                MPU9250
 .bss.bmp_data  0x2000075c        0xc ./Core/Src/main.o
                0x2000075c                bmp_data
 .bss.hi2c1     0x20000768       0x54 ./Core/Src/main.o
                0x20000768                hi2c1
 .bss.hspi1     0x200007bc       0x58 ./Core/Src/main.o
                0x200007bc                hspi1
 .bss.huart1    0x20000814       0x48 ./Core/Src/main.o
                0x20000814                huart1
 .bss.huart2    0x2000085c       0x48 ./Core/Src/main.o
                0x2000085c                huart2
 .bss.hdma_usart2_rx
                0x200008a4       0x60 ./Core/Src/main.o
                0x200008a4                hdma_usart2_rx
 .bss.__sbrk_heap_end
                0x20000904        0x4 ./Core/Src/sysmem.o
 .bss.mc7re     0x20000908       0x10 ./Core/Src/receive/mc7re.o
 .bss.buffer    0x20000918       0x64 ./Core/Src/receive/mc7re.o
 .bss.sbus_idx  0x2000097c        0x1 ./Core/Src/receive/mc7re.o
 .bss.rx_byte   0x2000097d        0x1 ./Core/Src/receive/mc7re.o
 *fill*         0x2000097e        0x2 
 .bss.uwTick    0x20000980        0x4 ./Drivers/STM32F4xx_HAL_Driver/Src/stm32f4xx_hal.o
                0x20000980                uwTick
 .bss.__sf      0x20000984      0x138 C:/Users/Asus/Desktop/New folder (2)/STM32CubeIDE_1.16.0/STM32CubeIDE/plugins/com.st.stm32cube.ide.mcu.externaltools.gnu-tools-for-stm32.12.3.rel1.win32_1.0.200.202406191623/tools/bin/../lib/gcc/arm-none-eabi/12.3.1/../../../../arm-none-eabi/lib/thumb/v7e-m+fp/hard\libc_nano.a(libc_a-findfp.o)
                0x20000984                __sf
 .bss.__stdio_exit_handler
                0x20000abc        0x4 C:/Users/Asus/Desktop/New folder (2)/STM32CubeIDE_1.16.0/STM32CubeIDE/plugins/com.st.stm32cube.ide.mcu.externaltools.gnu-tools-for-stm32.12.3.rel1.win32_1.0.200.202406191623/tools/bin/../lib/gcc/arm-none-eabi/12.3.1/../../../../arm-none-eabi/lib/thumb/v7e-m+fp/hard\libc_nano.a(libc_a-findfp.o)
                0x20000abc                __stdio_exit_handler
 .bss.errno     0x20000ac0        0x4 C:/Users/Asus/Desktop/New folder (2)/STM32CubeIDE_1.16.0/STM32CubeIDE/plugins/com.st.stm32cube.ide.mcu.externaltools.gnu-tools-for-stm32.12.3.rel1.win32_1.0.200.202406191623/tools/bin/../lib/gcc/arm-none-eabi/12.3.1/../../../../arm-none-eabi/lib/thumb/v7e-m+fp/hard\libc_nano.a(libc_a-reent.o)
                0x20000ac0                errno
 .bss.__lock___malloc_recursive_mutex
                0x20000ac4        0x1 C:/Users/Asus/Desktop/New folder (2)/STM32CubeIDE_1.16.0/STM32CubeIDE/plugins/com.st.stm32cube.ide.mcu.externaltools.gnu-tools-for-stm32.12.3.rel1.win32_1.0.200.202406191623/tools/bin/../lib/gcc/arm-none-eabi/12.3.1/../../../../arm-none-eabi/lib/thumb/v7e-m+fp/hard\libc_nano.a(libc_a-lock.o)
                0x20000ac4                __lock___malloc_recursive_mutex
 .bss.__lock___sfp_recursive_mutex
                0x20000ac5        0x1 C:/Users/Asus/Desktop/New folder (2)/STM32CubeIDE_1.16.0/STM32CubeIDE/plugins/com.st.stm32cube.ide.mcu.externaltools.gnu-tools-for-stm32.12.3.rel1.win32_1.0.200.202406191623/tools/bin/../lib/gcc/arm-none-eabi/12.3.1/../../../../arm-none-eabi/lib/thumb/v7e-m+fp/hard\libc_nano.a(libc_a-lock.o)
                0x20000ac5                __lock___sfp_recursive_mutex
 *fill*         0x20000ac6        0x2 
 .bss.__malloc_sbrk_start
                0x20000ac8        0x4 C:/Users/Asus/Desktop/New folder (2)/STM32CubeIDE_1.16.0/STM32CubeIDE/plugins/com.st.stm32cube.ide.mcu.externaltools.gnu-tools-for-stm32.12.3.rel1.win32_1.0.200.202406191623/tools/bin/../lib/gcc/arm-none-eabi/12.3.1/../../../../arm-none-eabi/lib/thumb/v7e-m+fp/hard\libc_nano.a(libc_a-mallocr.o)
                0x20000ac8                __malloc_sbrk_start
 .bss.__malloc_free_list
                0x20000acc        0x4 C:/Users/Asus/Desktop/New folder (2)/STM32CubeIDE_1.16.0/STM32CubeIDE/plugins/com.st.stm32cube.ide.mcu.externaltools.gnu-tools-for-stm32.12.3.rel1.win32_1.0.200.202406191623/tools/bin/../lib/gcc/arm-none-eabi/12.3.1/../../../../arm-none-eabi/lib/thumb/v7e-m+fp/hard\libc_nano.a(libc_a-mallocr.o)
                0x20000acc                __malloc_free_list
 *(COMMON)
                0x20000ad0                        . = ALIGN (0x4)
                0x20000ad0                        _ebss = .
                0x20000ad0                        __bss_end__ = _ebss

._user_heap_stack
                0x20000ad0      0x600 load address 0x0800b078
                0x20000ad0                        . = ALIGN (0x8)
                [!provide]                        PROVIDE (end = .)
                0x20000ad0                        PROVIDE (_end = .)
                0x20000cd0                        . = (. + _Min_Heap_Size)
 *fill*         0x20000ad0      0x200 
                0x200010d0                        . = (. + _Min_Stack_Size)
 *fill*         0x20000cd0      0x400 
                0x200010d0                        . = ALIGN (0x8)

/DISCARD/
 libc.a(*)
 libm.a(*)
 libgcc.a(*)

.ARM.attributes
                0x00000000       0x30
 *(.ARM.attributes)
 .ARM.attributes
                0x00000000       0x22 C:/Users/Asus/Desktop/New folder (2)/STM32CubeIDE_1.16.0/STM32CubeIDE/plugins/com.st.stm32cube.ide.mcu.externaltools.gnu-tools-for-stm32.12.3.rel1.win32_1.0.200.202406191623/tools/bin/../lib/gcc/arm-none-eabi/12.3.1/thumb/v7e-m+fp/hard/crti.o
 .ARM.attributes
                0x00000022       0x34 C:/Users/Asus/Desktop/New folder (2)/STM32CubeIDE_1.16.0/STM32CubeIDE/plugins/com.st.stm32cube.ide.mcu.externaltools.gnu-tools-for-stm32.12.3.rel1.win32_1.0.200.202406191623/tools/bin/../lib/gcc/arm-none-eabi/12.3.1/thumb/v7e-m+fp/hard/crtbegin.o
 .ARM.attributes
                0x00000056       0x34 ./Core/Src/BMP/BMP_280.o
 .ARM.attributes
                0x0000008a       0x34 ./Core/Src/BMP/app_bmp_280.o
 .ARM.attributes
                0x000000be       0x34 ./Core/Src/Black_box/W25Q128.o
 .ARM.attributes
                0x000000f2       0x34 ./Core/Src/Black_box/app_balckbox.o
 .ARM.attributes
                0x00000126       0x34 ./Core/Src/GPS/app_gps.o
 .ARM.attributes
                0x0000015a       0x34 ./Core/Src/GPS/gps.o
 .ARM.attributes
                0x0000018e       0x34 ./Core/Src/MPU9250/app_mpu.o
 .ARM.attributes
                0x000001c2       0x34 ./Core/Src/VL53L1X/VL53L1X.o
 .ARM.attributes
                0x000001f6       0x34 ./Core/Src/VL53L1X/VL53L1X_api.o
 .ARM.attributes
                0x0000022a       0x34 ./Core/Src/VL53L1X/vl53l1_platform.o
 .ARM.attributes
                0x0000025e       0x34 ./Core/Src/main.o
 .ARM.attributes
                0x00000292       0x34 ./Core/Src/stm32f4xx_hal_msp.o
 .ARM.attributes
                0x000002c6       0x34 ./Core/Src/stm32f4xx_it.o
 .ARM.attributes
                0x000002fa       0x34 ./Core/Src/syscalls.o
 .ARM.attributes
                0x0000032e       0x34 ./Core/Src/sysmem.o
 .ARM.attributes
                0x00000362       0x34 ./Core/Src/system_stm32f4xx.o
 .ARM.attributes
                0x00000396       0x34 ./Core/Src/receive/mc7re.o
 .ARM.attributes
                0x000003ca       0x21 ./Core/Startup/startup_stm32f401ccux.o
 .ARM.attributes
                0x000003eb       0x34 ./Drivers/STM32F4xx_HAL_Driver/Src/stm32f4xx_hal.o
 .ARM.attributes
                0x0000041f       0x34 ./Drivers/STM32F4xx_HAL_Driver/Src/stm32f4xx_hal_cortex.o
 .ARM.attributes
                0x00000453       0x34 ./Drivers/STM32F4xx_HAL_Driver/Src/stm32f4xx_hal_dma.o
 .ARM.attributes
                0x00000487       0x34 ./Drivers/STM32F4xx_HAL_Driver/Src/stm32f4xx_hal_gpio.o
 .ARM.attributes
                0x000004bb       0x34 ./Drivers/STM32F4xx_HAL_Driver/Src/stm32f4xx_hal_i2c.o
 .ARM.attributes
                0x000004ef       0x34 ./Drivers/STM32F4xx_HAL_Driver/Src/stm32f4xx_hal_rcc.o
 .ARM.attributes
                0x00000523       0x34 ./Drivers/STM32F4xx_HAL_Driver/Src/stm32f4xx_hal_spi.o
 .ARM.attributes
                0x00000557       0x34 ./Drivers/STM32F4xx_HAL_Driver/Src/stm32f4xx_hal_uart.o
 .ARM.attributes
                0x0000058b       0x34 C:/Users/Asus/Desktop/New folder (2)/STM32CubeIDE_1.16.0/STM32CubeIDE/plugins/com.st.stm32cube.ide.mcu.externaltools.gnu-tools-for-stm32.12.3.rel1.win32_1.0.200.202406191623/tools/bin/../lib/gcc/arm-none-eabi/12.3.1/../../../../arm-none-eabi/lib/thumb/v7e-m+fp/hard\libc_nano.a(libc_a-findfp.o)
 .ARM.attributes
                0x000005bf       0x34 C:/Users/Asus/Desktop/New folder (2)/STM32CubeIDE_1.16.0/STM32CubeIDE/plugins/com.st.stm32cube.ide.mcu.externaltools.gnu-tools-for-stm32.12.3.rel1.win32_1.0.200.202406191623/tools/bin/../lib/gcc/arm-none-eabi/12.3.1/../../../../arm-none-eabi/lib/thumb/v7e-m+fp/hard\libc_nano.a(libc_a-fwalk.o)
 .ARM.attributes
                0x000005f3       0x34 C:/Users/Asus/Desktop/New folder (2)/STM32CubeIDE_1.16.0/STM32CubeIDE/plugins/com.st.stm32cube.ide.mcu.externaltools.gnu-tools-for-stm32.12.3.rel1.win32_1.0.200.202406191623/tools/bin/../lib/gcc/arm-none-eabi/12.3.1/../../../../arm-none-eabi/lib/thumb/v7e-m+fp/hard\libc_nano.a(libc_a-printf.o)
 .ARM.attributes
                0x00000627       0x34 C:/Users/Asus/Desktop/New folder (2)/STM32CubeIDE_1.16.0/STM32CubeIDE/plugins/com.st.stm32cube.ide.mcu.externaltools.gnu-tools-for-stm32.12.3.rel1.win32_1.0.200.202406191623/tools/bin/../lib/gcc/arm-none-eabi/12.3.1/../../../../arm-none-eabi/lib/thumb/v7e-m+fp/hard\libc_nano.a(libc_a-puts.o)
 .ARM.attributes
                0x0000065b       0x34 C:/Users/Asus/Desktop/New folder (2)/STM32CubeIDE_1.16.0/STM32CubeIDE/plugins/com.st.stm32cube.ide.mcu.externaltools.gnu-tools-for-stm32.12.3.rel1.win32_1.0.200.202406191623/tools/bin/../lib/gcc/arm-none-eabi/12.3.1/../../../../arm-none-eabi/lib/thumb/v7e-m+fp/hard\libc_nano.a(libc_a-stdio.o)
 .ARM.attributes
                0x0000068f       0x34 C:/Users/Asus/Desktop/New folder (2)/STM32CubeIDE_1.16.0/STM32CubeIDE/plugins/com.st.stm32cube.ide.mcu.externaltools.gnu-tools-for-stm32.12.3.rel1.win32_1.0.200.202406191623/tools/bin/../lib/gcc/arm-none-eabi/12.3.1/../../../../arm-none-eabi/lib/thumb/v7e-m+fp/hard\libc_nano.a(libc_a-wbuf.o)
 .ARM.attributes
                0x000006c3       0x34 C:/Users/Asus/Desktop/New folder (2)/STM32CubeIDE_1.16.0/STM32CubeIDE/plugins/com.st.stm32cube.ide.mcu.externaltools.gnu-tools-for-stm32.12.3.rel1.win32_1.0.200.202406191623/tools/bin/../lib/gcc/arm-none-eabi/12.3.1/../../../../arm-none-eabi/lib/thumb/v7e-m+fp/hard\libc_nano.a(libc_a-wsetup.o)
 .ARM.attributes
                0x000006f7       0x34 C:/Users/Asus/Desktop/New folder (2)/STM32CubeIDE_1.16.0/STM32CubeIDE/plugins/com.st.stm32cube.ide.mcu.externaltools.gnu-tools-for-stm32.12.3.rel1.win32_1.0.200.202406191623/tools/bin/../lib/gcc/arm-none-eabi/12.3.1/../../../../arm-none-eabi/lib/thumb/v7e-m+fp/hard\libc_nano.a(libc_a-memcmp.o)
 .ARM.attributes
                0x0000072b       0x34 C:/Users/Asus/Desktop/New folder (2)/STM32CubeIDE_1.16.0/STM32CubeIDE/plugins/com.st.stm32cube.ide.mcu.externaltools.gnu-tools-for-stm32.12.3.rel1.win32_1.0.200.202406191623/tools/bin/../lib/gcc/arm-none-eabi/12.3.1/../../../../arm-none-eabi/lib/thumb/v7e-m+fp/hard\libc_nano.a(libc_a-memset.o)
 .ARM.attributes
                0x0000075f       0x34 C:/Users/Asus/Desktop/New folder (2)/STM32CubeIDE_1.16.0/STM32CubeIDE/plugins/com.st.stm32cube.ide.mcu.externaltools.gnu-tools-for-stm32.12.3.rel1.win32_1.0.200.202406191623/tools/bin/../lib/gcc/arm-none-eabi/12.3.1/../../../../arm-none-eabi/lib/thumb/v7e-m+fp/hard\libc_nano.a(libc_a-strncmp.o)
 .ARM.attributes
                0x00000793       0x34 C:/Users/Asus/Desktop/New folder (2)/STM32CubeIDE_1.16.0/STM32CubeIDE/plugins/com.st.stm32cube.ide.mcu.externaltools.gnu-tools-for-stm32.12.3.rel1.win32_1.0.200.202406191623/tools/bin/../lib/gcc/arm-none-eabi/12.3.1/../../../../arm-none-eabi/lib/thumb/v7e-m+fp/hard\libc_nano.a(libc_a-strncpy.o)
 .ARM.attributes
                0x000007c7       0x34 C:/Users/Asus/Desktop/New folder (2)/STM32CubeIDE_1.16.0/STM32CubeIDE/plugins/com.st.stm32cube.ide.mcu.externaltools.gnu-tools-for-stm32.12.3.rel1.win32_1.0.200.202406191623/tools/bin/../lib/gcc/arm-none-eabi/12.3.1/../../../../arm-none-eabi/lib/thumb/v7e-m+fp/hard\libc_nano.a(libc_a-strtok.o)
 .ARM.attributes
                0x000007fb       0x34 C:/Users/Asus/Desktop/New folder (2)/STM32CubeIDE_1.16.0/STM32CubeIDE/plugins/com.st.stm32cube.ide.mcu.externaltools.gnu-tools-for-stm32.12.3.rel1.win32_1.0.200.202406191623/tools/bin/../lib/gcc/arm-none-eabi/12.3.1/../../../../arm-none-eabi/lib/thumb/v7e-m+fp/hard\libc_nano.a(libc_a-strtok_r.o)
 .ARM.attributes
                0x0000082f       0x34 C:/Users/Asus/Desktop/New folder (2)/STM32CubeIDE_1.16.0/STM32CubeIDE/plugins/com.st.stm32cube.ide.mcu.externaltools.gnu-tools-for-stm32.12.3.rel1.win32_1.0.200.202406191623/tools/bin/../lib/gcc/arm-none-eabi/12.3.1/../../../../arm-none-eabi/lib/thumb/v7e-m+fp/hard\libc_nano.a(libc_a-closer.o)
 .ARM.attributes
                0x00000863       0x34 C:/Users/Asus/Desktop/New folder (2)/STM32CubeIDE_1.16.0/STM32CubeIDE/plugins/com.st.stm32cube.ide.mcu.externaltools.gnu-tools-for-stm32.12.3.rel1.win32_1.0.200.202406191623/tools/bin/../lib/gcc/arm-none-eabi/12.3.1/../../../../arm-none-eabi/lib/thumb/v7e-m+fp/hard\libc_nano.a(libc_a-reent.o)
 .ARM.attributes