../Core/Src/main.c:108:6:HAL_UARTEx_RxEventCallback	16	static
../Core/Src/main.c:121:5:main	40	static
../Core/Src/main.c:278:6:SystemClock_Config	88	static
../Core/Src/main.c:325:13:MX_I2C1_Init	8	static
../Core/Src/main.c:359:13:MX_SPI1_Init	8	static
../Core/Src/main.c:397:13:MX_TIM1_Init	96	static
../Core/Src/main.c:484:13:MX_USART1_UART_Init	8	static
../Core/Src/main.c:517:13:MX_USART2_UART_Init	8	static
../Core/Src/main.c:548:13:MX_DMA_Init	16	static
../Core/Src/main.c:566:13:MX_GPIO_Init	40	static
../Core/Src/main.c:626:6:Error_Handler	4	static,ignoring_inline_asm
