../Core/Src/main.c:97:6:HAL_UARTEx_RxEventCallback	16	static
../Core/Src/main.c:110:5:main	40	static
../Core/Src/main.c:212:6:SystemClock_Config	88	static
../Core/Src/main.c:259:13:MX_I2C1_Init	8	static
../Core/Src/main.c:293:13:MX_SPI1_Init	8	static
../Core/Src/main.c:331:13:MX_USART1_UART_Init	8	static
../Core/Src/main.c:364:13:MX_USART2_UART_Init	8	static
../Core/Src/main.c:395:13:MX_DMA_Init	16	static
../Core/Src/main.c:413:13:MX_GPIO_Init	40	static
../Core/Src/main.c:473:6:Error_Handler	4	static,ignoring_inline_asm
