../Core/Src/Black_box/W25Q128.c:13:13:W25_CS_Low	8	static
../Core/Src/Black_box/W25Q128.c:18:13:W25_CS_High	8	static
../Core/Src/Black_box/W25Q128.c:23:21:W25_Tx	24	static
../Core/Src/Black_box/W25Q128.c:31:21:W25_Rx	24	static
../Core/Src/Black_box/W25Q128.c:39:21:W25_TxRx	40	static
../Core/Src/Black_box/W25Q128.c:47:14:W25_Init	16	static
../Core/Src/Black_box/W25Q128.c:84:21:W25_ReadJEDEC_ID	32	static
../Core/Src/Black_box/W25Q128.c:108:9:W25_ReadStatus1	16	static
../Core/Src/Black_box/W25Q128.c:125:9:W25_ReadStatus2	16	static
../Core/Src/Black_box/W25Q128.c:142:9:W25_ReadStatus3	16	static
../Core/Src/Black_box/W25Q128.c:159:14:W25_WriteEnable	16	static
../Core/Src/Black_box/W25Q128.c:178:14:W25_WaitBusy	24	static
../Core/Src/Black_box/W25Q128.c:194:14:W25_ChipErase	16	static
../Core/Src/Black_box/W25Q128.c:215:14:W25_Read	32	static
../Core/Src/Black_box/W25Q128.c:247:14:W25_PageProgram	32	static
../Core/Src/Black_box/W25Q128.c:290:14:W25_Write	40	static
../Core/Src/Black_box/W25Q128.c:331:14:W25_ReadByte	16	static
../Core/Src/Black_box/W25Q128.c:336:14:W25_WriteByte	16	static
../Core/Src/Black_box/W25Q128.c:342:14:W25_FindFirstEmpty	32	static
../Core/Src/Black_box/W25Q128.c:373:14:W25_AppendRecord	40	static
